Archive member included to satisfy reference by file (symbol)

/Applications/STM32CubeIDE.app/Contents/Eclipse/plugins/com.st.stm32cube.ide.mcu.externaltools.gnu-tools-for-stm32.9-2020-q2-update.macos64_2.0.0.202105311346/tools/bin/../lib/gcc/arm-none-eabi/9.3.1/../../../../arm-none-eabi/lib/thumb/v7-m/nofp/libc_nano.a(lib_a-errno.o)
                              ./Core/Src/syscalls.o (__errno)
/Applications/STM32CubeIDE.app/Contents/Eclipse/plugins/com.st.stm32cube.ide.mcu.externaltools.gnu-tools-for-stm32.9-2020-q2-update.macos64_2.0.0.202105311346/tools/bin/../lib/gcc/arm-none-eabi/9.3.1/../../../../arm-none-eabi/lib/thumb/v7-m/nofp/libc_nano.a(lib_a-exit.o)
                              /Applications/STM32CubeIDE.app/Contents/Eclipse/plugins/com.st.stm32cube.ide.mcu.externaltools.gnu-tools-for-stm32.9-2020-q2-update.macos64_2.0.0.202105311346/tools/bin/../lib/gcc/arm-none-eabi/9.3.1/../../../../arm-none-eabi/lib/thumb/v7-m/nofp/crt0.o (exit)
/Applications/STM32CubeIDE.app/Contents/Eclipse/plugins/com.st.stm32cube.ide.mcu.externaltools.gnu-tools-for-stm32.9-2020-q2-update.macos64_2.0.0.202105311346/tools/bin/../lib/gcc/arm-none-eabi/9.3.1/../../../../arm-none-eabi/lib/thumb/v7-m/nofp/libc_nano.a(lib_a-impure.o)
                              /Applications/STM32CubeIDE.app/Contents/Eclipse/plugins/com.st.stm32cube.ide.mcu.externaltools.gnu-tools-for-stm32.9-2020-q2-update.macos64_2.0.0.202105311346/tools/bin/../lib/gcc/arm-none-eabi/9.3.1/../../../../arm-none-eabi/lib/thumb/v7-m/nofp/libc_nano.a(lib_a-exit.o) (_global_impure_ptr)
/Applications/STM32CubeIDE.app/Contents/Eclipse/plugins/com.st.stm32cube.ide.mcu.externaltools.gnu-tools-for-stm32.9-2020-q2-update.macos64_2.0.0.202105311346/tools/bin/../lib/gcc/arm-none-eabi/9.3.1/../../../../arm-none-eabi/lib/thumb/v7-m/nofp/libc_nano.a(lib_a-init.o)
                              /Applications/STM32CubeIDE.app/Contents/Eclipse/plugins/com.st.stm32cube.ide.mcu.externaltools.gnu-tools-for-stm32.9-2020-q2-update.macos64_2.0.0.202105311346/tools/bin/../lib/gcc/arm-none-eabi/9.3.1/../../../../arm-none-eabi/lib/thumb/v7-m/nofp/crt0.o (__libc_init_array)
/Applications/STM32CubeIDE.app/Contents/Eclipse/plugins/com.st.stm32cube.ide.mcu.externaltools.gnu-tools-for-stm32.9-2020-q2-update.macos64_2.0.0.202105311346/tools/bin/../lib/gcc/arm-none-eabi/9.3.1/../../../../arm-none-eabi/lib/thumb/v7-m/nofp/libc_nano.a(lib_a-memset.o)
                              /Applications/STM32CubeIDE.app/Contents/Eclipse/plugins/com.st.stm32cube.ide.mcu.externaltools.gnu-tools-for-stm32.9-2020-q2-update.macos64_2.0.0.202105311346/tools/bin/../lib/gcc/arm-none-eabi/9.3.1/../../../../arm-none-eabi/lib/thumb/v7-m/nofp/crt0.o (memset)
/Applications/STM32CubeIDE.app/Contents/Eclipse/plugins/com.st.stm32cube.ide.mcu.externaltools.gnu-tools-for-stm32.9-2020-q2-update.macos64_2.0.0.202105311346/tools/bin/../lib/gcc/arm-none-eabi/9.3.1/../../../../arm-none-eabi/lib/thumb/v7-m/nofp/libc_nano.a(lib_a-sprintf.o)
                              ./Core/Src/main.o (sprintf)
/Applications/STM32CubeIDE.app/Contents/Eclipse/plugins/com.st.stm32cube.ide.mcu.externaltools.gnu-tools-for-stm32.9-2020-q2-update.macos64_2.0.0.202105311346/tools/bin/../lib/gcc/arm-none-eabi/9.3.1/../../../../arm-none-eabi/lib/thumb/v7-m/nofp/libc_nano.a(lib_a-strlen.o)
                              ./Core/Src/main.o (strlen)
/Applications/STM32CubeIDE.app/Contents/Eclipse/plugins/com.st.stm32cube.ide.mcu.externaltools.gnu-tools-for-stm32.9-2020-q2-update.macos64_2.0.0.202105311346/tools/bin/../lib/gcc/arm-none-eabi/9.3.1/../../../../arm-none-eabi/lib/thumb/v7-m/nofp/libc_nano.a(lib_a-nano-svfprintf.o)
                              /Applications/STM32CubeIDE.app/Contents/Eclipse/plugins/com.st.stm32cube.ide.mcu.externaltools.gnu-tools-for-stm32.9-2020-q2-update.macos64_2.0.0.202105311346/tools/bin/../lib/gcc/arm-none-eabi/9.3.1/../../../../arm-none-eabi/lib/thumb/v7-m/nofp/libc_nano.a(lib_a-sprintf.o) (_svfprintf_r)
/Applications/STM32CubeIDE.app/Contents/Eclipse/plugins/com.st.stm32cube.ide.mcu.externaltools.gnu-tools-for-stm32.9-2020-q2-update.macos64_2.0.0.202105311346/tools/bin/../lib/gcc/arm-none-eabi/9.3.1/../../../../arm-none-eabi/lib/thumb/v7-m/nofp/libc_nano.a(lib_a-nano-vfprintf_i.o)
                              /Applications/STM32CubeIDE.app/Contents/Eclipse/plugins/com.st.stm32cube.ide.mcu.externaltools.gnu-tools-for-stm32.9-2020-q2-update.macos64_2.0.0.202105311346/tools/bin/../lib/gcc/arm-none-eabi/9.3.1/../../../../arm-none-eabi/lib/thumb/v7-m/nofp/libc_nano.a(lib_a-nano-svfprintf.o) (_printf_i)
/Applications/STM32CubeIDE.app/Contents/Eclipse/plugins/com.st.stm32cube.ide.mcu.externaltools.gnu-tools-for-stm32.9-2020-q2-update.macos64_2.0.0.202105311346/tools/bin/../lib/gcc/arm-none-eabi/9.3.1/../../../../arm-none-eabi/lib/thumb/v7-m/nofp/libc_nano.a(lib_a-memchr-stub.o)
[...]
Memory Configuration

Name             Origin             Length             Attributes
RAM              0x0000000020000000 0x0000000000005000 xrw
FLASH            0x0000000008000000 0x0000000000010000 xr
*default*        0x0000000000000000 0xffffffffffffffff

Linker script and memory map

LOAD /Applications/STM32CubeIDE.app/Contents/Eclipse/plugins/com.st.stm32cube.ide.mcu.externaltools.gnu-tools-for-stm32.9-2020-q2-update.macos64_2.0.0.202105311346/tools/bin/../lib/gcc/arm-none-eabi/9.3.1/thumb/v7-m/nofp/crti.o
LOAD /Applications/STM32CubeIDE.app/Contents/Eclipse/plugins/com.st.stm32cube.ide.mcu.externaltools.gnu-tools-for-stm32.9-2020-q2-update.macos64_2.0.0.202105311346/tools/bin/../lib/gcc/arm-none-eabi/9.3.1/thumb/v7-m/nofp/crtbegin.o
LOAD /Applications/STM32CubeIDE.app/Contents/Eclipse/plugins/com.st.stm32cube.ide.mcu.externaltools.gnu-tools-for-stm32.9-2020-q2-update.macos64_2.0.0.202105311346/tools/bin/../lib/gcc/arm-none-eabi/9.3.1/../../../../arm-none-eabi/lib/thumb/v7-m/nofp/crt0.o
LOAD ./Core/Src/gpio.o
LOAD ./Core/Src/main.o
LOAD ./Core/Src/max7219.o
LOAD ./Core/Src/rtc.o
LOAD ./Core/Src/spi.o
LOAD ./Core/Src/stm32f1xx_hal_msp.o
LOAD ./Core/Src/stm32f1xx_it.o
LOAD ./Core/Src/syscalls.o
LOAD ./Core/Src/sysmem.o
LOAD ./Core/Src/system_stm32f1xx.o
LOAD ./Core/Src/tim.o
LOAD ./Core/Src/usart.o
LOAD ./Core/Startup/startup_stm32f103c8tx.o
LOAD ./Drivers/STM32F1xx_HAL_Driver/Src/stm32f1xx_hal.o
LOAD ./Drivers/STM32F1xx_HAL_Driver/Src/stm32f1xx_hal_cortex.o
LOAD ./Drivers/STM32F1xx_HAL_Driver/Src/stm32f1xx_hal_dma.o
LOAD ./Drivers/STM32F1xx_HAL_Driver/Src/stm32f1xx_hal_exti.o
LOAD ./Drivers/STM32F1xx_HAL_Driver/Src/stm32f1xx_hal_flash.o
LOAD ./Drivers/STM32F1xx_HAL_Driver/Src/stm32f1xx_hal_flash_ex.o
LOAD ./Drivers/STM32F1xx_HAL_Driver/Src/stm32f1xx_hal_gpio.o
LOAD ./Drivers/STM32F1xx_HAL_Driver/Src/stm32f1xx_hal_gpio_ex.o
LOAD ./Drivers/STM32F1xx_HAL_Driver/Src/stm32f1xx_hal_pwr.o
LOAD ./Drivers/STM32F1xx_HAL_Driver/Src/stm32f1xx_hal_rcc.o
LOAD ./Drivers/STM32F1xx_HAL_Driver/Src/stm32f1xx_hal_rcc_ex.o
LOAD ./Drivers/STM32F1xx_HAL_Driver/Src/stm32f1xx_hal_rtc.o
LOAD ./Drivers/STM32F1xx_HAL_Driver/Src/stm32f1xx_hal_rtc_ex.o
LOAD ./Drivers/STM32F1xx_HAL_Driver/Src/stm32f1xx_hal_spi.o
LOAD ./Drivers/STM32F1xx_HAL_Driver/Src/stm32f1xx_hal_tim.o
LOAD ./Drivers/STM32F1xx_HAL_Driver/Src/stm32f1xx_hal_tim_ex.o
LOAD ./Drivers/STM32F1xx_HAL_Driver/Src/stm32f1xx_hal_uart.o
START GROUP
LOAD /Applications/STM32CubeIDE.app/Contents/Eclipse/plugins/com.st.stm32cube.ide.mcu.externaltools.gnu-tools-for-stm32.9-2020-q2-update.macos64_2.0.0.202105311346/tools/bin/../lib/gcc/arm-none-eabi/9.3.1/../../../../arm-none-eabi/lib/thumb/v7-m/nofp/libstdc++_nano.a
LOAD /Applications/STM32CubeIDE.app/Contents/Eclipse/plugins/com.st.stm32cube.ide.mcu.externaltools.gnu-tools-for-stm32.9-2020-q2-update.macos64_2.0.0.202105311346/tools/bin/../lib/gcc/arm-none-eabi/9.3.1/../../../../arm-none-eabi/lib/thumb/v7-m/nofp/libsupc++_nano.a
END GROUP
LOAD /Applications/STM32CubeIDE.app/Contents/Eclipse/plugins/com.st.stm32cube.ide.mcu.externaltools.gnu-tools-for-stm32.9-2020-q2-update.macos64_2.0.0.202105311346/tools/bin/../lib/gcc/arm-none-eabi/9.3.1/../../../../arm-none-eabi/lib/thumb/v7-m/nofp/libstdc++_nano.a
LOAD /Applications/STM32CubeIDE.app/Contents/Eclipse/plugins/com.st.stm32cube.ide.mcu.externaltools.gnu-tools-for-stm32.9-2020-q2-update.macos64_2.0.0.202105311346/tools/bin/../lib/gcc/arm-none-eabi/9.3.1/../../../../arm-none-eabi/lib/thumb/v7-m/nofp/libm.a
LOAD /Applications/STM32CubeIDE.app/Contents/Eclipse/plugins/com.st.stm32cube.ide.mcu.externaltools.gnu-tools-for-stm32.9-2020-q2-update.macos64_2.0.0.202105311346/tools/bin/../lib/gcc/arm-none-eabi/9.3.1/../../../../arm-none-eabi/lib/thumb/v7-m/nofp/libc_nano.a
START GROUP
LOAD /Applications/STM32CubeIDE.app/Contents/Eclipse/plugins/com.st.stm32cube.ide.mcu.externaltools.gnu-tools-for-stm32.9-2020-q2-update.macos64_2.0.0.202105311346/tools/bin/../lib/gcc/arm-none-eabi/9.3.1/thumb/v7-m/nofp/libgcc.a
LOAD /Applications/STM32CubeIDE.app/Contents/Eclipse/plugins/com.st.stm32cube.ide.mcu.externaltools.gnu-tools-for-stm32.9-2020-q2-update.macos64_2.0.0.202105311346/tools/bin/../lib/gcc/arm-none-eabi/9.3.1/../../../../arm-none-eabi/lib/thumb/v7-m/nofp/libc_nano.a
END GROUP
START GROUP
LOAD /Applications/STM32CubeIDE.app/Contents/Eclipse/plugins/com.st.stm32cube.ide.mcu.externaltools.gnu-tools-for-stm32.9-2020-q2-update.macos64_2.0.0.202105311346/tools/bin/../lib/gcc/arm-none-eabi/9.3.1/thumb/v7-m/nofp/libgcc.a
LOAD /Applications/STM32CubeIDE.app/Contents/Eclipse/plugins/com.st.stm32cube.ide.mcu.externaltools.gnu-tools-for-stm32.9-2020-q2-update.macos64_2.0.0.202105311346/tools/bin/../lib/gcc/arm-none-eabi/9.3.1/../../../../arm-none-eabi/lib/thumb/v7-m/nofp/libc_nano.a
LOAD /Applications/STM32CubeIDE.app/Contents/Eclipse/plugins/com.st.stm32cube.ide.mcu.externaltools.gnu-tools-for-stm32.9-2020-q2-update.macos64_2.0.0.202105311346/tools/bin/../lib/gcc/arm-none-eabi/9.3.1/../../../../arm-none-eabi/lib/thumb/v7-m/nofp/libnosys.a
END GROUP
START GROUP
LOAD /Applications/STM32CubeIDE.app/Contents/Eclipse/plugins/com.st.stm32cube.ide.mcu.externaltools.gnu-tools-for-stm32.9-2020-q2-update.macos64_2.0.0.202105311346/tools/bin/../lib/gcc/arm-none-eabi/9.3.1/thumb/v7-m/nofp/libgcc.a
LOAD /Applications/STM32CubeIDE.app/Contents/Eclipse/plugins/com.st.stm32cube.ide.mcu.externaltools.gnu-tools-for-stm32.9-2020-q2-update.macos64_2.0.0.202105311346/tools/bin/../lib/gcc/arm-none-eabi/9.3.1/../../../../arm-none-eabi/lib/thumb/v7-m/nofp/libc_nano.a
LOAD /Applications/STM32CubeIDE.app/Contents/Eclipse/plugins/com.st.stm32cube.ide.mcu.externaltools.gnu-tools-for-stm32.9-2020-q2-update.macos64_2.0.0.202105311346/tools/bin/../lib/gcc/arm-none-eabi/9.3.1/../../../../arm-none-eabi/lib/thumb/v7-m/nofp/libnosys.a
END GROUP
LOAD /Applications/STM32CubeIDE.app/Contents/Eclipse/plugins/com.st.stm32cube.ide.mcu.externaltools.gnu-tools-for-stm32.9-2020-q2-update.macos64_2.0.0.202105311346/tools/bin/../lib/gcc/arm-none-eabi/9.3.1/thumb/v7-m/nofp/crtend.o
LOAD /Applications/STM32CubeIDE.app/Contents/Eclipse/plugins/com.st.stm32cube.ide.mcu.externaltools.gnu-tools-for-stm32.9-2020-q2-update.macos64_2.0.0.202105311346/tools/bin/../lib/gcc/arm-none-eabi/9.3.1/thumb/v7-m/nofp/crtn.o
                0x0000000020005000                _estack = (ORIGIN (RAM) + LENGTH (RAM))
                0x0000000000000200                _Min_Heap_Size = 0x200
                0x0000000000000400                _Min_Stack_Size = 0x400

.isr_vector     0x0000000008000000      0x10c
                0x0000000008000000                . = ALIGN (0x4)
 *(.isr_vector)
 .isr_vector    0x0000000008000000      0x10c ./Core/Startup/startup_stm32f103c8tx.o
                0x0000000008000000                g_pfnVectors
                0x000000000800010c                . = ALIGN (0x4)

.text           0x000000000800010c     0x5500
                0x000000000800010c                . = ALIGN (0x4)
 *(.text)
 .text          0x000000000800010c       0x40 /Applications/STM32CubeIDE.app/Contents/Eclipse/plugins/com.st.stm32cube.ide.mcu.externaltools.gnu-tools-for-stm32.9-2020-q2-update.macos64_2.0.0.202105311346/tools/bin/../lib/gcc/arm-none-eabi/9.3.1/thumb/v7-m/nofp/crtbegin.o
 .text          0x000000000800014c       0x10 /Applications/STM32CubeIDE.app/Contents/Eclipse/plugins/com.st.stm32cube.ide.mcu.externaltools.gnu-tools-for-stm32.9-2020-q2-update.macos64_2.0.0.202105311346/tools/bin/../lib/gcc/arm-none-eabi/9.3.1/../../../../arm-none-eabi/lib/thumb/v7-m/nofp/libc_nano.a(lib_a-strlen.o)
                0x000000000800014c                strlen
 *(.text*)
 .text.MX_GPIO_Init
                0x000000000800015c      0x150 ./Core/Src/gpio.o
                0x000000000800015c                MX_GPIO_Init
 .text.main     0x00000000080002ac       0xec ./Core/Src/main.o
                0x00000000080002ac                main
 .text.SystemClock_Config
                0x0000000008000398       0xb2 ./Core/Src/main.o
                0x0000000008000398                SystemClock_Config
 *fill*         0x000000000800044a        0x2 
 .text.disable_exti
                0x000000000800044c       0x34 ./Core/Src/main.o
                0x000000000800044c                disable_exti
 .text.enable_exti
                0x0000000008000480       0x50 ./Core/Src/main.o
                0x0000000008000480                enable_exti
 .text.send_iot_status
                0x00000000080004d0       0x80 ./Core/Src/main.o
                0x00000000080004d0                send_iot_status
 .text.display_menu
                0x0000000008000550       0xb8 ./Core/Src/main.o
                0x0000000008000550                display_menu
 .text.setting_menu_loop
                0x0000000008000608       0x84 ./Core/Src/main.o
                0x0000000008000608                setting_menu_loop
 .text.store_credit_eeprom
                0x000000000800068c       0x32 ./Core/Src/main.o
                0x000000000800068c                store_credit_eeprom
 *fill*         0x00000000080006be        0x2 
 .text.eeprom_write
                0x00000000080006c0       0xac ./Core/Src/main.o
                0x00000000080006c0                eeprom_write
 .text.set_add_duration_of_function
                0x000000000800076c      0x130 ./Core/Src/main.o
                0x000000000800076c                set_add_duration_of_function
 .text.set_substract_duration_of_function
                0x000000000800089c      0x130 ./Core/Src/main.o
                0x000000000800089c                set_substract_duration_of_function
 .text.segment_display_function_settings
                0x00000000080009cc       0x4c ./Core/Src/main.o
                0x00000000080009cc                segment_display_function_settings
 .text.HAL_TIM_PeriodElapsedCallback
                0x0000000008000a18      0x100 ./Core/Src/main.o
                0x0000000008000a18                HAL_TIM_PeriodElapsedCallback
 .text.get_function_duration
                0x0000000008000b18       0x80 ./Core/Src/main.o
                0x0000000008000b18                get_function_duration
 .text.reset_all_state
                0x0000000008000b98       0x78 ./Core/Src/main.o
                0x0000000008000b98                reset_all_state
 .text.decrease_credit
                0x0000000008000c10       0xd0 ./Core/Src/main.o
                0x0000000008000c10                decrease_credit
 .text.do_1sec_tick
                0x0000000008000ce0       0xc8 ./Core/Src/main.o
                0x0000000008000ce0                do_1sec_tick
 .text.do_500ms_tick
                0x0000000008000da8        0xc ./Core/Src/main.o
                0x0000000008000da8                do_500ms_tick
 .text.do_200ms_tick
                0x0000000008000db4       0x44 ./Core/Src/main.o
                0x0000000008000db4                do_200ms_tick
 .text.do_300ms_tick
                0x0000000008000df8       0x28 ./Core/Src/main.o
                0x0000000008000df8                do_300ms_tick
 .text.do_400ms_tick
                0x0000000008000e20       0x74 ./Core/Src/main.o
                0x0000000008000e20                do_400ms_tick
 .text.init_display
                0x0000000008000e94       0x1c ./Core/Src/main.o
                0x0000000008000e94                init_display
 .text.reset_all_pins
                0x0000000008000eb0       0xcc ./Core/Src/main.o
                0x0000000008000eb0                reset_all_pins
 .text.set_output_to
                0x0000000008000f7c      0x134 ./Core/Src/main.o
                0x0000000008000f7c                set_output_to
 .text.do_operation
                0x00000000080010b0       0x38 ./Core/Src/main.o
                0x00000000080010b0                do_operation
 .text.read_button
                0x00000000080010e8      0x1d4 ./Core/Src/main.o
                0x00000000080010e8                read_button
 .text.segment_display_int
                0x00000000080012bc       0x54 ./Core/Src/main.o
                0x00000000080012bc                segment_display_int
 .text.segment_display_standby
                0x0000000008001310       0xf8 ./Core/Src/main.o
                0x0000000008001310                segment_display_standby
 .text.add_bank_note_credit
                0x0000000008001408      0x114 ./Core/Src/main.o
                0x0000000008001408                add_bank_note_credit
 .text.add_coin_credit
                0x000000000800151c       0xe0 ./Core/Src/main.o
                0x000000000800151c                add_coin_credit
 .text.read_credit_eeprom
                0x00000000080015fc       0x3c ./Core/Src/main.o
                0x00000000080015fc                read_credit_eeprom
 .text.read_settings_from_eeprom
                0x0000000008001638      0x298 ./Core/Src/main.o
                0x0000000008001638                read_settings_from_eeprom
 .text.HAL_GPIO_EXTI_Callback
                0x00000000080018d0       0x84 ./Core/Src/main.o
                0x00000000080018d0                HAL_GPIO_EXTI_Callback
 .text.Error_Handler
                0x0000000008001954        0xa ./Core/Src/main.o
                0x0000000008001954                Error_Handler
 .text.max7219_Init
                0x000000000800195e       0x32 ./Core/Src/max7219.o
                0x000000000800195e                max7219_Init
 .text.max7219_SetIntensivity
                0x0000000008001990       0x24 ./Core/Src/max7219.o
                0x0000000008001990                max7219_SetIntensivity
 .text.max7219_DisableDisplayTest
                0x00000000080019b4       0x10 ./Core/Src/max7219.o
                0x00000000080019b4                max7219_DisableDisplayTest
 .text.max7219_Clean
                0x00000000080019c4       0x48 ./Core/Src/max7219.o
                0x00000000080019c4                max7219_Clean
 .text.max7219_SendData
                0x0000000008001a0c       0x54 ./Core/Src/max7219.o
                0x0000000008001a0c                max7219_SendData
 .text.max7219_Turn_On
                0x0000000008001a60       0x14 ./Core/Src/max7219.o
                0x0000000008001a60                max7219_Turn_On
 .text.max7219_Turn_Off
                0x0000000008001a74       0x14 ./Core/Src/max7219.o
                0x0000000008001a74                max7219_Turn_Off
 .text.max7219_Decode_On
                0x0000000008001a88       0x20 ./Core/Src/max7219.o
                0x0000000008001a88                max7219_Decode_On
 .text.max7219_PrintDigit
                0x0000000008001aa8       0xb4 ./Core/Src/max7219.o
                0x0000000008001aa8                max7219_PrintDigit
 .text.max7219_PrintItos
                0x0000000008001b5c       0xf4 ./Core/Src/max7219.o
                0x0000000008001b5c                max7219_PrintItos
 .text.getSymbol
                0x0000000008001c50       0x20 ./Core/Src/max7219.o
 .text.MX_RTC_Init
                0x0000000008001c70       0x94 ./Core/Src/rtc.o
                0x0000000008001c70                MX_RTC_Init
 .text.HAL_RTC_MspInit
                0x0000000008001d04       0x48 ./Core/Src/rtc.o
                0x0000000008001d04                HAL_RTC_MspInit
 .text.MX_SPI2_Init
                0x0000000008001d4c       0x6c ./Core/Src/spi.o
                0x0000000008001d4c                MX_SPI2_Init
 .text.HAL_SPI_MspInit
                0x0000000008001db8       0x80 ./Core/Src/spi.o
                0x0000000008001db8                HAL_SPI_MspInit
 .text.HAL_MspInit
                0x0000000008001e38       0x64 ./Core/Src/stm32f1xx_hal_msp.o
                0x0000000008001e38                HAL_MspInit
 .text.NMI_Handler
                0x0000000008001e9c        0x6 ./Core/Src/stm32f1xx_it.o
                0x0000000008001e9c                NMI_Handler
 .text.HardFault_Handler
                0x0000000008001ea2        0x6 ./Core/Src/stm32f1xx_it.o
                0x0000000008001ea2                HardFault_Handler
 .text.MemManage_Handler
                0x0000000008001ea8        0x6 ./Core/Src/stm32f1xx_it.o
                0x0000000008001ea8                MemManage_Handler
 .text.BusFault_Handler
                0x0000000008001eae        0x6 ./Core/Src/stm32f1xx_it.o
                0x0000000008001eae                BusFault_Handler
 .text.UsageFault_Handler
                0x0000000008001eb4        0x6 ./Core/Src/stm32f1xx_it.o
                0x0000000008001eb4                UsageFault_Handler
 .text.SVC_Handler
                0x0000000008001eba        0xc ./Core/Src/stm32f1xx_it.o
                0x0000000008001eba                SVC_Handler
 .text.DebugMon_Handler
                0x0000000008001ec6        0xc ./Core/Src/stm32f1xx_it.o
                0x0000000008001ec6                DebugMon_Handler
 .text.PendSV_Handler
                0x0000000008001ed2        0xc ./Core/Src/stm32f1xx_it.o
                0x0000000008001ed2                PendSV_Handler
 .text.SysTick_Handler
                0x0000000008001ede        0xc ./Core/Src/stm32f1xx_it.o
                0x0000000008001ede                SysTick_Handler
 .text.EXTI4_IRQHandler
                0x0000000008001eea        0xe ./Core/Src/stm32f1xx_it.o
                0x0000000008001eea                EXTI4_IRQHandler
 .text.EXTI9_5_IRQHandler
                0x0000000008001ef8        0xe ./Core/Src/stm32f1xx_it.o
                0x0000000008001ef8                EXTI9_5_IRQHandler
 *fill*         0x0000000008001f06        0x2 
 .text.TIM2_IRQHandler
                0x0000000008001f08       0x14 ./Core/Src/stm32f1xx_it.o
                0x0000000008001f08                TIM2_IRQHandler
 .text._sbrk    0x0000000008001f1c       0x6c ./Core/Src/sysmem.o
                0x0000000008001f1c                _sbrk
 .text.SystemInit
                0x0000000008001f88        0xc ./Core/Src/system_stm32f1xx.o
                0x0000000008001f88                SystemInit
 .text.MX_TIM2_Init
                0x0000000008001f94       0x98 ./Core/Src/tim.o
                0x0000000008001f94                MX_TIM2_Init
 .text.HAL_TIM_Base_MspInit
                0x000000000800202c       0x48 ./Core/Src/tim.o
                0x000000000800202c                HAL_TIM_Base_MspInit
 .text.MX_USART1_UART_Init
                0x0000000008002074       0x54 ./Core/Src/usart.o
                0x0000000008002074                MX_USART1_UART_Init
 .text.MX_USART3_UART_Init
                0x00000000080020c8       0x54 ./Core/Src/usart.o
                0x00000000080020c8                MX_USART3_UART_Init
 .text.HAL_UART_MspInit
                0x000000000800211c      0x110 ./Core/Src/usart.o
                0x000000000800211c                HAL_UART_MspInit
 .text.Reset_Handler
                0x000000000800222c       0x48 ./Core/Startup/startup_stm32f103c8tx.o
                0x000000000800222c                Reset_Handler
 .text.Default_Handler
                0x0000000008002274        0x2 ./Core/Startup/startup_stm32f103c8tx.o
                0x0000000008002274                USBWakeUp_IRQHandler
                0x0000000008002274                EXTI2_IRQHandler
                0x0000000008002274                TIM1_CC_IRQHandler
                0x0000000008002274                PVD_IRQHandler
                0x0000000008002274                EXTI3_IRQHandler
                0x0000000008002274                EXTI0_IRQHandler
                0x0000000008002274                I2C2_EV_IRQHandler
                0x0000000008002274                ADC1_2_IRQHandler
                0x0000000008002274                SPI1_IRQHandler
                0x0000000008002274                TAMPER_IRQHandler
                0x0000000008002274                DMA1_Channel4_IRQHandler
                0x0000000008002274                USART3_IRQHandler
                0x0000000008002274                RTC_IRQHandler
                0x0000000008002274                DMA1_Channel7_IRQHandler
                0x0000000008002274                CAN1_RX1_IRQHandler
                0x0000000008002274                TIM4_IRQHandler
                0x0000000008002274                I2C1_EV_IRQHandler
                0x0000000008002274                DMA1_Channel6_IRQHandler
                0x0000000008002274                TIM3_IRQHandler
                0x0000000008002274                RCC_IRQHandler
                0x0000000008002274                TIM1_TRG_COM_IRQHandler
                0x0000000008002274                DMA1_Channel1_IRQHandler
                0x0000000008002274                Default_Handler
                0x0000000008002274                EXTI15_10_IRQHandler
                0x0000000008002274                SPI2_IRQHandler
                0x0000000008002274                DMA1_Channel5_IRQHandler
                0x0000000008002274                USB_LP_CAN1_RX0_IRQHandler
                0x0000000008002274                USB_HP_CAN1_TX_IRQHandler
                0x0000000008002274                DMA1_Channel3_IRQHandler
                0x0000000008002274                TIM1_UP_IRQHandler
                0x0000000008002274                WWDG_IRQHandler
                0x0000000008002274                TIM1_BRK_IRQHandler
                0x0000000008002274                EXTI1_IRQHandler
                0x0000000008002274                USART2_IRQHandler
                0x0000000008002274                I2C2_ER_IRQHandler
                0x0000000008002274                DMA1_Channel2_IRQHandler
                0x0000000008002274                CAN1_SCE_IRQHandler
                0x0000000008002274                FLASH_IRQHandler
                0x0000000008002274                USART1_IRQHandler
                0x0000000008002274                I2C1_ER_IRQHandler
                0x0000000008002274                RTC_Alarm_IRQHandler
 *fill*         0x0000000008002276        0x2 
 .text.HAL_Init
                0x0000000008002278       0x2c ./Drivers/STM32F1xx_HAL_Driver/Src/stm32f1xx_hal.o
                0x0000000008002278                HAL_Init
 .text.HAL_InitTick
                0x00000000080022a4       0x60 ./Drivers/STM32F1xx_HAL_Driver/Src/stm32f1xx_hal.o
                0x00000000080022a4                HAL_InitTick
 .text.HAL_IncTick
                0x0000000008002304       0x24 ./Drivers/STM32F1xx_HAL_Driver/Src/stm32f1xx_hal.o
                0x0000000008002304                HAL_IncTick
 .text.HAL_GetTick
                0x0000000008002328       0x14 ./Drivers/STM32F1xx_HAL_Driver/Src/stm32f1xx_hal.o
                0x0000000008002328                HAL_GetTick
 .text.HAL_Delay
                0x000000000800233c       0x48 ./Drivers/STM32F1xx_HAL_Driver/Src/stm32f1xx_hal.o
                0x000000000800233c                HAL_Delay
 .text.__NVIC_SetPriorityGrouping
                0x0000000008002384       0x48 ./Drivers/STM32F1xx_HAL_Driver/Src/stm32f1xx_hal_cortex.o
 .text.__NVIC_GetPriorityGrouping
                0x00000000080023cc       0x1c ./Drivers/STM32F1xx_HAL_Driver/Src/stm32f1xx_hal_cortex.o
 .text.__NVIC_EnableIRQ
                0x00000000080023e8       0x38 ./Drivers/STM32F1xx_HAL_Driver/Src/stm32f1xx_hal_cortex.o
 .text.__NVIC_DisableIRQ
                0x0000000008002420       0x48 ./Drivers/STM32F1xx_HAL_Driver/Src/stm32f1xx_hal_cortex.o
 .text.__NVIC_ClearPendingIRQ
                0x0000000008002468       0x3c ./Drivers/STM32F1xx_HAL_Driver/Src/stm32f1xx_hal_cortex.o
 .text.__NVIC_SetPriority
                0x00000000080024a4       0x54 ./Drivers/STM32F1xx_HAL_Driver/Src/stm32f1xx_hal_cortex.o
 .text.NVIC_EncodePriority
                0x00000000080024f8       0x64 ./Drivers/STM32F1xx_HAL_Driver/Src/stm32f1xx_hal_cortex.o
 .text.SysTick_Config
                0x000000000800255c       0x44 ./Drivers/STM32F1xx_HAL_Driver/Src/stm32f1xx_hal_cortex.o
 .text.HAL_NVIC_SetPriorityGrouping
                0x00000000080025a0       0x16 ./Drivers/STM32F1xx_HAL_Driver/Src/stm32f1xx_hal_cortex.o
                0x00000000080025a0                HAL_NVIC_SetPriorityGrouping
 .text.HAL_NVIC_SetPriority
                0x00000000080025b6       0x38 ./Drivers/STM32F1xx_HAL_Driver/Src/stm32f1xx_hal_cortex.o
                0x00000000080025b6                HAL_NVIC_SetPriority
 .text.HAL_NVIC_EnableIRQ
                0x00000000080025ee       0x1c ./Drivers/STM32F1xx_HAL_Driver/Src/stm32f1xx_hal_cortex.o
                0x00000000080025ee                HAL_NVIC_EnableIRQ
 .text.HAL_NVIC_DisableIRQ
                0x000000000800260a       0x1c ./Drivers/STM32F1xx_HAL_Driver/Src/stm32f1xx_hal_cortex.o
                0x000000000800260a                HAL_NVIC_DisableIRQ
 .text.HAL_SYSTICK_Config
                0x0000000008002626       0x18 ./Drivers/STM32F1xx_HAL_Driver/Src/stm32f1xx_hal_cortex.o
                0x0000000008002626                HAL_SYSTICK_Config
 .text.HAL_NVIC_ClearPendingIRQ
                0x000000000800263e       0x1c ./Drivers/STM32F1xx_HAL_Driver/Src/stm32f1xx_hal_cortex.o
                0x000000000800263e                HAL_NVIC_ClearPendingIRQ
 *fill*         0x000000000800265a        0x2 
 .text.HAL_GPIO_Init
                0x000000000800265c      0x308 ./Drivers/STM32F1xx_HAL_Driver/Src/stm32f1xx_hal_gpio.o
                0x000000000800265c                HAL_GPIO_Init
 .text.HAL_GPIO_ReadPin
                0x0000000008002964       0x2e ./Drivers/STM32F1xx_HAL_Driver/Src/stm32f1xx_hal_gpio.o
                0x0000000008002964                HAL_GPIO_ReadPin
 .text.HAL_GPIO_WritePin
                0x0000000008002992       0x30 ./Drivers/STM32F1xx_HAL_Driver/Src/stm32f1xx_hal_gpio.o
                0x0000000008002992                HAL_GPIO_WritePin
 .text.HAL_GPIO_TogglePin
                0x00000000080029c2       0x32 ./Drivers/STM32F1xx_HAL_Driver/Src/stm32f1xx_hal_gpio.o
                0x00000000080029c2                HAL_GPIO_TogglePin
 .text.HAL_GPIO_EXTI_IRQHandler
                0x00000000080029f4       0x30 ./Drivers/STM32F1xx_HAL_Driver/Src/stm32f1xx_hal_gpio.o
                0x00000000080029f4                HAL_GPIO_EXTI_IRQHandler
 .text.HAL_PWR_EnableBkUpAccess
                0x0000000008002a24       0x18 ./Drivers/STM32F1xx_HAL_Driver/Src/stm32f1xx_hal_pwr.o
                0x0000000008002a24                HAL_PWR_EnableBkUpAccess
 .text.HAL_RCC_OscConfig
                0x0000000008002a3c      0x500 ./Drivers/STM32F1xx_HAL_Driver/Src/stm32f1xx_hal_rcc.o
                0x0000000008002a3c                HAL_RCC_OscConfig
 .text.HAL_RCC_ClockConfig
                0x0000000008002f3c      0x1d4 ./Drivers/STM32F1xx_HAL_Driver/Src/stm32f1xx_hal_rcc.o
                0x0000000008002f3c                HAL_RCC_ClockConfig
 .text.HAL_RCC_GetSysClockFreq
                0x0000000008003110       0xc0 ./Drivers/STM32F1xx_HAL_Driver/Src/stm32f1xx_hal_rcc.o
                0x0000000008003110                HAL_RCC_GetSysClockFreq
 .text.HAL_RCC_GetHCLKFreq
                0x00000000080031d0       0x14 ./Drivers/STM32F1xx_HAL_Driver/Src/stm32f1xx_hal_rcc.o
                0x00000000080031d0                HAL_RCC_GetHCLKFreq
 .text.HAL_RCC_GetPCLK1Freq
                0x00000000080031e4       0x28 ./Drivers/STM32F1xx_HAL_Driver/Src/stm32f1xx_hal_rcc.o
                0x00000000080031e4                HAL_RCC_GetPCLK1Freq
 .text.HAL_RCC_GetPCLK2Freq
                0x000000000800320c       0x28 ./Drivers/STM32F1xx_HAL_Driver/Src/stm32f1xx_hal_rcc.o
                0x000000000800320c                HAL_RCC_GetPCLK2Freq
 .text.RCC_Delay
                0x0000000008003234       0x3c ./Drivers/STM32F1xx_HAL_Driver/Src/stm32f1xx_hal_rcc.o
 .text.HAL_RCCEx_PeriphCLKConfig
                0x0000000008003270      0x16c ./Drivers/STM32F1xx_HAL_Driver/Src/stm32f1xx_hal_rcc_ex.o
                0x0000000008003270                HAL_RCCEx_PeriphCLKConfig
 .text.HAL_RCCEx_GetPeriphCLKFreq
                0x00000000080033dc      0x188 ./Drivers/STM32F1xx_HAL_Driver/Src/stm32f1xx_hal_rcc_ex.o
                0x00000000080033dc                HAL_RCCEx_GetPeriphCLKFreq
 .text.HAL_RTC_Init
                0x0000000008003564      0x12c ./Drivers/STM32F1xx_HAL_Driver/Src/stm32f1xx_hal_rtc.o
                0x0000000008003564                HAL_RTC_Init
 .text.HAL_RTC_SetTime
                0x0000000008003690      0x12e ./Drivers/STM32F1xx_HAL_Driver/Src/stm32f1xx_hal_rtc.o
                0x0000000008003690                HAL_RTC_SetTime
 *fill*         0x00000000080037be        0x2 
 .text.HAL_RTC_SetDate
                0x00000000080037c0      0x16c ./Drivers/STM32F1xx_HAL_Driver/Src/stm32f1xx_hal_rtc.o
                0x00000000080037c0                HAL_RTC_SetDate
 .text.HAL_RTC_WaitForSynchro
                0x000000000800392c       0x5a ./Drivers/STM32F1xx_HAL_Driver/Src/stm32f1xx_hal_rtc.o
                0x000000000800392c                HAL_RTC_WaitForSynchro
 .text.RTC_ReadTimeCounter
                0x0000000008003986       0x60 ./Drivers/STM32F1xx_HAL_Driver/Src/stm32f1xx_hal_rtc.o
 .text.RTC_WriteTimeCounter
                0x00000000080039e6       0x4e ./Drivers/STM32F1xx_HAL_Driver/Src/stm32f1xx_hal_rtc.o
 .text.RTC_ReadAlarmCounter
                0x0000000008003a34       0x32 ./Drivers/STM32F1xx_HAL_Driver/Src/stm32f1xx_hal_rtc.o
 .text.RTC_WriteAlarmCounter
                0x0000000008003a66       0x4e ./Drivers/STM32F1xx_HAL_Driver/Src/stm32f1xx_hal_rtc.o
 .text.RTC_EnterInitMode
                0x0000000008003ab4       0x50 ./Drivers/STM32F1xx_HAL_Driver/Src/stm32f1xx_hal_rtc.o
 .text.RTC_ExitInitMode
                0x0000000008003b04       0x50 ./Drivers/STM32F1xx_HAL_Driver/Src/stm32f1xx_hal_rtc.o
 .text.RTC_Bcd2ToByte
                0x0000000008003b54       0x3a ./Drivers/STM32F1xx_HAL_Driver/Src/stm32f1xx_hal_rtc.o
 *fill*         0x0000000008003b8e        0x2 
 .text.RTC_WeekDayNum
                0x0000000008003b90       0xf0 ./Drivers/STM32F1xx_HAL_Driver/Src/stm32f1xx_hal_rtc.o
 .text.HAL_RTCEx_BKUPWrite
                0x0000000008003c80       0x34 ./Drivers/STM32F1xx_HAL_Driver/Src/stm32f1xx_hal_rtc_ex.o
                0x0000000008003c80                HAL_RTCEx_BKUPWrite
 .text.HAL_RTCEx_BKUPRead
                0x0000000008003cb4       0x38 ./Drivers/STM32F1xx_HAL_Driver/Src/stm32f1xx_hal_rtc_ex.o
                0x0000000008003cb4                HAL_RTCEx_BKUPRead
 .text.HAL_SPI_Init
                0x0000000008003cec      0x108 ./Drivers/STM32F1xx_HAL_Driver/Src/stm32f1xx_hal_spi.o
                0x0000000008003cec                HAL_SPI_Init
 .text.HAL_SPI_Transmit
                0x0000000008003df4      0x278 ./Drivers/STM32F1xx_HAL_Driver/Src/stm32f1xx_hal_spi.o
                0x0000000008003df4                HAL_SPI_Transmit
 .text.SPI_WaitFlagStateUntilTimeout
                0x000000000800406c      0x110 ./Drivers/STM32F1xx_HAL_Driver/Src/stm32f1xx_hal_spi.o
 .text.SPI_EndRxTxTransaction
                0x000000000800417c       0x3c ./Drivers/STM32F1xx_HAL_Driver/Src/stm32f1xx_hal_spi.o
 .text.HAL_TIM_Base_Init
                0x00000000080041b8       0x9e ./Drivers/STM32F1xx_HAL_Driver/Src/stm32f1xx_hal_tim.o
                0x00000000080041b8                HAL_TIM_Base_Init
 *fill*         0x0000000008004256        0x2 
 .text.HAL_TIM_Base_Start_IT
                0x0000000008004258       0xa4 ./Drivers/STM32F1xx_HAL_Driver/Src/stm32f1xx_hal_tim.o
                0x0000000008004258                HAL_TIM_Base_Start_IT
 .text.HAL_TIM_IRQHandler
                0x00000000080042fc      0x210 ./Drivers/STM32F1xx_HAL_Driver/Src/stm32f1xx_hal_tim.o
                0x00000000080042fc                HAL_TIM_IRQHandler
 .text.HAL_TIM_ConfigClockSource
                0x000000000800450c      0x188 ./Drivers/STM32F1xx_HAL_Driver/Src/stm32f1xx_hal_tim.o
                0x000000000800450c                HAL_TIM_ConfigClockSource
 .text.HAL_TIM_OC_DelayElapsedCallback
                0x0000000008004694       0x12 ./Drivers/STM32F1xx_HAL_Driver/Src/stm32f1xx_hal_tim.o
                0x0000000008004694                HAL_TIM_OC_DelayElapsedCallback
 .text.HAL_TIM_IC_CaptureCallback
                0x00000000080046a6       0x12 ./Drivers/STM32F1xx_HAL_Driver/Src/stm32f1xx_hal_tim.o
                0x00000000080046a6                HAL_TIM_IC_CaptureCallback
 .text.HAL_TIM_PWM_PulseFinishedCallback
                0x00000000080046b8       0x12 ./Drivers/STM32F1xx_HAL_Driver/Src/stm32f1xx_hal_tim.o
                0x00000000080046b8                HAL_TIM_PWM_PulseFinishedCallback
 .text.HAL_TIM_TriggerCallback
                0x00000000080046ca       0x12 ./Drivers/STM32F1xx_HAL_Driver/Src/stm32f1xx_hal_tim.o
                0x00000000080046ca                HAL_TIM_TriggerCallback
 .text.TIM_Base_SetConfig
                0x00000000080046dc       0xc4 ./Drivers/STM32F1xx_HAL_Driver/Src/stm32f1xx_hal_tim.o
                0x00000000080046dc                TIM_Base_SetConfig
 .text.TIM_TI1_ConfigInputStage
                0x00000000080047a0       0x5c ./Drivers/STM32F1xx_HAL_Driver/Src/stm32f1xx_hal_tim.o
 .text.TIM_TI2_ConfigInputStage
                0x00000000080047fc       0x5e ./Drivers/STM32F1xx_HAL_Driver/Src/stm32f1xx_hal_tim.o
 .text.TIM_ITRx_SetConfig
                0x000000000800485a       0x34 ./Drivers/STM32F1xx_HAL_Driver/Src/stm32f1xx_hal_tim.o
 .text.TIM_ETR_SetConfig
                0x000000000800488e       0x3e ./Drivers/STM32F1xx_HAL_Driver/Src/stm32f1xx_hal_tim.o
                0x000000000800488e                TIM_ETR_SetConfig
 .text.HAL_TIMEx_MasterConfigSynchronization
                0x00000000080048cc       0xbc ./Drivers/STM32F1xx_HAL_Driver/Src/stm32f1xx_hal_tim_ex.o
                0x00000000080048cc                HAL_TIMEx_MasterConfigSynchronization
 .text.HAL_TIMEx_CommutCallback
                0x0000000008004988       0x12 ./Drivers/STM32F1xx_HAL_Driver/Src/stm32f1xx_hal_tim_ex.o
                0x0000000008004988                HAL_TIMEx_CommutCallback
 .text.HAL_TIMEx_BreakCallback
                0x000000000800499a       0x12 ./Drivers/STM32F1xx_HAL_Driver/Src/stm32f1xx_hal_tim_ex.o
                0x000000000800499a                HAL_TIMEx_BreakCallback
 .text.HAL_UART_Init
                0x00000000080049ac       0x9a ./Drivers/STM32F1xx_HAL_Driver/Src/stm32f1xx_hal_uart.o
                0x00000000080049ac                HAL_UART_Init
 .text.HAL_UART_Transmit
                0x0000000008004a46      0x124 ./Drivers/STM32F1xx_HAL_Driver/Src/stm32f1xx_hal_uart.o
                0x0000000008004a46                HAL_UART_Transmit
 .text.UART_WaitOnFlagUntilTimeout
                0x0000000008004b6a       0x94 ./Drivers/STM32F1xx_HAL_Driver/Src/stm32f1xx_hal_uart.o
 *fill*         0x0000000008004bfe        0x2 
 .text.UART_SetConfig
                0x0000000008004c00      0x11c ./Drivers/STM32F1xx_HAL_Driver/Src/stm32f1xx_hal_uart.o
 .text.__errno  0x0000000008004d1c        0xc /Applications/STM32CubeIDE.app/Contents/Eclipse/plugins/com.st.stm32cube.ide.mcu.externaltools.gnu-tools-for-stm32.9-2020-q2-update.macos64_2.0.0.202105311346/tools/bin/../lib/gcc/arm-none-eabi/9.3.1/../../../../arm-none-eabi/lib/thumb/v7-m/nofp/libc_nano.a(lib_a-errno.o)
                0x0000000008004d1c                __errno
 .text.__libc_init_array
                0x0000000008004d28       0x48 /Applications/STM32CubeIDE.app/Contents/Eclipse/plugins/com.st.stm32cube.ide.mcu.externaltools.gnu-tools-for-stm32.9-2020-q2-update.macos64_2.0.0.202105311346/tools/bin/../lib/gcc/arm-none-eabi/9.3.1/../../../../arm-none-eabi/lib/thumb/v7-m/nofp/libc_nano.a(lib_a-init.o)
                0x0000000008004d28                __libc_init_array
 .text.memset   0x0000000008004d70       0x10 /Applications/STM32CubeIDE.app/Contents/Eclipse/plugins/com.st.stm32cube.ide.mcu.externaltools.gnu-tools-for-stm32.9-2020-q2-update.macos64_2.0.0.202105311346/tools/bin/../lib/gcc/arm-none-eabi/9.3.1/../../../../arm-none-eabi/lib/thumb/v7-m/nofp/libc_nano.a(lib_a-memset.o)
                0x0000000008004d70                memset
 .text.sprintf  0x0000000008004d80       0x40 /Applications/STM32CubeIDE.app/Contents/Eclipse/plugins/com.st.stm32cube.ide.mcu.externaltools.gnu-tools-for-stm32.9-2020-q2-update.macos64_2.0.0.202105311346/tools/bin/../lib/gcc/arm-none-eabi/9.3.1/../../../../arm-none-eabi/lib/thumb/v7-m/nofp/libc_nano.a(lib_a-sprintf.o)
                0x0000000008004d80                sprintf
                0x0000000008004d80                siprintf
 .text.__ssputs_r
                0x0000000008004dc0       0xb6 /Applications/STM32CubeIDE.app/Contents/Eclipse/plugins/com.st.stm32cube.ide.mcu.externaltools.gnu-tools-for-stm32.9-2020-q2-update.macos64_2.0.0.202105311346/tools/bin/../lib/gcc/arm-none-eabi/9.3.1/../../../../arm-none-eabi/lib/thumb/v7-m/nofp/libc_nano.a(lib_a-nano-svfprintf.o)
                0x0000000008004dc0                __ssputs_r
 *fill*         0x0000000008004e76        0x2 
 .text._svfprintf_r
                0x0000000008004e78      0x200 /Applications/STM32CubeIDE.app/Contents/Eclipse/plugins/com.st.stm32cube.ide.mcu.externaltools.gnu-tools-for-stm32.9-2020-q2-update.macos64_2.0.0.202105311346/tools/bin/../lib/gcc/arm-none-eabi/9.3.1/../../../../arm-none-eabi/lib/thumb/v7-m/nofp/libc_nano.a(lib_a-nano-svfprintf.o)
                0x0000000008004e78                _svfprintf_r
                0x0000000008004e78                _svfiprintf_r
 .text._printf_common
                0x0000000008005078       0xde /Applications/STM32CubeIDE.app/Contents/Eclipse/plugins/com.st.stm32cube.ide.mcu.externaltools.gnu-tools-for-stm32.9-2020-q2-update.macos64_2.0.0.202105311346/tools/bin/../lib/gcc/arm-none-eabi/9.3.1/../../../../arm-none-eabi/lib/thumb/v7-m/nofp/libc_nano.a(lib_a-nano-vfprintf_i.o)
                0x0000000008005078                _printf_common
 *fill*         0x0000000008005156        0x2 
 .text._printf_i
                0x0000000008005158      0x24c /Applications/STM32CubeIDE.app/Contents/Eclipse/plugins/com.st.stm32cube.ide.mcu.externaltools.gnu-tools-for-stm32.9-2020-q2-update.macos64_2.0.0.202105311346/tools/bin/../lib/gcc/arm-none-eabi/9.3.1/../../../../arm-none-eabi/lib/thumb/v7-m/nofp/libc_nano.a(lib_a-nano-vfprintf_i.o)
                0x0000000008005158                _printf_i
 .text.memchr   0x00000000080053a4       0x1c /Applications/STM32CubeIDE.app/Contents/Eclipse/plugins/com.st.stm32cube.ide.mcu.externaltools.gnu-tools-for-stm32.9-2020-q2-update.macos64_2.0.0.202105311346/tools/bin/../lib/gcc/arm-none-eabi/9.3.1/../../../../arm-none-eabi/lib/thumb/v7-m/nofp/libc_nano.a(lib_a-memchr-stub.o)
                0x00000000080053a4                memchr
 .text.memcpy   0x00000000080053c0       0x1c /Applications/STM32CubeIDE.app/Contents/Eclipse/plugins/com.st.stm32cube.ide.mcu.externaltools.gnu-tools-for-stm32.9-2020-q2-update.macos64_2.0.0.202105311346/tools/bin/../lib/gcc/arm-none-eabi/9.3.1/../../../../arm-none-eabi/lib/thumb/v7-m/nofp/libc_nano.a(lib_a-memcpy-stub.o)
                0x00000000080053c0                memcpy
 .text.memmove  0x00000000080053dc       0x34 /Applications/STM32CubeIDE.app/Contents/Eclipse/plugins/com.st.stm32cube.ide.mcu.externaltools.gnu-tools-for-stm32.9-2020-q2-update.macos64_2.0.0.202105311346/tools/bin/../lib/gcc/arm-none-eabi/9.3.1/../../../../arm-none-eabi/lib/thumb/v7-m/nofp/libc_nano.a(lib_a-memmove.o)
                0x00000000080053dc                memmove
 .text._free_r  0x0000000008005410       0x98 /Applications/STM32CubeIDE.app/Contents/Eclipse/plugins/com.st.stm32cube.ide.mcu.externaltools.gnu-tools-for-stm32.9-2020-q2-update.macos64_2.0.0.202105311346/tools/bin/../lib/gcc/arm-none-eabi/9.3.1/../../../../arm-none-eabi/lib/thumb/v7-m/nofp/libc_nano.a(lib_a-nano-freer.o)
                0x0000000008005410                _free_r
 .text._malloc_r
                0x00000000080054a8       0xb4 /Applications/STM32CubeIDE.app/Contents/Eclipse/plugins/com.st.stm32cube.ide.mcu.externaltools.gnu-tools-for-stm32.9-2020-q2-update.macos64_2.0.0.202105311346/tools/bin/../lib/gcc/arm-none-eabi/9.3.1/../../../../arm-none-eabi/lib/thumb/v7-m/nofp/libc_nano.a(lib_a-nano-mallocr.o)
                0x00000000080054a8                _malloc_r
 .text._realloc_r
                0x000000000800555c       0x4c /Applications/STM32CubeIDE.app/Contents/Eclipse/plugins/com.st.stm32cube.ide.mcu.externaltools.gnu-tools-for-stm32.9-2020-q2-update.macos64_2.0.0.202105311346/tools/bin/../lib/gcc/arm-none-eabi/9.3.1/../../../../arm-none-eabi/lib/thumb/v7-m/nofp/libc_nano.a(lib_a-nano-reallocr.o)
                0x000000000800555c                _realloc_r
 .text._sbrk_r  0x00000000080055a8       0x20 /Applications/STM32CubeIDE.app/Contents/Eclipse/plugins/com.st.stm32cube.ide.mcu.externaltools.gnu-tools-for-stm32.9-2020-q2-update.macos64_2.0.0.202105311346/tools/bin/../lib/gcc/arm-none-eabi/9.3.1/../../../../arm-none-eabi/lib/thumb/v7-m/nofp/libc_nano.a(lib_a-sbrkr.o)
                0x00000000080055a8                _sbrk_r
 .text.__malloc_lock
                0x00000000080055c8        0xc /Applications/STM32CubeIDE.app/Contents/Eclipse/plugins/com.st.stm32cube.ide.mcu.externaltools.gnu-tools-for-stm32.9-2020-q2-update.macos64_2.0.0.202105311346/tools/bin/../lib/gcc/arm-none-eabi/9.3.1/../../../../arm-none-eabi/lib/thumb/v7-m/nofp/libc_nano.a(lib_a-mlock.o)
                0x00000000080055c8                __malloc_lock
 .text.__malloc_unlock
                0x00000000080055d4        0xc /Applications/STM32CubeIDE.app/Contents/Eclipse/plugins/com.st.stm32cube.ide.mcu.externaltools.gnu-tools-for-stm32.9-2020-q2-update.macos64_2.0.0.202105311346/tools/bin/../lib/gcc/arm-none-eabi/9.3.1/../../../../arm-none-eabi/lib/thumb/v7-m/nofp/libc_nano.a(lib_a-mlock.o)
                0x00000000080055d4                __malloc_unlock
 .text._malloc_usable_size_r
                0x00000000080055e0       0x10 /Applications/STM32CubeIDE.app/Contents/Eclipse/plugins/com.st.stm32cube.ide.mcu.externaltools.gnu-tools-for-stm32.9-2020-q2-update.macos64_2.0.0.202105311346/tools/bin/../lib/gcc/arm-none-eabi/9.3.1/../../../../arm-none-eabi/lib/thumb/v7-m/nofp/libc_nano.a(lib_a-nano-msizer.o)
                0x00000000080055e0                _malloc_usable_size_r
 .text.__retarget_lock_acquire_recursive
                0x00000000080055f0        0x2 /Applications/STM32CubeIDE.app/Contents/Eclipse/plugins/com.st.stm32cube.ide.mcu.externaltools.gnu-tools-for-stm32.9-2020-q2-update.macos64_2.0.0.202105311346/tools/bin/../lib/gcc/arm-none-eabi/9.3.1/../../../../arm-none-eabi/lib/thumb/v7-m/nofp/libc_nano.a(lib_a-lock.o)
                0x00000000080055f0                __retarget_lock_acquire_recursive
 .text.__retarget_lock_release_recursive
                0x00000000080055f2        0x2 /Applications/STM32CubeIDE.app/Contents/Eclipse/plugins/com.st.stm32cube.ide.mcu.externaltools.gnu-tools-for-stm32.9-2020-q2-update.macos64_2.0.0.202105311346/tools/bin/../lib/gcc/arm-none-eabi/9.3.1/../../../../arm-none-eabi/lib/thumb/v7-m/nofp/libc_nano.a(lib_a-lock.o)
                0x00000000080055f2                __retarget_lock_release_recursive
 *(.glue_7)
 .glue_7        0x00000000080055f4        0x0 linker stubs
 *(.glue_7t)
 .glue_7t       0x00000000080055f4        0x0 linker stubs
 *(.eh_frame)
 .eh_frame      0x00000000080055f4        0x0 /Applications/STM32CubeIDE.app/Contents/Eclipse/plugins/com.st.stm32cube.ide.mcu.externaltools.gnu-tools-for-stm32.9-2020-q2-update.macos64_2.0.0.202105311346/tools/bin/../lib/gcc/arm-none-eabi/9.3.1/thumb/v7-m/nofp/crtbegin.o
 *(.init)
 .init          0x00000000080055f4        0x4 /Applications/STM32CubeIDE.app/Contents/Eclipse/plugins/com.st.stm32cube.ide.mcu.externaltools.gnu-tools-for-stm32.9-2020-q2-update.macos64_2.0.0.202105311346/tools/bin/../lib/gcc/arm-none-eabi/9.3.1/thumb/v7-m/nofp/crti.o
                0x00000000080055f4                _init
 .init          0x00000000080055f8        0x8 /Applications/STM32CubeIDE.app/Contents/Eclipse/plugins/com.st.stm32cube.ide.mcu.externaltools.gnu-tools-for-stm32.9-2020-q2-update.macos64_2.0.0.202105311346/tools/bin/../lib/gcc/arm-none-eabi/9.3.1/thumb/v7-m/nofp/crtn.o
 *(.fini)
 .fini          0x0000000008005600        0x4 /Applications/STM32CubeIDE.app/Contents/Eclipse/plugins/com.st.stm32cube.ide.mcu.externaltools.gnu-tools-for-stm32.9-2020-q2-update.macos64_2.0.0.202105311346/tools/bin/../lib/gcc/arm-none-eabi/9.3.1/thumb/v7-m/nofp/crti.o
                0x0000000008005600                _fini
 .fini          0x0000000008005604        0x8 /Applications/STM32CubeIDE.app/Contents/Eclipse/plugins/com.st.stm32cube.ide.mcu.externaltools.gnu-tools-for-stm32.9-2020-q2-update.macos64_2.0.0.202105311346/tools/bin/../lib/gcc/arm-none-eabi/9.3.1/thumb/v7-m/nofp/crtn.o
                0x000000000800560c                . = ALIGN (0x4)
                0x000000000800560c                _etext = .

.vfp11_veneer   0x000000000800560c        0x0
 .vfp11_veneer  0x000000000800560c        0x0 linker stubs

.v4_bx          0x000000000800560c        0x0
 .v4_bx         0x000000000800560c        0x0 linker stubs

.iplt           0x000000000800560c        0x0
 .iplt          0x000000000800560c        0x0 /Applications/STM32CubeIDE.app/Contents/Eclipse/plugins/com.st.stm32cube.ide.mcu.externaltools.gnu-tools-for-stm32.9-2020-q2-update.macos64_2.0.0.202105311346/tools/bin/../lib/gcc/arm-none-eabi/9.3.1/thumb/v7-m/nofp/crtbegin.o

.rodata         0x000000000800560c      0x37c
                0x000000000800560c                . = ALIGN (0x4)
 *(.rodata)
 .rodata        0x000000000800560c      0x30d ./Core/Src/main.o
 *fill*         0x0000000008005919        0x3 
 .rodata        0x000000000800591c       0x10 ./Drivers/STM32F1xx_HAL_Driver/Src/stm32f1xx_hal_rcc.o
 .rodata        0x000000000800592c       0x10 ./Drivers/STM32F1xx_HAL_Driver/Src/stm32f1xx_hal_rcc_ex.o
 *(.rodata*)
 .rodata.AHBPrescTable
                0x000000000800593c       0x10 ./Core/Src/system_stm32f1xx.o
                0x000000000800593c                AHBPrescTable
 .rodata.APBPrescTable
                0x000000000800594c        0x8 ./Core/Src/system_stm32f1xx.o
                0x000000000800594c                APBPrescTable
 .rodata._svfprintf_r.str1.1
                0x0000000008005954       0x11 /Applications/STM32CubeIDE.app/Contents/Eclipse/plugins/com.st.stm32cube.ide.mcu.externaltools.gnu-tools-for-stm32.9-2020-q2-update.macos64_2.0.0.202105311346/tools/bin/../lib/gcc/arm-none-eabi/9.3.1/../../../../arm-none-eabi/lib/thumb/v7-m/nofp/libc_nano.a(lib_a-nano-svfprintf.o)
 .rodata._printf_i.str1.1
                0x0000000008005965       0x22 /Applications/STM32CubeIDE.app/Contents/Eclipse/plugins/com.st.stm32cube.ide.mcu.externaltools.gnu-tools-for-stm32.9-2020-q2-update.macos64_2.0.0.202105311346/tools/bin/../lib/gcc/arm-none-eabi/9.3.1/../../../../arm-none-eabi/lib/thumb/v7-m/nofp/libc_nano.a(lib_a-nano-vfprintf_i.o)
                0x0000000008005988                . = ALIGN (0x4)
 *fill*         0x0000000008005987        0x1 

.rel.dyn        0x0000000008005988        0x0
 .rel.iplt      0x0000000008005988        0x0 /Applications/STM32CubeIDE.app/Contents/Eclipse/plugins/com.st.stm32cube.ide.mcu.externaltools.gnu-tools-for-stm32.9-2020-q2-update.macos64_2.0.0.202105311346/tools/bin/../lib/gcc/arm-none-eabi/9.3.1/thumb/v7-m/nofp/crtbegin.o

.ARM.extab      0x0000000008005988        0x0
                0x0000000008005988                . = ALIGN (0x4)
 *(.ARM.extab* .gnu.linkonce.armextab.*)
                0x0000000008005988                . = ALIGN (0x4)

.ARM            0x0000000008005988        0x0
                0x0000000008005988                . = ALIGN (0x4)
                0x0000000008005988                __exidx_start = .
 *(.ARM.exidx*)
                0x0000000008005988                __exidx_end = .
                0x0000000008005988                . = ALIGN (0x4)

.preinit_array  0x0000000008005988        0x0
                0x0000000008005988                . = ALIGN (0x4)
                0x0000000008005988                PROVIDE (__preinit_array_start = .)
 *(.preinit_array*)
                0x0000000008005988                PROVIDE (__preinit_array_end = .)
                0x0000000008005988                . = ALIGN (0x4)

.init_array     0x0000000008005988        0x4
                0x0000000008005988                . = ALIGN (0x4)
                0x0000000008005988                PROVIDE (__init_array_start = .)
 *(SORT_BY_NAME(.init_array.*))
 *(.init_array*)
 .init_array    0x0000000008005988        0x4 /Applications/STM32CubeIDE.app/Contents/Eclipse/plugins/com.st.stm32cube.ide.mcu.externaltools.gnu-tools-for-stm32.9-2020-q2-update.macos64_2.0.0.202105311346/tools/bin/../lib/gcc/arm-none-eabi/9.3.1/thumb/v7-m/nofp/crtbegin.o
                0x000000000800598c                PROVIDE (__init_array_end = .)
                0x000000000800598c                . = ALIGN (0x4)

.fini_array     0x000000000800598c        0x4
                0x000000000800598c                . = ALIGN (0x4)
                [!provide]                        PROVIDE (__fini_array_start = .)
 *(SORT_BY_NAME(.fini_array.*))
 *(.fini_array*)
 .fini_array    0x000000000800598c        0x4 /Applications/STM32CubeIDE.app/Contents/Eclipse/plugins/com.st.stm32cube.ide.mcu.externaltools.gnu-tools-for-stm32.9-2020-q2-update.macos64_2.0.0.202105311346/tools/bin/../lib/gcc/arm-none-eabi/9.3.1/thumb/v7-m/nofp/crtbegin.o
                [!provide]                        PROVIDE (__fini_array_end = .)
                0x0000000008005990                . = ALIGN (0x4)
                0x0000000008005990                _sidata = LOADADDR (.data)

.data           0x0000000020000000       0x98 load address 0x0000000008005990
                0x0000000020000000                . = ALIGN (0x4)
                0x0000000020000000                _sdata = .
 *(.data)
 *(.data*)
 .data.is_standby
                0x0000000020000000        0x1 ./Core/Src/main.o
                0x0000000020000000                is_standby
 .data.F1_DURATION
                0x0000000020000001        0x1 ./Core/Src/main.o
                0x0000000020000001                F1_DURATION
 .data.F2_DURATION
                0x0000000020000002        0x1 ./Core/Src/main.o
                0x0000000020000002                F2_DURATION
 .data.F3_DURATION
                0x0000000020000003        0x1 ./Core/Src/main.o
                0x0000000020000003                F3_DURATION
 .data.F4_DURATION
                0x0000000020000004        0x1 ./Core/Src/main.o
                0x0000000020000004                F4_DURATION
 .data.F5_DURATION
                0x0000000020000005        0x1 ./Core/Src/main.o
                0x0000000020000005                F5_DURATION
 .data.bank_credit_per_pulse
                0x0000000020000006        0x1 ./Core/Src/main.o
                0x0000000020000006                bank_credit_per_pulse
 .data.coin_credit_per_pulse
                0x0000000020000007        0x1 ./Core/Src/main.o
                0x0000000020000007                coin_credit_per_pulse
 .data.minimum_credit_to_start
                0x0000000020000008        0x4 ./Core/Src/main.o
                0x0000000020000008                minimum_credit_to_start
 .data.default_credit_duration
                0x000000002000000c        0x1 ./Core/Src/main.o
                0x000000002000000c                default_credit_duration
 *fill*         0x000000002000000d        0x3 
 .data.SYMBOLS  0x0000000020000010       0x16 ./Core/Src/max7219.o
 *fill*         0x0000000020000026        0x2 
 .data.SystemCoreClock
                0x0000000020000028        0x4 ./Core/Src/system_stm32f1xx.o
                0x0000000020000028                SystemCoreClock
 .data.uwTickPrio
                0x000000002000002c        0x4 ./Drivers/STM32F1xx_HAL_Driver/Src/stm32f1xx_hal.o
                0x000000002000002c                uwTickPrio
 .data.uwTickFreq
                0x0000000020000030        0x1 ./Drivers/STM32F1xx_HAL_Driver/Src/stm32f1xx_hal.o
                0x0000000020000030                uwTickFreq
 *fill*         0x0000000020000031        0x3 
 .data._impure_ptr
                0x0000000020000034        0x4 /Applications/STM32CubeIDE.app/Contents/Eclipse/plugins/com.st.stm32cube.ide.mcu.externaltools.gnu-tools-for-stm32.9-2020-q2-update.macos64_2.0.0.202105311346/tools/bin/../lib/gcc/arm-none-eabi/9.3.1/../../../../arm-none-eabi/lib/thumb/v7-m/nofp/libc_nano.a(lib_a-impure.o)
                0x0000000020000034                _impure_ptr
 .data.impure_data
                0x0000000020000038       0x60 /Applications/STM32CubeIDE.app/Contents/Eclipse/plugins/com.st.stm32cube.ide.mcu.externaltools.gnu-tools-for-stm32.9-2020-q2-update.macos64_2.0.0.202105311346/tools/bin/../lib/gcc/arm-none-eabi/9.3.1/../../../../arm-none-eabi/lib/thumb/v7-m/nofp/libc_nano.a(lib_a-impure.o)
 *(.RamFunc)
 *(.RamFunc*)
                0x0000000020000098                . = ALIGN (0x4)
                0x0000000020000098                _edata = .

.igot.plt       0x0000000020000098        0x0 load address 0x0000000008005a28
 .igot.plt      0x0000000020000098        0x0 /Applications/STM32CubeIDE.app/Contents/Eclipse/plugins/com.st.stm32cube.ide.mcu.externaltools.gnu-tools-for-stm32.9-2020-q2-update.macos64_2.0.0.202105311346/tools/bin/../lib/gcc/arm-none-eabi/9.3.1/thumb/v7-m/nofp/crtbegin.o
                0x0000000020000098                . = ALIGN (0x4)

.bss            0x0000000020000098      0x1a4 load address 0x0000000008005a28
                0x0000000020000098                _sbss = .
                0x0000000020000098                __bss_start__ = _sbss
 *(.bss)
 .bss           0x0000000020000098       0x1c /Applications/STM32CubeIDE.app/Contents/Eclipse/plugins/com.st.stm32cube.ide.mcu.externaltools.gnu-tools-for-stm32.9-2020-q2-update.macos64_2.0.0.202105311346/tools/bin/../lib/gcc/arm-none-eabi/9.3.1/thumb/v7-m/nofp/crtbegin.o
 *(.bss*)
 .bss.tim2_counter
                0x00000000200000b4        0x4 ./Core/Src/main.o
                0x00000000200000b4                tim2_counter
 .bss.tim2_300ms_counter
                0x00000000200000b8        0x4 ./Core/Src/main.o
                0x00000000200000b8                tim2_300ms_counter
 .bss.tim2_200ms_counter
                0x00000000200000bc        0x4 ./Core/Src/main.o
                0x00000000200000bc                tim2_200ms_counter
 .bss.tim2_400ms_counter
                0x00000000200000c0        0x4 ./Core/Src/main.o
                0x00000000200000c0                tim2_400ms_counter
 .bss.tim2_500ms_counter
                0x00000000200000c4        0x4 ./Core/Src/main.o
                0x00000000200000c4                tim2_500ms_counter
 .bss.iot_round_counter
                0x00000000200000c8        0x4 ./Core/Src/main.o
                0x00000000200000c8                iot_round_counter
 .bss.is_operation_running
                0x00000000200000cc        0x1 ./Core/Src/main.o
                0x00000000200000cc                is_operation_running
 *fill*         0x00000000200000cd        0x1 
 .bss.credit    0x00000000200000ce        0x2 ./Core/Src/main.o
                0x00000000200000ce                credit
 .bss.pressed_button
                0x00000000200000d0        0x1 ./Core/Src/main.o
                0x00000000200000d0                pressed_button
 .bss.setting_mode
                0x00000000200000d1        0x1 ./Core/Src/main.o
                0x00000000200000d1                setting_mode
 .bss.current_out_port
                0x00000000200000d2        0x1 ./Core/Src/main.o
                0x00000000200000d2                current_out_port
 .bss.standby_counter
                0x00000000200000d3        0x1 ./Core/Src/main.o
                0x00000000200000d3                standby_counter
 .bss.consume_credit
                0x00000000200000d4        0x1 ./Core/Src/main.o
                0x00000000200000d4                consume_credit
 .bss.display_binking
                0x00000000200000d5        0x1 ./Core/Src/main.o
                0x00000000200000d5                display_binking
 .bss.front_button_reset_credit_press
                0x00000000200000d6        0x1 ./Core/Src/main.o
                0x00000000200000d6                front_button_reset_credit_press
 *fill*         0x00000000200000d7        0x1 
 .bss.front_button_reset_credit_counter
                0x00000000200000d8        0x2 ./Core/Src/main.o
                0x00000000200000d8                front_button_reset_credit_counter
 .bss.credit_consume_counter
                0x00000000200000da        0x1 ./Core/Src/main.o
                0x00000000200000da                credit_consume_counter
 .bss.last_note_money
                0x00000000200000db        0x1 ./Core/Src/main.o
                0x00000000200000db                last_note_money
 .bss.last_coin_money
                0x00000000200000dc        0x1 ./Core/Src/main.o
                0x00000000200000dc                last_coin_money
 .bss.exti_disable
                0x00000000200000dd        0x1 ./Core/Src/main.o
                0x00000000200000dd                exti_disable
 .bss.decodeMode
                0x00000000200000de        0x1 ./Core/Src/max7219.o
 *fill*         0x00000000200000df        0x1 
 .bss.__sbrk_heap_end
                0x00000000200000e0        0x4 ./Core/Src/sysmem.o
 .bss.__malloc_free_list
                0x00000000200000e4        0x4 /Applications/STM32CubeIDE.app/Contents/Eclipse/plugins/com.st.stm32cube.ide.mcu.externaltools.gnu-tools-for-stm32.9-2020-q2-update.macos64_2.0.0.202105311346/tools/bin/../lib/gcc/arm-none-eabi/9.3.1/../../../../arm-none-eabi/lib/thumb/v7-m/nofp/libc_nano.a(lib_a-nano-mallocr.o)
                0x00000000200000e4                __malloc_free_list
 .bss.__malloc_sbrk_start
                0x00000000200000e8        0x4 /Applications/STM32CubeIDE.app/Contents/Eclipse/plugins/com.st.stm32cube.ide.mcu.externaltools.gnu-tools-for-stm32.9-2020-q2-update.macos64_2.0.0.202105311346/tools/bin/../lib/gcc/arm-none-eabi/9.3.1/../../../../arm-none-eabi/lib/thumb/v7-m/nofp/libc_nano.a(lib_a-nano-mallocr.o)
                0x00000000200000e8                __malloc_sbrk_start
 *(COMMON)
 COMMON         0x00000000200000ec       0x14 ./Core/Src/rtc.o
                0x00000000200000ec                hrtc
 COMMON         0x0000000020000100       0x58 ./Core/Src/spi.o
                0x0000000020000100                hspi2
 COMMON         0x0000000020000158       0x48 ./Core/Src/tim.o
                0x0000000020000158                htim2
 COMMON         0x00000000200001a0       0x88 ./Core/Src/usart.o
                0x00000000200001a0                huart3
                0x00000000200001e4                huart1
 COMMON         0x0000000020000228        0x4 ./Drivers/STM32F1xx_HAL_Driver/Src/stm32f1xx_hal.o
                0x0000000020000228                uwTick
 COMMON         0x000000002000022c        0x4 /Applications/STM32CubeIDE.app/Contents/Eclipse/plugins/com.st.stm32cube.ide.mcu.externaltools.gnu-tools-for-stm32.9-2020-q2-update.macos64_2.0.0.202105311346/tools/bin/../lib/gcc/arm-none-eabi/9.3.1/../../../../arm-none-eabi/lib/thumb/v7-m/nofp/libc_nano.a(lib_a-reent.o)
                0x000000002000022c                errno
 COMMON         0x0000000020000230        0x9 /Applications/STM32CubeIDE.app/Contents/Eclipse/plugins/com.st.stm32cube.ide.mcu.externaltools.gnu-tools-for-stm32.9-2020-q2-update.macos64_2.0.0.202105311346/tools/bin/../lib/gcc/arm-none-eabi/9.3.1/../../../../arm-none-eabi/lib/thumb/v7-m/nofp/libc_nano.a(lib_a-lock.o)
                0x0000000020000230                __lock___atexit_recursive_mutex
                0x0000000020000231                __lock___arc4random_mutex
                0x0000000020000232                __lock___env_recursive_mutex
                0x0000000020000233                __lock___sinit_recursive_mutex
                0x0000000020000234                __lock___malloc_recursive_mutex
                0x0000000020000235                __lock___at_quick_exit_mutex
                0x0000000020000236                __lock___dd_hash_mutex
                0x0000000020000237                __lock___tz_mutex
                0x0000000020000238                __lock___sfp_recursive_mutex
                0x000000002000023c                . = ALIGN (0x4)
 *fill*         0x0000000020000239        0x3 
                0x000000002000023c                _ebss = .
                0x000000002000023c                __bss_end__ = _ebss

._user_heap_stack
                0x000000002000023c      0x604 load address 0x0000000008005a28
                0x0000000020000240                . = ALIGN (0x8)
 *fill*         0x000000002000023c        0x4 
                [!provide]                        PROVIDE (end = .)
                0x0000000020000240                PROVIDE (_end = .)
                0x0000000020000440                . = (. + _Min_Heap_Size)
 *fill*         0x0000000020000240      0x200 
                0x0000000020000840                . = (. + _Min_Stack_Size)
 *fill*         0x0000000020000440      0x400 
                0x0000000020000840                . = ALIGN (0x8)

/DISCARD/
 libc.a(*)
 libm.a(*)
 libgcc.a(*)

.ARM.attributes
                0x0000000000000000       0x29
 *(.ARM.attributes)
 .ARM.attributes
                0x0000000000000000       0x1d /Applications/STM32CubeIDE.app/Contents/Eclipse/plugins/com.st.stm32cube.ide.mcu.externaltools.gnu-tools-for-stm32.9-2020-q2-update.macos64_2.0.0.202105311346/tools/bin/../lib/gcc/arm-none-eabi/9.3.1/thumb/v7-m/nofp/crti.o
 .ARM.attributes
                0x000000000000001d       0x2d /Applications/STM32CubeIDE.app/Contents/Eclipse/plugins/com.st.stm32cube.ide.mcu.externaltools.gnu-tools-for-stm32.9-2020-q2-update.macos64_2.0.0.202105311346/tools/bin/../lib/gcc/arm-none-eabi/9.3.1/thumb/v7-m/nofp/crtbegin.o
 .ARM.attributes
                0x000000000000004a       0x2d ./Core/Src/gpio.o
 .ARM.attributes
                0x0000000000000077       0x2d ./Core/Src/main.o
 .ARM.attributes
                0x00000000000000a4       0x2d ./Core/Src/max7219.o
 .ARM.attributes
                0x00000000000000d1       0x2d ./Core/Src/rtc.o
 .ARM.attributes
                0x00000000000000fe       0x2d ./Core/Src/spi.o
 .ARM.attributes
                0x000000000000012b       0x2d ./Core/Src/stm32f1xx_hal_msp.o
 .ARM.attributes
                0x0000000000000158       0x2d ./Core/Src/stm32f1xx_it.o
 .ARM.attributes
                0x0000000000000185       0x2d ./Core/Src/sysmem.o
 .ARM.attributes
                0x00000000000001b2       0x2d ./Core/Src/system_stm32f1xx.o
 .ARM.attributes
                0x00000000000001df       0x2d ./Core/Src/tim.o
 .ARM.attributes
                0x000000000000020c       0x2d ./Core/Src/usart.o
 .ARM.attributes
                0x0000000000000239       0x21 ./Core/Startup/startup_stm32f103c8tx.o
 .ARM.attributes
                0x000000000000025a       0x2d ./Drivers/STM32F1xx_HAL_Driver/Src/stm32f1xx_hal.o
 .ARM.attributes
                0x0000000000000287       0x2d ./Drivers/STM32F1xx_HAL_Driver/Src/stm32f1xx_hal_cortex.o
 .ARM.attributes
                0x00000000000002b4       0x2d ./Drivers/STM32F1xx_HAL_Driver/Src/stm32f1xx_hal_gpio.o
 .ARM.attributes
                0x00000000000002e1       0x2d ./Drivers/STM32F1xx_HAL_Driver/Src/stm32f1xx_hal_pwr.o
 .ARM.attributes
                0x000000000000030e       0x2d ./Drivers/STM32F1xx_HAL_Driver/Src/stm32f1xx_hal_rcc.o
 .ARM.attributes
                0x000000000000033b       0x2d ./Drivers/STM32F1xx_HAL_Driver/Src/stm32f1xx_hal_rcc_ex.o
 .ARM.attributes
                0x0000000000000368       0x2d ./Drivers/STM32F1xx_HAL_Driver/Src/stm32f1xx_hal_rtc.o
 .ARM.attributes
                0x0000000000000395       0x2d ./Drivers/STM32F1xx_HAL_Driver/Src/stm32f1xx_hal_rtc_ex.o
 .ARM.attributes
                0x00000000000003c2       0x2d ./Drivers/STM32F1xx_HAL_Driver/Src/stm32f1xx_hal_spi.o
 .ARM.attributes
                0x00000000000003ef       0x2d ./Drivers/STM32F1xx_HAL_Driver/Src/stm32f1xx_hal_tim.o
 .ARM.attributes
                0x000000000000041c       0x2d ./Drivers/STM32F1xx_HAL_Driver/Src/stm32f1xx_hal_tim_ex.o
 .ARM.attributes
                0x0000000000000449       0x2d ./Drivers/STM32F1xx_HAL_Driver/Src/stm32f1xx_hal_uart.o
 .ARM.attributes
                0x0000000000000476       0x2d /Applications/STM32CubeIDE.app/Contents/Eclipse/plugins/com.st.stm32cube.ide.mcu.externaltools.gnu-tools-for-stm32.9-2020-q2-update.macos64_2.0.0.202105311346/tools/bin/../lib/gcc/arm-none-eabi/9.3.1/../../../../arm-none-eabi/lib/thumb/v7-m/nofp/libc_nano.a(lib_a-errno.o)
 .ARM.attributes
                0x00000000000004a3       0x2d /Applications/STM32CubeIDE.app/Contents/Eclipse/plugins/com.st.stm32cube.ide.mcu.externaltools.gnu-tools-for-stm32.9-2020-q2-update.macos64_2.0.0.202105311346/tools/bin/../lib/gcc/arm-none-eabi/9.3.1/../../../../arm-none-eabi/lib/thumb/v7-m/nofp/libc_nano.a(lib_a-impure.o)
 .ARM.attributes
                0x00000000000004d0       0x2d /Applications/STM32CubeIDE.app/Contents/Eclipse/plugins/com.st.stm32cube.ide.mcu.externaltools.gnu-tools-for-stm32.9-2020-q2-update.macos64_2.0.0.202105311346/tools/bin/../lib/gcc/arm-none-eabi/9.3.1/../../../../arm-none-eabi/lib/thumb/v7-m/nofp/libc_nano.a(lib_a-init.o)
 .ARM.attributes
                0x00000000000004fd       0x2d /Applications/STM32CubeIDE.app/Contents/Eclipse/plugins/com.st.stm32cube.ide.mcu.externaltools.gnu-tools-for-stm32.9-2020-q2-update.macos64_2.0.0.202105311346/tools/bin/../lib/gcc/arm-none-eabi/9.3.1/../../../../arm-none-eabi/lib/thumb/v7-m/nofp/libc_nano.a(lib_a-memset.o)
 .ARM.attributes
                0x000000000000052a       0x2d /Applications/STM32CubeIDE.app/Contents/Eclipse/plugins/com.st.stm32cube.ide.mcu.externaltools.gnu-tools-for-stm32.9-2020-q2-update.macos64_2.0.0.202105311346/tools/bin/../lib/gcc/arm-none-eabi/9.3.1/../../../../arm-none-eabi/lib/thumb/v7-m/nofp/libc_nano.a(lib_a-sprintf.o)
 .ARM.attributes
                0x0000000000000557       0x17 /Applications/STM32CubeIDE.app/Contents/Eclipse/plugins/com.st.stm32cube.ide.mcu.externaltools.gnu-tools-for-stm32.9-2020-q2-update.macos64_2.0.0.202105311346/tools/bin/../lib/gcc/arm-none-eabi/9.3.1/../../../../arm-none-eabi/lib/thumb/v7-m/nofp/libc_nano.a(lib_a-strlen.o)
 .ARM.attributes
                0x000000000000056e       0x2d /Applications/STM32CubeIDE.app/Contents/Eclipse/plugins/com.st.stm32cube.ide.mcu.externaltools.gnu-tools-for-stm32.9-2020-q2-update.macos64_2.0.0.202105311346/tools/bin/../lib/gcc/arm-none-eabi/9.3.1/../../../../arm-none-eabi/lib/thumb/v7-m/nofp/libc_nano.a(lib_a-nano-svfprintf.o)
 .ARM.attributes
                0x000000000000059b       0x2d /Applications/STM32CubeIDE.app/Contents/Eclipse/plugins/com.st.stm32cube.ide.mcu.externaltools.gnu-tools-for-stm32.9-2020-q2-update.macos64_2.0.0.202105311346/tools/bin/../lib/gcc/arm-none-eabi/9.3.1/../../../../arm-none-eabi/lib/thumb/v7-m/nofp/libc_nano.a(lib_a-nano-vfprintf_i.o)
 .ARM.attributes
                0x00000000000005c8       0x2d /Applications/STM32CubeIDE.app/Contents/Eclipse/plugins/com.st.stm32cube.ide.mcu.externaltools.gnu-tools-for-stm32.9-2020-q2-update.macos64_2.0.0.202105311346/tools/bin/../lib/gcc/arm-none-eabi/9.3.1/../../../../arm-none-eabi/lib/thumb/v7-m/nofp/libc_nano.a(lib_a-memchr-stub.o)
 .ARM.attributes
                0x00000000000005f5       0x2d /Applications/STM32CubeIDE.app/Contents/Eclipse/plugins/com.st.stm32cube.ide.mcu.externaltools.gnu-tools-for-stm32.9-2020-q2-update.macos64_2.0.0.202105311346/tools/bin/../lib/gcc/arm-none-eabi/9.3.1/../../../../arm-none-eabi/lib/thumb/v7-m/nofp/libc_nano.a(lib_a-memcpy-stub.o)
 .ARM.attributes
                0x0000000000000622       0x2d /Applications/STM32CubeIDE.app/Contents/Eclipse/plugins/com.st.stm32cube.ide.mcu.externaltools.gnu-tools-for-stm32.9-2020-q2-update.macos64_2.0.0.202105311346/tools/bin/../lib/gcc/arm-none-eabi/9.3.1/../../../../arm-none-eabi/lib/thumb/v7-m/nofp/libc_nano.a(lib_a-memmove.o)
 .ARM.attributes
                0x000000000000064f       0x2d /Applications/STM32CubeIDE.app/Contents/Eclipse/plugins/com.st.stm32cube.ide.mcu.externaltools.gnu-tools-for-stm32.9-2020-q2-update.macos64_2.0.0.202105311346/tools/bin/../lib/gcc/arm-none-eabi/9.3.1/../../../../arm-none-eabi/lib/thumb/v7-m/nofp/libc_nano.a(lib_a-nano-freer.o)
 .ARM.attributes
                0x000000000000067c       0x2d /Applications/STM32CubeIDE.app/Contents/Eclipse/plugins/com.st.stm32cube.ide.mcu.externaltools.gnu-tools-for-stm32.9-2020-q2-update.macos64_2.0.0.202105311346/tools/bin/../lib/gcc/arm-none-eabi/9.3.1/../../../../arm-none-eabi/lib/thumb/v7-m/nofp/libc_nano.a(lib_a-nano-mallocr.o)
 .ARM.attributes
                0x00000000000006a9       0x2d /Applications/STM32CubeIDE.app/Contents/Eclipse/plugins/com.st.stm32cube.ide.mcu.externaltools.gnu-tools-for-stm32.9-2020-q2-update.macos64_2.0.0.202105311346/tools/bin/../lib/gcc/arm-none-eabi/9.3.1/../../../../arm-none-eabi/lib/thumb/v7-m/nofp/libc_nano.a(lib_a-nano-reallocr.o)
 .ARM.attributes
                0x00000000000006d6       0x2d /Applications/STM32CubeIDE.app/Contents/Eclipse/plugins/com.st.stm32cube.ide.mcu.externaltools.gnu-tools-for-stm32.9-2020-q2-update.macos64_2.0.0.202105311346/tools/bin/../lib/gcc/arm-none-eabi/9.3.1/../../../../arm-none-eabi/lib/thumb/v7-m/nofp/libc_nano.a(lib_a-sbrkr.o)
 .ARM.attributes
                0x0000000000000703       0x2d /Applications/STM32CubeIDE.app/Contents/Eclipse/plugins/com.st.stm32cube.ide.mcu.externaltools.gnu-tools-for-stm32.9-2020-q2-update.macos64_2.0.0.202105311346/tools/bin/../lib/gcc/arm-none-eabi/9.3.1/../../../../arm-none-eabi/lib/thumb/v7-m/nofp/libc_nano.a(lib_a-mlock.o)
 .ARM.attributes
                0x0000000000000730       0x2d /Applications/STM32CubeIDE.app/Contents/Eclipse/plugins/com.st.stm32cube.ide.mcu.externaltools.gnu-tools-for-stm32.9-2020-q2-update.macos64_2.0.0.202105311346/tools/bin/../lib/gcc/arm-none-eabi/9.3.1/../../../../arm-none-eabi/lib/thumb/v7-m/nofp/libc_nano.a(lib_a-nano-msizer.o)
 .ARM.attributes
                0x000000000000075d       0x2d /Applications/STM32CubeIDE.app/Contents/Eclipse/plugins/com.st.stm32cube.ide.mcu.externaltools.gnu-tools-for-stm32.9-2020-q2-update.macos64_2.0.0.202105311346/tools/bin/../lib/gcc/arm-none-eabi/9.3.1/../../../../arm-none-eabi/lib/thumb/v7-m/nofp/libc_nano.a(lib_a-reent.o)
 .ARM.attributes
                0x000000000000078a       0x2d /Applications/STM32CubeIDE.app/Contents/Eclipse/plugins/com.st.stm32cube.ide.mcu.externaltools.gnu-tools-for-stm32.9-2020-q2-update.macos64_2.0.0.202105311346/tools/bin/../lib/gcc/arm-none-eabi/9.3.1/../../../../arm-none-eabi/lib/thumb/v7-m/nofp/libc_nano.a(lib_a-lock.o)
 .ARM.attributes
                0x00000000000007b7       0x1d /Applications/STM32CubeIDE.app/Contents/Eclipse/plugins/com.st.stm32cube.ide.mcu.externaltools.gnu-tools-for-stm32.9-2020-q2-update.macos64_2.0.0.202105311346/tools/bin/../lib/gcc/arm-none-eabi/9.3.1/thumb/v7-m/nofp/crtn.o
OUTPUT(carwasher_board_fw.elf elf32-littlearm)
LOAD linker stubs
LOAD /Applications/STM32CubeIDE.app/Contents/Eclipse/plugins/com.st.stm32cube.ide.mcu.externaltools.gnu-tools-for-stm32.9-2020-q2-update.macos64_2.0.0.202105311346/tools/bin/../lib/gcc/arm-none-eabi/9.3.1/../../../../arm-none-eabi/lib/thumb/v7-m/nofp/libc.a
LOAD /Applications/STM32CubeIDE.app/Contents/Eclipse/plugins/com.st.stm32cube.ide.mcu.externaltools.gnu-tools-for-stm32.9-2020-q2-update.macos64_2.0.0.202105311346/tools/bin/../lib/gcc/arm-none-eabi/9.3.1/../../../../arm-none-eabi/lib/thumb/v7-m/nofp/libm.a
LOAD /Applications/STM32CubeIDE.app/Contents/Eclipse/plugins/com.st.stm32cube.ide.mcu.externaltools.gnu-tools-for-stm32.9-2020-q2-update.macos64_2.0.0.202105311346/tools/bin/../lib/gcc/arm-none-eabi/9.3.1/thumb/v7-m/nofp/libgcc.a

.debug_info     0x0000000000000000    0x11d5b
 .debug_info    0x0000000000000000      0x4f3 ./Core/Src/gpio.o
 .debug_info    0x00000000000004f3     0x247a ./Core/Src/main.o
 .debug_info    0x000000000000296d      0xafb ./Core/Src/max7219.o
 .debug_info    0x0000000000003468      0x538 ./Core/Src/rtc.o
 .debug_info    0x00000000000039a0      0x899 ./Core/Src/spi.o
 .debug_info    0x0000000000004239      0x2fc ./Core/Src/stm32f1xx_hal_msp.o
 .debug_info    0x0000000000004535      0x7f0 ./Core/Src/stm32f1xx_it.o
 .debug_info    0x0000000000004d25      0xa25 ./Core/Src/sysmem.o
 .debug_info    0x000000000000574a      0x2be ./Core/Src/system_stm32f1xx.o
 .debug_info    0x0000000000005a08      0xa35 ./Core/Src/tim.o
 .debug_info    0x000000000000643d      0x8b7 ./Core/Src/usart.o
 .debug_info    0x0000000000006cf4       0x22 ./Core/Startup/startup_stm32f103c8tx.o
 .debug_info    0x0000000000006d16      0x76a ./Drivers/STM32F1xx_HAL_Driver/Src/stm32f1xx_hal.o
 .debug_info    0x0000000000007480      0xbdc ./Drivers/STM32F1xx_HAL_Driver/Src/stm32f1xx_hal_cortex.o
 .debug_info    0x000000000000805c      0x701 ./Drivers/STM32F1xx_HAL_Driver/Src/stm32f1xx_hal_gpio.o
 .debug_info    0x000000000000875d      0x730 ./Drivers/STM32F1xx_HAL_Driver/Src/stm32f1xx_hal_pwr.o
 .debug_info    0x0000000000008e8d      0x88e ./Drivers/STM32F1xx_HAL_Driver/Src/stm32f1xx_hal_rcc.o
 .debug_info    0x000000000000971b      0x480 ./Drivers/STM32F1xx_HAL_Driver/Src/stm32f1xx_hal_rcc_ex.o
 .debug_info    0x0000000000009b9b      0xdf9 ./Drivers/STM32F1xx_HAL_Driver/Src/stm32f1xx_hal_rtc.o
 .debug_info    0x000000000000a994      0x7d4 ./Drivers/STM32F1xx_HAL_Driver/Src/stm32f1xx_hal_rtc_ex.o
 .debug_info    0x000000000000b168     0x16bf ./Drivers/STM32F1xx_HAL_Driver/Src/stm32f1xx_hal_spi.o
 .debug_info    0x000000000000c827     0x2a45 ./Drivers/STM32F1xx_HAL_Driver/Src/stm32f1xx_hal_tim.o
 .debug_info    0x000000000000f26c     0x14d5 ./Drivers/STM32F1xx_HAL_Driver/Src/stm32f1xx_hal_tim_ex.o
 .debug_info    0x0000000000010741     0x161a ./Drivers/STM32F1xx_HAL_Driver/Src/stm32f1xx_hal_uart.o

.debug_abbrev   0x0000000000000000     0x2ec4
 .debug_abbrev  0x0000000000000000      0x157 ./Core/Src/gpio.o
 .debug_abbrev  0x0000000000000157      0x36e ./Core/Src/main.o
 .debug_abbrev  0x00000000000004c5      0x24a ./Core/Src/max7219.o
 .debug_abbrev  0x000000000000070f      0x193 ./Core/Src/rtc.o
 .debug_abbrev  0x00000000000008a2      0x1bb ./Core/Src/spi.o
 .debug_abbrev  0x0000000000000a5d      0x11d ./Core/Src/stm32f1xx_hal_msp.o
 .debug_abbrev  0x0000000000000b7a      0x176 ./Core/Src/stm32f1xx_it.o
 .debug_abbrev  0x0000000000000cf0      0x1bf ./Core/Src/sysmem.o
 .debug_abbrev  0x0000000000000eaf      0x14e ./Core/Src/system_stm32f1xx.o
 .debug_abbrev  0x0000000000000ffd      0x1bb ./Core/Src/tim.o
 .debug_abbrev  0x00000000000011b8      0x1bb ./Core/Src/usart.o
 .debug_abbrev  0x0000000000001373       0x12 ./Core/Startup/startup_stm32f103c8tx.o
 .debug_abbrev  0x0000000000001385      0x1ed ./Drivers/STM32F1xx_HAL_Driver/Src/stm32f1xx_hal.o
 .debug_abbrev  0x0000000000001572      0x313 ./Drivers/STM32F1xx_HAL_Driver/Src/stm32f1xx_hal_cortex.o
 .debug_abbrev  0x0000000000001885      0x1e8 ./Drivers/STM32F1xx_HAL_Driver/Src/stm32f1xx_hal_gpio.o
 .debug_abbrev  0x0000000000001a6d      0x213 ./Drivers/STM32F1xx_HAL_Driver/Src/stm32f1xx_hal_pwr.o
 .debug_abbrev  0x0000000000001c80      0x273 ./Drivers/STM32F1xx_HAL_Driver/Src/stm32f1xx_hal_rcc.o
 .debug_abbrev  0x0000000000001ef3      0x193 ./Drivers/STM32F1xx_HAL_Driver/Src/stm32f1xx_hal_rcc_ex.o
 .debug_abbrev  0x0000000000002086      0x236 ./Drivers/STM32F1xx_HAL_Driver/Src/stm32f1xx_hal_rtc.o
 .debug_abbrev  0x00000000000022bc      0x24b ./Drivers/STM32F1xx_HAL_Driver/Src/stm32f1xx_hal_rtc_ex.o
 .debug_abbrev  0x0000000000002507      0x26e ./Drivers/STM32F1xx_HAL_Driver/Src/stm32f1xx_hal_spi.o
 .debug_abbrev  0x0000000000002775      0x25e ./Drivers/STM32F1xx_HAL_Driver/Src/stm32f1xx_hal_tim.o
 .debug_abbrev  0x00000000000029d3      0x266 ./Drivers/STM32F1xx_HAL_Driver/Src/stm32f1xx_hal_tim_ex.o
 .debug_abbrev  0x0000000000002c39      0x28b ./Drivers/STM32F1xx_HAL_Driver/Src/stm32f1xx_hal_uart.o

.debug_aranges  0x0000000000000000     0x11d8
 .debug_aranges
                0x0000000000000000       0x20 ./Core/Src/gpio.o
 .debug_aranges
                0x0000000000000020      0x130 ./Core/Src/main.o
 .debug_aranges
                0x0000000000000150       0x90 ./Core/Src/max7219.o
 .debug_aranges
                0x00000000000001e0       0x30 ./Core/Src/rtc.o
 .debug_aranges
                0x0000000000000210       0x30 ./Core/Src/spi.o
 .debug_aranges
                0x0000000000000240       0x20 ./Core/Src/stm32f1xx_hal_msp.o
 .debug_aranges
                0x0000000000000260       0x78 ./Core/Src/stm32f1xx_it.o
 .debug_aranges
                0x00000000000002d8       0x20 ./Core/Src/sysmem.o
 .debug_aranges
                0x00000000000002f8       0x28 ./Core/Src/system_stm32f1xx.o
 .debug_aranges
                0x0000000000000320       0x30 ./Core/Src/tim.o
 .debug_aranges
                0x0000000000000350       0x38 ./Core/Src/usart.o
 .debug_aranges
                0x0000000000000388       0x28 ./Core/Startup/startup_stm32f103c8tx.o
 .debug_aranges
                0x00000000000003b0       0xe0 ./Drivers/STM32F1xx_HAL_Driver/Src/stm32f1xx_hal.o
 .debug_aranges
                0x0000000000000490      0x100 ./Drivers/STM32F1xx_HAL_Driver/Src/stm32f1xx_hal_cortex.o
 .debug_aranges
                0x0000000000000590       0x58 ./Drivers/STM32F1xx_HAL_Driver/Src/stm32f1xx_hal_gpio.o
 .debug_aranges
                0x00000000000005e8       0xa8 ./Drivers/STM32F1xx_HAL_Driver/Src/stm32f1xx_hal_pwr.o
 .debug_aranges
                0x0000000000000690       0x90 ./Drivers/STM32F1xx_HAL_Driver/Src/stm32f1xx_hal_rcc.o
 .debug_aranges
                0x0000000000000720       0x30 ./Drivers/STM32F1xx_HAL_Driver/Src/stm32f1xx_hal_rcc_ex.o
 .debug_aranges
                0x0000000000000750       0xf8 ./Drivers/STM32F1xx_HAL_Driver/Src/stm32f1xx_hal_rtc.o
 .debug_aranges
                0x0000000000000848       0x88 ./Drivers/STM32F1xx_HAL_Driver/Src/stm32f1xx_hal_rtc_ex.o
 .debug_aranges
                0x00000000000008d0      0x1d0 ./Drivers/STM32F1xx_HAL_Driver/Src/stm32f1xx_hal_spi.o
 .debug_aranges
                0x0000000000000aa0      0x3d0 ./Drivers/STM32F1xx_HAL_Driver/Src/stm32f1xx_hal_tim.o
 .debug_aranges
                0x0000000000000e70      0x168 ./Drivers/STM32F1xx_HAL_Driver/Src/stm32f1xx_hal_tim_ex.o
 .debug_aranges
                0x0000000000000fd8      0x200 ./Drivers/STM32F1xx_HAL_Driver/Src/stm32f1xx_hal_uart.o

.debug_ranges   0x0000000000000000     0x1090
 .debug_ranges  0x0000000000000000       0x10 ./Core/Src/gpio.o
 .debug_ranges  0x0000000000000010      0x120 ./Core/Src/main.o
 .debug_ranges  0x0000000000000130       0x80 ./Core/Src/max7219.o
 .debug_ranges  0x00000000000001b0       0x20 ./Core/Src/rtc.o
 .debug_ranges  0x00000000000001d0       0x20 ./Core/Src/spi.o
 .debug_ranges  0x00000000000001f0       0x10 ./Core/Src/stm32f1xx_hal_msp.o
 .debug_ranges  0x0000000000000200       0x68 ./Core/Src/stm32f1xx_it.o
 .debug_ranges  0x0000000000000268       0x10 ./Core/Src/sysmem.o
 .debug_ranges  0x0000000000000278       0x18 ./Core/Src/system_stm32f1xx.o
 .debug_ranges  0x0000000000000290       0x20 ./Core/Src/tim.o
 .debug_ranges  0x00000000000002b0       0x28 ./Core/Src/usart.o
 .debug_ranges  0x00000000000002d8       0x20 ./Core/Startup/startup_stm32f103c8tx.o
 .debug_ranges  0x00000000000002f8       0xd0 ./Drivers/STM32F1xx_HAL_Driver/Src/stm32f1xx_hal.o
 .debug_ranges  0x00000000000003c8       0xf0 ./Drivers/STM32F1xx_HAL_Driver/Src/stm32f1xx_hal_cortex.o
 .debug_ranges  0x00000000000004b8       0x48 ./Drivers/STM32F1xx_HAL_Driver/Src/stm32f1xx_hal_gpio.o
 .debug_ranges  0x0000000000000500       0x98 ./Drivers/STM32F1xx_HAL_Driver/Src/stm32f1xx_hal_pwr.o
 .debug_ranges  0x0000000000000598       0x80 ./Drivers/STM32F1xx_HAL_Driver/Src/stm32f1xx_hal_rcc.o
 .debug_ranges  0x0000000000000618       0x20 ./Drivers/STM32F1xx_HAL_Driver/Src/stm32f1xx_hal_rcc_ex.o
 .debug_ranges  0x0000000000000638       0xe8 ./Drivers/STM32F1xx_HAL_Driver/Src/stm32f1xx_hal_rtc.o
 .debug_ranges  0x0000000000000720       0x78 ./Drivers/STM32F1xx_HAL_Driver/Src/stm32f1xx_hal_rtc_ex.o
 .debug_ranges  0x0000000000000798      0x1c0 ./Drivers/STM32F1xx_HAL_Driver/Src/stm32f1xx_hal_spi.o
 .debug_ranges  0x0000000000000958      0x3c0 ./Drivers/STM32F1xx_HAL_Driver/Src/stm32f1xx_hal_tim.o
 .debug_ranges  0x0000000000000d18      0x158 ./Drivers/STM32F1xx_HAL_Driver/Src/stm32f1xx_hal_tim_ex.o
 .debug_ranges  0x0000000000000e70      0x220 ./Drivers/STM32F1xx_HAL_Driver/Src/stm32f1xx_hal_uart.o

.debug_macro    0x0000000000000000    0x197c3
 .debug_macro   0x0000000000000000      0x1da ./Core/Src/gpio.o
 .debug_macro   0x00000000000001da      0xa9c ./Core/Src/gpio.o
 .debug_macro   0x0000000000000c76      0x227 ./Core/Src/gpio.o
 .debug_macro   0x0000000000000e9d       0x2e ./Core/Src/gpio.o
 .debug_macro   0x0000000000000ecb       0x22 ./Core/Src/gpio.o
 .debug_macro   0x0000000000000eed       0x22 ./Core/Src/gpio.o
 .debug_macro   0x0000000000000f0f       0x8e ./Core/Src/gpio.o
 .debug_macro   0x0000000000000f9d       0x51 ./Core/Src/gpio.o
 .debug_macro   0x0000000000000fee      0x103 ./Core/Src/gpio.o
 .debug_macro   0x00000000000010f1       0x6a ./Core/Src/gpio.o
 .debug_macro   0x000000000000115b      0x1df ./Core/Src/gpio.o
 .debug_macro   0x000000000000133a       0x1c ./Core/Src/gpio.o
 .debug_macro   0x0000000000001356       0x22 ./Core/Src/gpio.o
 .debug_macro   0x0000000000001378       0xc3 ./Core/Src/gpio.o
 .debug_macro   0x000000000000143b      0xd23 ./Core/Src/gpio.o
 .debug_macro   0x000000000000215e     0xe09e ./Core/Src/gpio.o
 .debug_macro   0x00000000000101fc       0x6d ./Core/Src/gpio.o
 .debug_macro   0x0000000000010269     0x3468 ./Core/Src/gpio.o
 .debug_macro   0x00000000000136d1      0x174 ./Core/Src/gpio.o
 .debug_macro   0x0000000000013845       0x5c ./Core/Src/gpio.o
 .debug_macro   0x00000000000138a1      0x5be ./Core/Src/gpio.o
 .debug_macro   0x0000000000013e5f      0x289 ./Core/Src/gpio.o
 .debug_macro   0x00000000000140e8      0x1cb ./Core/Src/gpio.o
 .debug_macro   0x00000000000142b3      0x114 ./Core/Src/gpio.o
 .debug_macro   0x00000000000143c7      0x1b2 ./Core/Src/gpio.o
 .debug_macro   0x0000000000014579       0x27 ./Core/Src/gpio.o
 .debug_macro   0x00000000000145a0      0x136 ./Core/Src/gpio.o
 .debug_macro   0x00000000000146d6      0x1bc ./Core/Src/gpio.o
 .debug_macro   0x0000000000014892       0x34 ./Core/Src/gpio.o
 .debug_macro   0x00000000000148c6       0x3c ./Core/Src/gpio.o
 .debug_macro   0x0000000000014902       0x57 ./Core/Src/gpio.o
 .debug_macro   0x0000000000014959       0x88 ./Core/Src/gpio.o
 .debug_macro   0x00000000000149e1      0x241 ./Core/Src/gpio.o
 .debug_macro   0x0000000000014c22      0x141 ./Core/Src/gpio.o
 .debug_macro   0x0000000000014d63      0x1ef ./Core/Src/gpio.o
 .debug_macro   0x0000000000014f52       0xec ./Core/Src/gpio.o
 .debug_macro   0x000000000001503e      0x217 ./Core/Src/gpio.o
 .debug_macro   0x0000000000015255      0x8d1 ./Core/Src/gpio.o
 .debug_macro   0x0000000000015b26      0x279 ./Core/Src/gpio.o
 .debug_macro   0x0000000000015d9f       0x83 ./Core/Src/gpio.o
 .debug_macro   0x0000000000015e22       0xe8 ./Core/Src/gpio.o
 .debug_macro   0x0000000000015f0a      0x3d2 ./Core/Src/main.o
 .debug_macro   0x00000000000162dc       0x52 ./Core/Src/main.o
 .debug_macro   0x000000000001632e       0x18 ./Core/Src/main.o
 .debug_macro   0x0000000000016346       0x3c ./Core/Src/main.o
 .debug_macro   0x0000000000016382       0x34 ./Core/Src/main.o
 .debug_macro   0x00000000000163b6       0x16 ./Core/Src/main.o
 .debug_macro   0x00000000000163cc       0x35 ./Core/Src/main.o
 .debug_macro   0x0000000000016401      0x333 ./Core/Src/main.o
 .debug_macro   0x0000000000016734       0x10 ./Core/Src/main.o
 .debug_macro   0x0000000000016744       0x16 ./Core/Src/main.o
 .debug_macro   0x000000000001675a       0x43 ./Core/Src/main.o
 .debug_macro   0x000000000001679d       0x34 ./Core/Src/main.o
 .debug_macro   0x00000000000167d1       0x10 ./Core/Src/main.o
 .debug_macro   0x00000000000167e1       0x58 ./Core/Src/main.o
 .debug_macro   0x0000000000016839       0x71 ./Core/Src/main.o
 .debug_macro   0x00000000000168aa       0x1c ./Core/Src/main.o
 .debug_macro   0x00000000000168c6      0x12a ./Core/Src/main.o
 .debug_macro   0x00000000000169f0       0x10 ./Core/Src/main.o
 .debug_macro   0x0000000000016a00       0x1c ./Core/Src/main.o
 .debug_macro   0x0000000000016a1c       0x52 ./Core/Src/main.o
 .debug_macro   0x0000000000016a6e       0x22 ./Core/Src/main.o
 .debug_macro   0x0000000000016a90       0x10 ./Core/Src/main.o
 .debug_macro   0x0000000000016aa0       0x40 ./Core/Src/main.o
 .debug_macro   0x0000000000016ae0       0xd5 ./Core/Src/main.o
 .debug_macro   0x0000000000016bb5       0x1c ./Core/Src/main.o
 .debug_macro   0x0000000000016bd1       0x3d ./Core/Src/main.o
 .debug_macro   0x0000000000016c0e       0x16 ./Core/Src/main.o
 .debug_macro   0x0000000000016c24      0x145 ./Core/Src/main.o
 .debug_macro   0x0000000000016d69       0x16 ./Core/Src/main.o
 .debug_macro   0x0000000000016d7f       0x20 ./Core/Src/main.o
 .debug_macro   0x0000000000016d9f       0x22 ./Core/Src/main.o
 .debug_macro   0x0000000000016dc1      0x1a9 ./Core/Src/main.o
 .debug_macro   0x0000000000016f6a       0x16 ./Core/Src/main.o
 .debug_macro   0x0000000000016f80      0x200 ./Core/Src/max7219.o
 .debug_macro   0x0000000000017180       0x10 ./Core/Src/max7219.o
 .debug_macro   0x0000000000017190      0x1da ./Core/Src/rtc.o
 .debug_macro   0x000000000001736a      0x1da ./Core/Src/spi.o
 .debug_macro   0x0000000000017544      0x1d0 ./Core/Src/stm32f1xx_hal_msp.o
 .debug_macro   0x0000000000017714      0x1da ./Core/Src/stm32f1xx_it.o
 .debug_macro   0x00000000000178ee       0xff ./Core/Src/sysmem.o
 .debug_macro   0x00000000000179ed      0x23b ./Core/Src/sysmem.o
 .debug_macro   0x0000000000017c28      0x1c1 ./Core/Src/system_stm32f1xx.o
 .debug_macro   0x0000000000017de9      0x1da ./Core/Src/tim.o
 .debug_macro   0x0000000000017fc3      0x1da ./Core/Src/usart.o
 .debug_macro   0x000000000001819d      0x1e5 ./Drivers/STM32F1xx_HAL_Driver/Src/stm32f1xx_hal.o
 .debug_macro   0x0000000000018382      0x1c1 ./Drivers/STM32F1xx_HAL_Driver/Src/stm32f1xx_hal_cortex.o
 .debug_macro   0x0000000000018543      0x22c ./Drivers/STM32F1xx_HAL_Driver/Src/stm32f1xx_hal_gpio.o
 .debug_macro   0x000000000001876f      0x221 ./Drivers/STM32F1xx_HAL_Driver/Src/stm32f1xx_hal_pwr.o
 .debug_macro   0x0000000000018990      0x1d3 ./Drivers/STM32F1xx_HAL_Driver/Src/stm32f1xx_hal_rcc.o
 .debug_macro   0x0000000000018b63      0x1c1 ./Drivers/STM32F1xx_HAL_Driver/Src/stm32f1xx_hal_rcc_ex.o
 .debug_macro   0x0000000000018d24      0x1d0 ./Drivers/STM32F1xx_HAL_Driver/Src/stm32f1xx_hal_rtc.o
 .debug_macro   0x0000000000018ef4      0x1c1 ./Drivers/STM32F1xx_HAL_Driver/Src/stm32f1xx_hal_rtc_ex.o
 .debug_macro   0x00000000000190b5      0x1c9 ./Drivers/STM32F1xx_HAL_Driver/Src/stm32f1xx_hal_spi.o
 .debug_macro   0x000000000001927e      0x1c2 ./Drivers/STM32F1xx_HAL_Driver/Src/stm32f1xx_hal_tim.o
 .debug_macro   0x0000000000019440      0x1c1 ./Drivers/STM32F1xx_HAL_Driver/Src/stm32f1xx_hal_tim_ex.o
 .debug_macro   0x0000000000019601      0x1c2 ./Drivers/STM32F1xx_HAL_Driver/Src/stm32f1xx_hal_uart.o

.debug_line     0x0000000000000000    0x13aca
 .debug_line    0x0000000000000000      0x737 ./Core/Src/gpio.o
 .debug_line    0x0000000000000737     0x12eb ./Core/Src/main.o
 .debug_line    0x0000000000001a22      0x986 ./Core/Src/max7219.o
 .debug_line    0x00000000000023a8      0x760 ./Core/Src/rtc.o
 .debug_line    0x0000000000002b08      0x762 ./Core/Src/spi.o
 .debug_line    0x000000000000326a      0x6f6 ./Core/Src/stm32f1xx_hal_msp.o
 .debug_line    0x0000000000003960      0x7ff ./Core/Src/stm32f1xx_it.o
 .debug_line    0x000000000000415f      0x534 ./Core/Src/sysmem.o
 .debug_line    0x0000000000004693      0x773 ./Core/Src/system_stm32f1xx.o
 .debug_line    0x0000000000004e06      0x762 ./Core/Src/tim.o
 .debug_line    0x0000000000005568      0x7d4 ./Core/Src/usart.o
 .debug_line    0x0000000000005d3c       0x87 ./Core/Startup/startup_stm32f103c8tx.o
 .debug_line    0x0000000000005dc3      0x9a0 ./Drivers/STM32F1xx_HAL_Driver/Src/stm32f1xx_hal.o
 .debug_line    0x0000000000006763      0xb88 ./Drivers/STM32F1xx_HAL_Driver/Src/stm32f1xx_hal_cortex.o
 .debug_line    0x00000000000072eb      0xa37 ./Drivers/STM32F1xx_HAL_Driver/Src/stm32f1xx_hal_gpio.o
 .debug_line    0x0000000000007d22      0x922 ./Drivers/STM32F1xx_HAL_Driver/Src/stm32f1xx_hal_pwr.o
 .debug_line    0x0000000000008644      0xdae ./Drivers/STM32F1xx_HAL_Driver/Src/stm32f1xx_hal_rcc.o
 .debug_line    0x00000000000093f2      0x8ec ./Drivers/STM32F1xx_HAL_Driver/Src/stm32f1xx_hal_rcc_ex.o
 .debug_line    0x0000000000009cde     0x1112 ./Drivers/STM32F1xx_HAL_Driver/Src/stm32f1xx_hal_rtc.o
 .debug_line    0x000000000000adf0      0xa29 ./Drivers/STM32F1xx_HAL_Driver/Src/stm32f1xx_hal_rtc_ex.o
 .debug_line    0x000000000000b819     0x1c25 ./Drivers/STM32F1xx_HAL_Driver/Src/stm32f1xx_hal_spi.o
 .debug_line    0x000000000000d43e     0x3349 ./Drivers/STM32F1xx_HAL_Driver/Src/stm32f1xx_hal_tim.o
 .debug_line    0x0000000000010787     0x18c8 ./Drivers/STM32F1xx_HAL_Driver/Src/stm32f1xx_hal_tim_ex.o
 .debug_line    0x000000000001204f     0x1a7b ./Drivers/STM32F1xx_HAL_Driver/Src/stm32f1xx_hal_uart.o

.debug_str      0x0000000000000000    0x8ff9c
 .debug_str     0x0000000000000000    0x865b6 ./Core/Src/gpio.o
                                      0x86991 (size before relaxing)
 .debug_str     0x00000000000865b6     0x5a35 ./Core/Src/main.o
                                      0x8c591 (size before relaxing)
 .debug_str     0x000000000008bfeb      0x2c6 ./Core/Src/max7219.o
                                      0x86dde (size before relaxing)
 .debug_str     0x000000000008c2b1       0x76 ./Core/Src/rtc.o
                                      0x8682c (size before relaxing)
 .debug_str     0x000000000008c327       0x4b ./Core/Src/spi.o
                                      0x86a9e (size before relaxing)
 .debug_str     0x000000000008c372       0x5a ./Core/Src/stm32f1xx_hal_msp.o
                                      0x86672 (size before relaxing)
 .debug_str     0x000000000008c3cc       0xf1 ./Core/Src/stm32f1xx_it.o
                                      0x86b91 (size before relaxing)
 .debug_str     0x000000000008c4bd      0x4e9 ./Core/Src/sysmem.o
                                       0x626a (size before relaxing)
 .debug_str     0x000000000008c9a6       0x52 ./Core/Src/system_stm32f1xx.o
                                      0x862b5 (size before relaxing)
 .debug_str     0x000000000008c9f8       0xf7 ./Core/Src/tim.o
                                      0x86edb (size before relaxing)
 .debug_str     0x000000000008caef       0x6b ./Core/Src/usart.o
                                      0x86ac7 (size before relaxing)
 .debug_str     0x000000000008cb5a       0x36 ./Core/Startup/startup_stm32f103c8tx.o
                                         0x7e (size before relaxing)
 .debug_str     0x000000000008cb90      0x2fa ./Drivers/STM32F1xx_HAL_Driver/Src/stm32f1xx_hal.o
                                      0x86946 (size before relaxing)
 .debug_str     0x000000000008ce8a      0x300 ./Drivers/STM32F1xx_HAL_Driver/Src/stm32f1xx_hal_cortex.o
                                      0x8694e (size before relaxing)
 .debug_str     0x000000000008d18a      0x2e7 ./Drivers/STM32F1xx_HAL_Driver/Src/stm32f1xx_hal_gpio.o
                                      0x86679 (size before relaxing)
 .debug_str     0x000000000008d471      0x507 ./Drivers/STM32F1xx_HAL_Driver/Src/stm32f1xx_hal_pwr.o
                                      0x86818 (size before relaxing)
 .debug_str     0x000000000008d978      0x243 ./Drivers/STM32F1xx_HAL_Driver/Src/stm32f1xx_hal_rcc.o
                                      0x866b2 (size before relaxing)
 .debug_str     0x000000000008dbbb       0xb9 ./Drivers/STM32F1xx_HAL_Driver/Src/stm32f1xx_hal_rcc_ex.o
                                      0x8643f (size before relaxing)
 .debug_str     0x000000000008dc74      0x33a ./Drivers/STM32F1xx_HAL_Driver/Src/stm32f1xx_hal_rtc.o
                                      0x867c5 (size before relaxing)
 .debug_str     0x000000000008dfae      0x206 ./Drivers/STM32F1xx_HAL_Driver/Src/stm32f1xx_hal_rtc_ex.o
                                      0x86622 (size before relaxing)
 .debug_str     0x000000000008e1b4      0x54e ./Drivers/STM32F1xx_HAL_Driver/Src/stm32f1xx_hal_spi.o
                                      0x86bc1 (size before relaxing)
 .debug_str     0x000000000008e702      0xdc8 ./Drivers/STM32F1xx_HAL_Driver/Src/stm32f1xx_hal_tim.o
                                      0x87684 (size before relaxing)
 .debug_str     0x000000000008f4ca      0x4ee ./Drivers/STM32F1xx_HAL_Driver/Src/stm32f1xx_hal_tim_ex.o
                                      0x86e35 (size before relaxing)
 .debug_str     0x000000000008f9b8      0x5e4 ./Drivers/STM32F1xx_HAL_Driver/Src/stm32f1xx_hal_uart.o
                                      0x86ca4 (size before relaxing)

.comment        0x0000000000000000       0x53
 .comment       0x0000000000000000       0x53 ./Core/Src/gpio.o
                                         0x54 (size before relaxing)
 .comment       0x0000000000000053       0x54 ./Core/Src/main.o
 .comment       0x0000000000000053       0x54 ./Core/Src/max7219.o
 .comment       0x0000000000000053       0x54 ./Core/Src/rtc.o
 .comment       0x0000000000000053       0x54 ./Core/Src/spi.o
 .comment       0x0000000000000053       0x54 ./Core/Src/stm32f1xx_hal_msp.o
 .comment       0x0000000000000053       0x54 ./Core/Src/stm32f1xx_it.o
 .comment       0x0000000000000053       0x54 ./Core/Src/sysmem.o
 .comment       0x0000000000000053       0x54 ./Core/Src/system_stm32f1xx.o
 .comment       0x0000000000000053       0x54 ./Core/Src/tim.o
 .comment       0x0000000000000053       0x54 ./Core/Src/usart.o
 .comment       0x0000000000000053       0x54 ./Drivers/STM32F1xx_HAL_Driver/Src/stm32f1xx_hal.o
 .comment       0x0000000000000053       0x54 ./Drivers/STM32F1xx_HAL_Driver/Src/stm32f1xx_hal_cortex.o
 .comment       0x0000000000000053       0x54 ./Drivers/STM32F1xx_HAL_Driver/Src/stm32f1xx_hal_gpio.o
 .comment       0x0000000000000053       0x54 ./Drivers/STM32F1xx_HAL_Driver/Src/stm32f1xx_hal_pwr.o
 .comment       0x0000000000000053       0x54 ./Drivers/STM32F1xx_HAL_Driver/Src/stm32f1xx_hal_rcc.o
 .comment       0x0000000000000053       0x54 ./Drivers/STM32F1xx_HAL_Driver/Src/stm32f1xx_hal_rcc_ex.o
 .comment       0x0000000000000053       0x54 ./Drivers/STM32F1xx_HAL_Driver/Src/stm32f1xx_hal_rtc.o
 .comment       0x0000000000000053       0x54 ./Drivers/STM32F1xx_HAL_Driver/Src/stm32f1xx_hal_rtc_ex.o
 .comment       0x0000000000000053       0x54 ./Drivers/STM32F1xx_HAL_Driver/Src/stm32f1xx_hal_spi.o