Archive member included to satisfy reference by file (symbol)

/Applications/STM32CubeIDE.app/Contents/Eclipse/plugins/com.st.stm32cube.ide.mcu.externaltools.gnu-tools-for-stm32.9-2020-q2-update.macos64_2.0.0.202105311346/tools/bin/../lib/gcc/arm-none-eabi/9.3.1/../../../../arm-none-eabi/lib/thumb/v7-m/nofp/libc_nano.a(lib_a-errno.o)
                              ./Core/Src/syscalls.o (__errno)
/Applications/STM32CubeIDE.app/Contents/Eclipse/plugins/com.st.stm32cube.ide.mcu.externaltools.gnu-tools-for-stm32.9-2020-q2-update.macos64_2.0.0.202105311346/tools/bin/../lib/gcc/arm-none-eabi/9.3.1/../../../../arm-none-eabi/lib/thumb/v7-m/nofp/libc_nano.a(lib_a-exit.o)
                              /Applications/STM32CubeIDE.app/Contents/Eclipse/plugins/com.st.stm32cube.ide.mcu.externaltools.gnu-tools-for-stm32.9-2020-q2-update.macos64_2.0.0.202105311346/tools/bin/../lib/gcc/arm-none-eabi/9.3.1/../../../../arm-none-eabi/lib/thumb/v7-m/nofp/crt0.o (exit)
/Applications/STM32CubeIDE.app/Contents/Eclipse/plugins/com.st.stm32cube.ide.mcu.externaltools.gnu-tools-for-stm32.9-2020-q2-update.macos64_2.0.0.202105311346/tools/bin/../lib/gcc/arm-none-eabi/9.3.1/../../../../arm-none-eabi/lib/thumb/v7-m/nofp/libc_nano.a(lib_a-impure.o)
                              /Applications/STM32CubeIDE.app/Contents/Eclipse/plugins/com.st.stm32cube.ide.mcu.externaltools.gnu-tools-for-stm32.9-2020-q2-update.macos64_2.0.0.202105311346/tools/bin/../lib/gcc/arm-none-eabi/9.3.1/../../../../arm-none-eabi/lib/thumb/v7-m/nofp/libc_nano.a(lib_a-exit.o) (_global_impure_ptr)
/Applications/STM32CubeIDE.app/Contents/Eclipse/plugins/com.st.stm32cube.ide.mcu.externaltools.gnu-tools-for-stm32.9-2020-q2-update.macos64_2.0.0.202105311346/tools/bin/../lib/gcc/arm-none-eabi/9.3.1/../../../../arm-none-eabi/lib/thumb/v7-m/nofp/libc_nano.a(lib_a-init.o)
                              /Applications/STM32CubeIDE.app/Contents/Eclipse/plugins/com.st.stm32cube.ide.mcu.externaltools.gnu-tools-for-stm32.9-2020-q2-update.macos64_2.0.0.202105311346/tools/bin/../lib/gcc/arm-none-eabi/9.3.1/../../../../arm-none-eabi/lib/thumb/v7-m/nofp/crt0.o (__libc_init_array)
/Applications/STM32CubeIDE.app/Contents/Eclipse/plugins/com.st.stm32cube.ide.mcu.externaltools.gnu-tools-for-stm32.9-2020-q2-update.macos64_2.0.0.202105311346/tools/bin/../lib/gcc/arm-none-eabi/9.3.1/../../../../arm-none-eabi/lib/thumb/v7-m/nofp/libc_nano.a(lib_a-memset.o)
                              /Applications/STM32CubeIDE.app/Contents/Eclipse/plugins/com.st.stm32cube.ide.mcu.externaltools.gnu-tools-for-stm32.9-2020-q2-update.macos64_2.0.0.202105311346/tools/bin/../lib/gcc/arm-none-eabi/9.3.1/../../../../arm-none-eabi/lib/thumb/v7-m/nofp/crt0.o (memset)
/Applications/STM32CubeIDE.app/Contents/Eclipse/plugins/com.st.stm32cube.ide.mcu.externaltools.gnu-tools-for-stm32.9-2020-q2-update.macos64_2.0.0.202105311346/tools/bin/../lib/gcc/arm-none-eabi/9.3.1/../../../../arm-none-eabi/lib/thumb/v7-m/nofp/libc_nano.a(lib_a-sprintf.o)
                              ./Core/Src/main.o (sprintf)
/Applications/STM32CubeIDE.app/Contents/Eclipse/plugins/com.st.stm32cube.ide.mcu.externaltools.gnu-tools-for-stm32.9-2020-q2-update.macos64_2.0.0.202105311346/tools/bin/../lib/gcc/arm-none-eabi/9.3.1/../../../../arm-none-eabi/lib/thumb/v7-m/nofp/libc_nano.a(lib_a-strlen.o)
                              ./Core/Src/main.o (strlen)
/Applications/STM32CubeIDE.app/Contents/Eclipse/plugins/com.st.stm32cube.ide.mcu.externaltools.gnu-tools-for-stm32.9-2020-q2-update.macos64_2.0.0.202105311346/tools/bin/../lib/gcc/arm-none-eabi/9.3.1/../../../../arm-none-eabi/lib/thumb/v7-m/nofp/libc_nano.a(lib_a-nano-svfprintf.o)
                              /Applications/STM32CubeIDE.app/Contents/Eclipse/plugins/com.st.stm32cube.ide.mcu.externaltools.gnu-tools-for-stm32.9-2020-q2-update.macos64_2.0.0.202105311346/tools/bin/../lib/gcc/arm-none-eabi/9.3.1/../../../../arm-none-eabi/lib/thumb/v7-m/nofp/libc_nano.a(lib_a-sprintf.o) (_svfprintf_r)
/Applications/STM32CubeIDE.app/Contents/Eclipse/plugins/com.st.stm32cube.ide.mcu.externaltools.gnu-tools-for-stm32.9-2020-q2-update.macos64_2.0.0.202105311346/tools/bin/../lib/gcc/arm-none-eabi/9.3.1/../../../../arm-none-eabi/lib/thumb/v7-m/nofp/libc_nano.a(lib_a-nano-vfprintf_i.o)
                              /Applications/STM32CubeIDE.app/Contents/Eclipse/plugins/com.st.stm32cube.ide.mcu.externaltools.gnu-tools-for-stm32.9-2020-q2-update.macos64_2.0.0.202105311346/tools/bin/../lib/gcc/arm-none-eabi/9.3.1/../../../../arm-none-eabi/lib/thumb/v7-m/nofp/libc_nano.a(lib_a-nano-svfprintf.o) (_printf_i)
/Applications/STM32CubeIDE.app/Contents/Eclipse/plugins/com.st.stm32cube.ide.mcu.externaltools.gnu-tools-for-stm32.9-2020-q2-update.macos64_2.0.0.202105311346/tools/bin/../lib/gcc/arm-none-eabi/9.3.1/../../../../arm-none-eabi/lib/thumb/v7-m/nofp/libc_nano.a(lib_a-memchr-stub.o)
[...]
Memory Configuration

Name             Origin             Length             Attributes
RAM              0x0000000020000000 0x0000000000005000 xrw
FLASH            0x0000000008000000 0x0000000000010000 xr
*default*        0x0000000000000000 0xffffffffffffffff

Linker script and memory map

LOAD /Applications/STM32CubeIDE.app/Contents/Eclipse/plugins/com.st.stm32cube.ide.mcu.externaltools.gnu-tools-for-stm32.9-2020-q2-update.macos64_2.0.0.202105311346/tools/bin/../lib/gcc/arm-none-eabi/9.3.1/thumb/v7-m/nofp/crti.o
LOAD /Applications/STM32CubeIDE.app/Contents/Eclipse/plugins/com.st.stm32cube.ide.mcu.externaltools.gnu-tools-for-stm32.9-2020-q2-update.macos64_2.0.0.202105311346/tools/bin/../lib/gcc/arm-none-eabi/9.3.1/thumb/v7-m/nofp/crtbegin.o
LOAD /Applications/STM32CubeIDE.app/Contents/Eclipse/plugins/com.st.stm32cube.ide.mcu.externaltools.gnu-tools-for-stm32.9-2020-q2-update.macos64_2.0.0.202105311346/tools/bin/../lib/gcc/arm-none-eabi/9.3.1/../../../../arm-none-eabi/lib/thumb/v7-m/nofp/crt0.o
LOAD ./Core/Src/gpio.o
LOAD ./Core/Src/main.o
LOAD ./Core/Src/max7219.o
LOAD ./Core/Src/rtc.o
LOAD ./Core/Src/spi.o
LOAD ./Core/Src/stm32f1xx_hal_msp.o
LOAD ./Core/Src/stm32f1xx_it.o
LOAD ./Core/Src/syscalls.o
LOAD ./Core/Src/sysmem.o
LOAD ./Core/Src/system_stm32f1xx.o
LOAD ./Core/Src/tim.o
LOAD ./Core/Src/usart.o
LOAD ./Core/Startup/startup_stm32f103c8tx.o
LOAD ./Drivers/STM32F1xx_HAL_Driver/Src/stm32f1xx_hal.o
LOAD ./Drivers/STM32F1xx_HAL_Driver/Src/stm32f1xx_hal_cortex.o
LOAD ./Drivers/STM32F1xx_HAL_Driver/Src/stm32f1xx_hal_dma.o
LOAD ./Drivers/STM32F1xx_HAL_Driver/Src/stm32f1xx_hal_exti.o
LOAD ./Drivers/STM32F1xx_HAL_Driver/Src/stm32f1xx_hal_flash.o
LOAD ./Drivers/STM32F1xx_HAL_Driver/Src/stm32f1xx_hal_flash_ex.o
LOAD ./Drivers/STM32F1xx_HAL_Driver/Src/stm32f1xx_hal_gpio.o
LOAD ./Drivers/STM32F1xx_HAL_Driver/Src/stm32f1xx_hal_gpio_ex.o
LOAD ./Drivers/STM32F1xx_HAL_Driver/Src/stm32f1xx_hal_pwr.o
LOAD ./Drivers/STM32F1xx_HAL_Driver/Src/stm32f1xx_hal_rcc.o
LOAD ./Drivers/STM32F1xx_HAL_Driver/Src/stm32f1xx_hal_rcc_ex.o
LOAD ./Drivers/STM32F1xx_HAL_Driver/Src/stm32f1xx_hal_rtc.o
LOAD ./Drivers/STM32F1xx_HAL_Driver/Src/stm32f1xx_hal_rtc_ex.o
LOAD ./Drivers/STM32F1xx_HAL_Driver/Src/stm32f1xx_hal_spi.o
LOAD ./Drivers/STM32F1xx_HAL_Driver/Src/stm32f1xx_hal_tim.o
LOAD ./Drivers/STM32F1xx_HAL_Driver/Src/stm32f1xx_hal_tim_ex.o
LOAD ./Drivers/STM32F1xx_HAL_Driver/Src/stm32f1xx_hal_uart.o
START GROUP
LOAD /Applications/STM32CubeIDE.app/Contents/Eclipse/plugins/com.st.stm32cube.ide.mcu.externaltools.gnu-tools-for-stm32.9-2020-q2-update.macos64_2.0.0.202105311346/tools/bin/../lib/gcc/arm-none-eabi/9.3.1/../../../../arm-none-eabi/lib/thumb/v7-m/nofp/libstdc++_nano.a
LOAD /Applications/STM32CubeIDE.app/Contents/Eclipse/plugins/com.st.stm32cube.ide.mcu.externaltools.gnu-tools-for-stm32.9-2020-q2-update.macos64_2.0.0.202105311346/tools/bin/../lib/gcc/arm-none-eabi/9.3.1/../../../../arm-none-eabi/lib/thumb/v7-m/nofp/libsupc++_nano.a
END GROUP
LOAD /Applications/STM32CubeIDE.app/Contents/Eclipse/plugins/com.st.stm32cube.ide.mcu.externaltools.gnu-tools-for-stm32.9-2020-q2-update.macos64_2.0.0.202105311346/tools/bin/../lib/gcc/arm-none-eabi/9.3.1/../../../../arm-none-eabi/lib/thumb/v7-m/nofp/libstdc++_nano.a
LOAD /Applications/STM32CubeIDE.app/Contents/Eclipse/plugins/com.st.stm32cube.ide.mcu.externaltools.gnu-tools-for-stm32.9-2020-q2-update.macos64_2.0.0.202105311346/tools/bin/../lib/gcc/arm-none-eabi/9.3.1/../../../../arm-none-eabi/lib/thumb/v7-m/nofp/libm.a
LOAD /Applications/STM32CubeIDE.app/Contents/Eclipse/plugins/com.st.stm32cube.ide.mcu.externaltools.gnu-tools-for-stm32.9-2020-q2-update.macos64_2.0.0.202105311346/tools/bin/../lib/gcc/arm-none-eabi/9.3.1/../../../../arm-none-eabi/lib/thumb/v7-m/nofp/libc_nano.a
START GROUP
LOAD /Applications/STM32CubeIDE.app/Contents/Eclipse/plugins/com.st.stm32cube.ide.mcu.externaltools.gnu-tools-for-stm32.9-2020-q2-update.macos64_2.0.0.202105311346/tools/bin/../lib/gcc/arm-none-eabi/9.3.1/thumb/v7-m/nofp/libgcc.a
LOAD /Applications/STM32CubeIDE.app/Contents/Eclipse/plugins/com.st.stm32cube.ide.mcu.externaltools.gnu-tools-for-stm32.9-2020-q2-update.macos64_2.0.0.202105311346/tools/bin/../lib/gcc/arm-none-eabi/9.3.1/../../../../arm-none-eabi/lib/thumb/v7-m/nofp/libc_nano.a
END GROUP
START GROUP
LOAD /Applications/STM32CubeIDE.app/Contents/Eclipse/plugins/com.st.stm32cube.ide.mcu.externaltools.gnu-tools-for-stm32.9-2020-q2-update.macos64_2.0.0.202105311346/tools/bin/../lib/gcc/arm-none-eabi/9.3.1/thumb/v7-m/nofp/libgcc.a
LOAD /Applications/STM32CubeIDE.app/Contents/Eclipse/plugins/com.st.stm32cube.ide.mcu.externaltools.gnu-tools-for-stm32.9-2020-q2-update.macos64_2.0.0.202105311346/tools/bin/../lib/gcc/arm-none-eabi/9.3.1/../../../../arm-none-eabi/lib/thumb/v7-m/nofp/libc_nano.a
LOAD /Applications/STM32CubeIDE.app/Contents/Eclipse/plugins/com.st.stm32cube.ide.mcu.externaltools.gnu-tools-for-stm32.9-2020-q2-update.macos64_2.0.0.202105311346/tools/bin/../lib/gcc/arm-none-eabi/9.3.1/../../../../arm-none-eabi/lib/thumb/v7-m/nofp/libnosys.a
END GROUP
START GROUP
LOAD /Applications/STM32CubeIDE.app/Contents/Eclipse/plugins/com.st.stm32cube.ide.mcu.externaltools.gnu-tools-for-stm32.9-2020-q2-update.macos64_2.0.0.202105311346/tools/bin/../lib/gcc/arm-none-eabi/9.3.1/thumb/v7-m/nofp/libgcc.a
LOAD /Applications/STM32CubeIDE.app/Contents/Eclipse/plugins/com.st.stm32cube.ide.mcu.externaltools.gnu-tools-for-stm32.9-2020-q2-update.macos64_2.0.0.202105311346/tools/bin/../lib/gcc/arm-none-eabi/9.3.1/../../../../arm-none-eabi/lib/thumb/v7-m/nofp/libc_nano.a
LOAD /Applications/STM32CubeIDE.app/Contents/Eclipse/plugins/com.st.stm32cube.ide.mcu.externaltools.gnu-tools-for-stm32.9-2020-q2-update.macos64_2.0.0.202105311346/tools/bin/../lib/gcc/arm-none-eabi/9.3.1/../../../../arm-none-eabi/lib/thumb/v7-m/nofp/libnosys.a
END GROUP
LOAD /Applications/STM32CubeIDE.app/Contents/Eclipse/plugins/com.st.stm32cube.ide.mcu.externaltools.gnu-tools-for-stm32.9-2020-q2-update.macos64_2.0.0.202105311346/tools/bin/../lib/gcc/arm-none-eabi/9.3.1/thumb/v7-m/nofp/crtend.o
LOAD /Applications/STM32CubeIDE.app/Contents/Eclipse/plugins/com.st.stm32cube.ide.mcu.externaltools.gnu-tools-for-stm32.9-2020-q2-update.macos64_2.0.0.202105311346/tools/bin/../lib/gcc/arm-none-eabi/9.3.1/thumb/v7-m/nofp/crtn.o
                0x0000000020005000                _estack = (ORIGIN (RAM) + LENGTH (RAM))
                0x0000000000000200                _Min_Heap_Size = 0x200
                0x0000000000000400                _Min_Stack_Size = 0x400

.isr_vector     0x0000000008000000      0x10c
                0x0000000008000000                . = ALIGN (0x4)
 *(.isr_vector)
 .isr_vector    0x0000000008000000      0x10c ./Core/Startup/startup_stm32f103c8tx.o
                0x0000000008000000                g_pfnVectors
                0x000000000800010c                . = ALIGN (0x4)

.text           0x000000000800010c     0x549c
                0x000000000800010c                . = ALIGN (0x4)
 *(.text)
 .text          0x000000000800010c       0x40 /Applications/STM32CubeIDE.app/Contents/Eclipse/plugins/com.st.stm32cube.ide.mcu.externaltools.gnu-tools-for-stm32.9-2020-q2-update.macos64_2.0.0.202105311346/tools/bin/../lib/gcc/arm-none-eabi/9.3.1/thumb/v7-m/nofp/crtbegin.o
 .text          0x000000000800014c       0x10 /Applications/STM32CubeIDE.app/Contents/Eclipse/plugins/com.st.stm32cube.ide.mcu.externaltools.gnu-tools-for-stm32.9-2020-q2-update.macos64_2.0.0.202105311346/tools/bin/../lib/gcc/arm-none-eabi/9.3.1/../../../../arm-none-eabi/lib/thumb/v7-m/nofp/libc_nano.a(lib_a-strlen.o)
                0x000000000800014c                strlen
 *(.text*)
 .text.MX_GPIO_Init
                0x000000000800015c      0x150 ./Core/Src/gpio.o
                0x000000000800015c                MX_GPIO_Init
 .text.main     0x00000000080002ac       0xe8 ./Core/Src/main.o
                0x00000000080002ac                main
 .text.SystemClock_Config
                0x0000000008000394       0xb2 ./Core/Src/main.o
                0x0000000008000394                SystemClock_Config
 *fill*         0x0000000008000446        0x2 
 .text.disable_exti
                0x0000000008000448       0x34 ./Core/Src/main.o
                0x0000000008000448                disable_exti
 .text.enable_exti
                0x000000000800047c       0x50 ./Core/Src/main.o
                0x000000000800047c                enable_exti
 .text.send_iot_status
                0x00000000080004cc       0x80 ./Core/Src/main.o
                0x00000000080004cc                send_iot_status
 .text.display_menu
                0x000000000800054c       0xb8 ./Core/Src/main.o
                0x000000000800054c                display_menu
 .text.setting_menu_loop
                0x0000000008000604       0x84 ./Core/Src/main.o
                0x0000000008000604                setting_menu_loop
 .text.store_credit_eeprom
                0x0000000008000688       0x32 ./Core/Src/main.o
                0x0000000008000688                store_credit_eeprom
 *fill*         0x00000000080006ba        0x2 
 .text.eeprom_write
                0x00000000080006bc       0xac ./Core/Src/main.o
                0x00000000080006bc                eeprom_write
 .text.set_add_duration_of_function
                0x0000000008000768      0x130 ./Core/Src/main.o
                0x0000000008000768                set_add_duration_of_function
 .text.set_substract_duration_of_function
                0x0000000008000898      0x130 ./Core/Src/main.o
                0x0000000008000898                set_substract_duration_of_function
 .text.segment_display_function_settings
                0x00000000080009c8       0x4c ./Core/Src/main.o
                0x00000000080009c8                segment_display_function_settings
 .text.HAL_TIM_PeriodElapsedCallback
                0x0000000008000a14      0x100 ./Core/Src/main.o
                0x0000000008000a14                HAL_TIM_PeriodElapsedCallback
 .text.get_function_duration
                0x0000000008000b14       0x80 ./Core/Src/main.o
                0x0000000008000b14                get_function_duration
 .text.reset_all_state
                0x0000000008000b94       0x78 ./Core/Src/main.o
                0x0000000008000b94                reset_all_state
 .text.decrease_credit
                0x0000000008000c0c       0xd0 ./Core/Src/main.o
                0x0000000008000c0c                decrease_credit
 .text.do_1sec_tick
                0x0000000008000cdc       0xc8 ./Core/Src/main.o
                0x0000000008000cdc                do_1sec_tick
 .text.do_500ms_tick
                0x0000000008000da4        0xc ./Core/Src/main.o
                0x0000000008000da4                do_500ms_tick
 .text.do_200ms_tick
                0x0000000008000db0       0x44 ./Core/Src/main.o
                0x0000000008000db0                do_200ms_tick
 .text.do_300ms_tick
                0x0000000008000df4       0x28 ./Core/Src/main.o
                0x0000000008000df4                do_300ms_tick
 .text.do_400ms_tick
                0x0000000008000e1c       0x74 ./Core/Src/main.o
                0x0000000008000e1c                do_400ms_tick
 .text.init_display
                0x0000000008000e90       0x1c ./Core/Src/main.o
                0x0000000008000e90                init_display
 .text.reset_all_pins
                0x0000000008000eac       0x64 ./Core/Src/main.o
                0x0000000008000eac                reset_all_pins
 .text.set_output_to
                0x0000000008000f10      0x124 ./Core/Src/main.o
                0x0000000008000f10                set_output_to
 .text.do_operation
                0x0000000008001034       0x38 ./Core/Src/main.o
                0x0000000008001034                do_operation
 .text.read_button
                0x000000000800106c      0x1d4 ./Core/Src/main.o
                0x000000000800106c                read_button
 .text.segment_display_int
                0x0000000008001240       0x54 ./Core/Src/main.o
                0x0000000008001240                segment_display_int
 .text.segment_display_standby
                0x0000000008001294       0xf8 ./Core/Src/main.o
                0x0000000008001294                segment_display_standby
 .text.add_bank_note_credit
                0x000000000800138c      0x120 ./Core/Src/main.o
                0x000000000800138c                add_bank_note_credit
 .text.add_coin_credit
                0x00000000080014ac       0xec ./Core/Src/main.o
                0x00000000080014ac                add_coin_credit
 .text.read_credit_eeprom
                0x0000000008001598       0x3c ./Core/Src/main.o
                0x0000000008001598                read_credit_eeprom
 .text.read_settings_from_eeprom
                0x00000000080015d4      0x298 ./Core/Src/main.o
                0x00000000080015d4                read_settings_from_eeprom
 .text.HAL_GPIO_EXTI_Callback
                0x000000000800186c       0x84 ./Core/Src/main.o
                0x000000000800186c                HAL_GPIO_EXTI_Callback
 .text.Error_Handler
                0x00000000080018f0        0xa ./Core/Src/main.o
                0x00000000080018f0                Error_Handler
 .text.max7219_Init
                0x00000000080018fa       0x32 ./Core/Src/max7219.o
                0x00000000080018fa                max7219_Init
 .text.max7219_SetIntensivity
                0x000000000800192c       0x24 ./Core/Src/max7219.o
                0x000000000800192c                max7219_SetIntensivity
 .text.max7219_DisableDisplayTest
                0x0000000008001950       0x10 ./Core/Src/max7219.o
                0x0000000008001950                max7219_DisableDisplayTest
 .text.max7219_Clean
                0x0000000008001960       0x48 ./Core/Src/max7219.o
                0x0000000008001960                max7219_Clean
 .text.max7219_SendData
                0x00000000080019a8       0x54 ./Core/Src/max7219.o
                0x00000000080019a8                max7219_SendData
 .text.max7219_Turn_On
                0x00000000080019fc       0x14 ./Core/Src/max7219.o
                0x00000000080019fc                max7219_Turn_On
 .text.max7219_Turn_Off
                0x0000000008001a10       0x14 ./Core/Src/max7219.o
                0x0000000008001a10                max7219_Turn_Off
 .text.max7219_Decode_On
                0x0000000008001a24       0x20 ./Core/Src/max7219.o
                0x0000000008001a24                max7219_Decode_On
 .text.max7219_PrintDigit
                0x0000000008001a44       0xb4 ./Core/Src/max7219.o
                0x0000000008001a44                max7219_PrintDigit
 .text.max7219_PrintItos
                0x0000000008001af8       0xf4 ./Core/Src/max7219.o
                0x0000000008001af8                max7219_PrintItos
 .text.getSymbol
                0x0000000008001bec       0x20 ./Core/Src/max7219.o
 .text.MX_RTC_Init
                0x0000000008001c0c       0x94 ./Core/Src/rtc.o
                0x0000000008001c0c                MX_RTC_Init
 .text.HAL_RTC_MspInit
                0x0000000008001ca0       0x48 ./Core/Src/rtc.o
                0x0000000008001ca0                HAL_RTC_MspInit
 .text.MX_SPI2_Init
                0x0000000008001ce8       0x6c ./Core/Src/spi.o
                0x0000000008001ce8                MX_SPI2_Init
 .text.HAL_SPI_MspInit
                0x0000000008001d54       0x80 ./Core/Src/spi.o
                0x0000000008001d54                HAL_SPI_MspInit
 .text.HAL_MspInit
                0x0000000008001dd4       0x64 ./Core/Src/stm32f1xx_hal_msp.o
                0x0000000008001dd4                HAL_MspInit
 .text.NMI_Handler
                0x0000000008001e38        0x6 ./Core/Src/stm32f1xx_it.o
                0x0000000008001e38                NMI_Handler
 .text.HardFault_Handler
                0x0000000008001e3e        0x6 ./Core/Src/stm32f1xx_it.o
                0x0000000008001e3e                HardFault_Handler
 .text.MemManage_Handler
                0x0000000008001e44        0x6 ./Core/Src/stm32f1xx_it.o
                0x0000000008001e44                MemManage_Handler
 .text.BusFault_Handler
                0x0000000008001e4a        0x6 ./Core/Src/stm32f1xx_it.o
                0x0000000008001e4a                BusFault_Handler
 .text.UsageFault_Handler
                0x0000000008001e50        0x6 ./Core/Src/stm32f1xx_it.o
                0x0000000008001e50                UsageFault_Handler
 .text.SVC_Handler
                0x0000000008001e56        0xc ./Core/Src/stm32f1xx_it.o
                0x0000000008001e56                SVC_Handler
 .text.DebugMon_Handler
                0x0000000008001e62        0xc ./Core/Src/stm32f1xx_it.o
                0x0000000008001e62                DebugMon_Handler
 .text.PendSV_Handler
                0x0000000008001e6e        0xc ./Core/Src/stm32f1xx_it.o
                0x0000000008001e6e                PendSV_Handler
 .text.SysTick_Handler
                0x0000000008001e7a        0xc ./Core/Src/stm32f1xx_it.o
                0x0000000008001e7a                SysTick_Handler
 .text.EXTI4_IRQHandler
                0x0000000008001e86        0xe ./Core/Src/stm32f1xx_it.o
                0x0000000008001e86                EXTI4_IRQHandler
 .text.EXTI9_5_IRQHandler
                0x0000000008001e94        0xe ./Core/Src/stm32f1xx_it.o
                0x0000000008001e94                EXTI9_5_IRQHandler
 *fill*         0x0000000008001ea2        0x2 
 .text.TIM2_IRQHandler
                0x0000000008001ea4       0x14 ./Core/Src/stm32f1xx_it.o
                0x0000000008001ea4                TIM2_IRQHandler
 .text._sbrk    0x0000000008001eb8       0x6c ./Core/Src/sysmem.o
                0x0000000008001eb8                _sbrk
 .text.SystemInit
                0x0000000008001f24        0xc ./Core/Src/system_stm32f1xx.o
                0x0000000008001f24                SystemInit
 .text.MX_TIM2_Init
                0x0000000008001f30       0x98 ./Core/Src/tim.o
                0x0000000008001f30                MX_TIM2_Init
 .text.HAL_TIM_Base_MspInit
                0x0000000008001fc8       0x48 ./Core/Src/tim.o
                0x0000000008001fc8                HAL_TIM_Base_MspInit
 .text.MX_USART1_UART_Init
                0x0000000008002010       0x54 ./Core/Src/usart.o
                0x0000000008002010                MX_USART1_UART_Init
 .text.MX_USART3_UART_Init
                0x0000000008002064       0x54 ./Core/Src/usart.o
                0x0000000008002064                MX_USART3_UART_Init
 .text.HAL_UART_MspInit
                0x00000000080020b8      0x110 ./Core/Src/usart.o
                0x00000000080020b8                HAL_UART_MspInit
 .text.Reset_Handler
                0x00000000080021c8       0x48 ./Core/Startup/startup_stm32f103c8tx.o
                0x00000000080021c8                Reset_Handler
 .text.Default_Handler
                0x0000000008002210        0x2 ./Core/Startup/startup_stm32f103c8tx.o
                0x0000000008002210                USBWakeUp_IRQHandler
                0x0000000008002210                EXTI2_IRQHandler
                0x0000000008002210                TIM1_CC_IRQHandler
                0x0000000008002210                PVD_IRQHandler
                0x0000000008002210                EXTI3_IRQHandler
                0x0000000008002210                EXTI0_IRQHandler
                0x0000000008002210                I2C2_EV_IRQHandler
                0x0000000008002210                ADC1_2_IRQHandler
                0x0000000008002210                SPI1_IRQHandler
                0x0000000008002210                TAMPER_IRQHandler
                0x0000000008002210                DMA1_Channel4_IRQHandler
                0x0000000008002210                USART3_IRQHandler
                0x0000000008002210                RTC_IRQHandler
                0x0000000008002210                DMA1_Channel7_IRQHandler
                0x0000000008002210                CAN1_RX1_IRQHandler
                0x0000000008002210                TIM4_IRQHandler
                0x0000000008002210                I2C1_EV_IRQHandler
                0x0000000008002210                DMA1_Channel6_IRQHandler
                0x0000000008002210                TIM3_IRQHandler
                0x0000000008002210                RCC_IRQHandler
                0x0000000008002210                TIM1_TRG_COM_IRQHandler
                0x0000000008002210                DMA1_Channel1_IRQHandler
                0x0000000008002210                Default_Handler
                0x0000000008002210                EXTI15_10_IRQHandler
                0x0000000008002210                SPI2_IRQHandler
                0x0000000008002210                DMA1_Channel5_IRQHandler
                0x0000000008002210                USB_LP_CAN1_RX0_IRQHandler
                0x0000000008002210                USB_HP_CAN1_TX_IRQHandler
                0x0000000008002210                DMA1_Channel3_IRQHandler
                0x0000000008002210                TIM1_UP_IRQHandler
                0x0000000008002210                WWDG_IRQHandler
                0x0000000008002210                TIM1_BRK_IRQHandler
                0x0000000008002210                EXTI1_IRQHandler
                0x0000000008002210                USART2_IRQHandler
                0x0000000008002210                I2C2_ER_IRQHandler
                0x0000000008002210                DMA1_Channel2_IRQHandler
                0x0000000008002210                CAN1_SCE_IRQHandler
                0x0000000008002210                FLASH_IRQHandler
                0x0000000008002210                USART1_IRQHandler
                0x0000000008002210                I2C1_ER_IRQHandler
                0x0000000008002210                RTC_Alarm_IRQHandler
 *fill*         0x0000000008002212        0x2 
 .text.HAL_Init
                0x0000000008002214       0x2c ./Drivers/STM32F1xx_HAL_Driver/Src/stm32f1xx_hal.o
                0x0000000008002214                HAL_Init
 .text.HAL_InitTick
                0x0000000008002240       0x60 ./Drivers/STM32F1xx_HAL_Driver/Src/stm32f1xx_hal.o
                0x0000000008002240                HAL_InitTick
 .text.HAL_IncTick
                0x00000000080022a0       0x24 ./Drivers/STM32F1xx_HAL_Driver/Src/stm32f1xx_hal.o
                0x00000000080022a0                HAL_IncTick
 .text.HAL_GetTick
                0x00000000080022c4       0x14 ./Drivers/STM32F1xx_HAL_Driver/Src/stm32f1xx_hal.o
                0x00000000080022c4                HAL_GetTick
 .text.HAL_Delay
                0x00000000080022d8       0x48 ./Drivers/STM32F1xx_HAL_Driver/Src/stm32f1xx_hal.o
                0x00000000080022d8                HAL_Delay
 .text.__NVIC_SetPriorityGrouping
                0x0000000008002320       0x48 ./Drivers/STM32F1xx_HAL_Driver/Src/stm32f1xx_hal_cortex.o
 .text.__NVIC_GetPriorityGrouping
                0x0000000008002368       0x1c ./Drivers/STM32F1xx_HAL_Driver/Src/stm32f1xx_hal_cortex.o
 .text.__NVIC_EnableIRQ
                0x0000000008002384       0x38 ./Drivers/STM32F1xx_HAL_Driver/Src/stm32f1xx_hal_cortex.o
 .text.__NVIC_DisableIRQ
                0x00000000080023bc       0x48 ./Drivers/STM32F1xx_HAL_Driver/Src/stm32f1xx_hal_cortex.o
 .text.__NVIC_ClearPendingIRQ
                0x0000000008002404       0x3c ./Drivers/STM32F1xx_HAL_Driver/Src/stm32f1xx_hal_cortex.o
 .text.__NVIC_SetPriority
                0x0000000008002440       0x54 ./Drivers/STM32F1xx_HAL_Driver/Src/stm32f1xx_hal_cortex.o
 .text.NVIC_EncodePriority
                0x0000000008002494       0x64 ./Drivers/STM32F1xx_HAL_Driver/Src/stm32f1xx_hal_cortex.o
 .text.SysTick_Config
                0x00000000080024f8       0x44 ./Drivers/STM32F1xx_HAL_Driver/Src/stm32f1xx_hal_cortex.o
 .text.HAL_NVIC_SetPriorityGrouping
                0x000000000800253c       0x16 ./Drivers/STM32F1xx_HAL_Driver/Src/stm32f1xx_hal_cortex.o
                0x000000000800253c                HAL_NVIC_SetPriorityGrouping
 .text.HAL_NVIC_SetPriority
                0x0000000008002552       0x38 ./Drivers/STM32F1xx_HAL_Driver/Src/stm32f1xx_hal_cortex.o
                0x0000000008002552                HAL_NVIC_SetPriority
 .text.HAL_NVIC_EnableIRQ
                0x000000000800258a       0x1c ./Drivers/STM32F1xx_HAL_Driver/Src/stm32f1xx_hal_cortex.o
                0x000000000800258a                HAL_NVIC_EnableIRQ
 .text.HAL_NVIC_DisableIRQ
                0x00000000080025a6       0x1c ./Drivers/STM32F1xx_HAL_Driver/Src/stm32f1xx_hal_cortex.o
                0x00000000080025a6                HAL_NVIC_DisableIRQ
 .text.HAL_SYSTICK_Config
                0x00000000080025c2       0x18 ./Drivers/STM32F1xx_HAL_Driver/Src/stm32f1xx_hal_cortex.o
                0x00000000080025c2                HAL_SYSTICK_Config
 .text.HAL_NVIC_ClearPendingIRQ
                0x00000000080025da       0x1c ./Drivers/STM32F1xx_HAL_Driver/Src/stm32f1xx_hal_cortex.o
                0x00000000080025da                HAL_NVIC_ClearPendingIRQ
 *fill*         0x00000000080025f6        0x2 
 .text.HAL_GPIO_Init
                0x00000000080025f8      0x308 ./Drivers/STM32F1xx_HAL_Driver/Src/stm32f1xx_hal_gpio.o
                0x00000000080025f8                HAL_GPIO_Init
 .text.HAL_GPIO_ReadPin
                0x0000000008002900       0x2e ./Drivers/STM32F1xx_HAL_Driver/Src/stm32f1xx_hal_gpio.o
                0x0000000008002900                HAL_GPIO_ReadPin
 .text.HAL_GPIO_WritePin
                0x000000000800292e       0x30 ./Drivers/STM32F1xx_HAL_Driver/Src/stm32f1xx_hal_gpio.o
                0x000000000800292e                HAL_GPIO_WritePin
 .text.HAL_GPIO_TogglePin
                0x000000000800295e       0x32 ./Drivers/STM32F1xx_HAL_Driver/Src/stm32f1xx_hal_gpio.o
                0x000000000800295e                HAL_GPIO_TogglePin
 .text.HAL_GPIO_EXTI_IRQHandler
                0x0000000008002990       0x30 ./Drivers/STM32F1xx_HAL_Driver/Src/stm32f1xx_hal_gpio.o
                0x0000000008002990                HAL_GPIO_EXTI_IRQHandler
 .text.HAL_PWR_EnableBkUpAccess
                0x00000000080029c0       0x18 ./Drivers/STM32F1xx_HAL_Driver/Src/stm32f1xx_hal_pwr.o
                0x00000000080029c0                HAL_PWR_EnableBkUpAccess
 .text.HAL_RCC_OscConfig
                0x00000000080029d8      0x500 ./Drivers/STM32F1xx_HAL_Driver/Src/stm32f1xx_hal_rcc.o
                0x00000000080029d8                HAL_RCC_OscConfig
 .text.HAL_RCC_ClockConfig
                0x0000000008002ed8      0x1d4 ./Drivers/STM32F1xx_HAL_Driver/Src/stm32f1xx_hal_rcc.o
                0x0000000008002ed8                HAL_RCC_ClockConfig
 .text.HAL_RCC_GetSysClockFreq
                0x00000000080030ac       0xc0 ./Drivers/STM32F1xx_HAL_Driver/Src/stm32f1xx_hal_rcc.o
                0x00000000080030ac                HAL_RCC_GetSysClockFreq
 .text.HAL_RCC_GetHCLKFreq
                0x000000000800316c       0x14 ./Drivers/STM32F1xx_HAL_Driver/Src/stm32f1xx_hal_rcc.o
                0x000000000800316c                HAL_RCC_GetHCLKFreq
 .text.HAL_RCC_GetPCLK1Freq
                0x0000000008003180       0x28 ./Drivers/STM32F1xx_HAL_Driver/Src/stm32f1xx_hal_rcc.o
                0x0000000008003180                HAL_RCC_GetPCLK1Freq
 .text.HAL_RCC_GetPCLK2Freq
                0x00000000080031a8       0x28 ./Drivers/STM32F1xx_HAL_Driver/Src/stm32f1xx_hal_rcc.o
                0x00000000080031a8                HAL_RCC_GetPCLK2Freq
 .text.RCC_Delay
                0x00000000080031d0       0x3c ./Drivers/STM32F1xx_HAL_Driver/Src/stm32f1xx_hal_rcc.o
 .text.HAL_RCCEx_PeriphCLKConfig
                0x000000000800320c      0x16c ./Drivers/STM32F1xx_HAL_Driver/Src/stm32f1xx_hal_rcc_ex.o
                0x000000000800320c                HAL_RCCEx_PeriphCLKConfig
 .text.HAL_RCCEx_GetPeriphCLKFreq
                0x0000000008003378      0x188 ./Drivers/STM32F1xx_HAL_Driver/Src/stm32f1xx_hal_rcc_ex.o
                0x0000000008003378                HAL_RCCEx_GetPeriphCLKFreq
 .text.HAL_RTC_Init
                0x0000000008003500      0x12c ./Drivers/STM32F1xx_HAL_Driver/Src/stm32f1xx_hal_rtc.o
                0x0000000008003500                HAL_RTC_Init
 .text.HAL_RTC_SetTime
                0x000000000800362c      0x12e ./Drivers/STM32F1xx_HAL_Driver/Src/stm32f1xx_hal_rtc.o
                0x000000000800362c                HAL_RTC_SetTime
 *fill*         0x000000000800375a        0x2 
 .text.HAL_RTC_SetDate
                0x000000000800375c      0x16c ./Drivers/STM32F1xx_HAL_Driver/Src/stm32f1xx_hal_rtc.o
                0x000000000800375c                HAL_RTC_SetDate
 .text.HAL_RTC_WaitForSynchro
                0x00000000080038c8       0x5a ./Drivers/STM32F1xx_HAL_Driver/Src/stm32f1xx_hal_rtc.o
                0x00000000080038c8                HAL_RTC_WaitForSynchro
 .text.RTC_ReadTimeCounter
                0x0000000008003922       0x60 ./Drivers/STM32F1xx_HAL_Driver/Src/stm32f1xx_hal_rtc.o
 .text.RTC_WriteTimeCounter
                0x0000000008003982       0x4e ./Drivers/STM32F1xx_HAL_Driver/Src/stm32f1xx_hal_rtc.o
 .text.RTC_ReadAlarmCounter
                0x00000000080039d0       0x32 ./Drivers/STM32F1xx_HAL_Driver/Src/stm32f1xx_hal_rtc.o
 .text.RTC_WriteAlarmCounter
                0x0000000008003a02       0x4e ./Drivers/STM32F1xx_HAL_Driver/Src/stm32f1xx_hal_rtc.o
 .text.RTC_EnterInitMode
                0x0000000008003a50       0x50 ./Drivers/STM32F1xx_HAL_Driver/Src/stm32f1xx_hal_rtc.o
 .text.RTC_ExitInitMode
                0x0000000008003aa0       0x50 ./Drivers/STM32F1xx_HAL_Driver/Src/stm32f1xx_hal_rtc.o
 .text.RTC_Bcd2ToByte
                0x0000000008003af0       0x3a ./Drivers/STM32F1xx_HAL_Driver/Src/stm32f1xx_hal_rtc.o
 *fill*         0x0000000008003b2a        0x2 
 .text.RTC_WeekDayNum
                0x0000000008003b2c       0xf0 ./Drivers/STM32F1xx_HAL_Driver/Src/stm32f1xx_hal_rtc.o
 .text.HAL_RTCEx_BKUPWrite
                0x0000000008003c1c       0x34 ./Drivers/STM32F1xx_HAL_Driver/Src/stm32f1xx_hal_rtc_ex.o
                0x0000000008003c1c                HAL_RTCEx_BKUPWrite
 .text.HAL_RTCEx_BKUPRead
                0x0000000008003c50       0x38 ./Drivers/STM32F1xx_HAL_Driver/Src/stm32f1xx_hal_rtc_ex.o
                0x0000000008003c50                HAL_RTCEx_BKUPRead
 .text.HAL_SPI_Init
                0x0000000008003c88      0x108 ./Drivers/STM32F1xx_HAL_Driver/Src/stm32f1xx_hal_spi.o
                0x0000000008003c88                HAL_SPI_Init
 .text.HAL_SPI_Transmit
                0x0000000008003d90      0x278 ./Drivers/STM32F1xx_HAL_Driver/Src/stm32f1xx_hal_spi.o
                0x0000000008003d90                HAL_SPI_Transmit
 .text.SPI_WaitFlagStateUntilTimeout
                0x0000000008004008      0x110 ./Drivers/STM32F1xx_HAL_Driver/Src/stm32f1xx_hal_spi.o
 .text.SPI_EndRxTxTransaction
                0x0000000008004118       0x3c ./Drivers/STM32F1xx_HAL_Driver/Src/stm32f1xx_hal_spi.o
 .text.HAL_TIM_Base_Init
                0x0000000008004154       0x9e ./Drivers/STM32F1xx_HAL_Driver/Src/stm32f1xx_hal_tim.o
                0x0000000008004154                HAL_TIM_Base_Init
 *fill*         0x00000000080041f2        0x2 
 .text.HAL_TIM_Base_Start_IT
                0x00000000080041f4       0xa4 ./Drivers/STM32F1xx_HAL_Driver/Src/stm32f1xx_hal_tim.o
                0x00000000080041f4                HAL_TIM_Base_Start_IT
 .text.HAL_TIM_IRQHandler
                0x0000000008004298      0x210 ./Drivers/STM32F1xx_HAL_Driver/Src/stm32f1xx_hal_tim.o
                0x0000000008004298                HAL_TIM_IRQHandler
 .text.HAL_TIM_ConfigClockSource
                0x00000000080044a8      0x188 ./Drivers/STM32F1xx_HAL_Driver/Src/stm32f1xx_hal_tim.o
                0x00000000080044a8                HAL_TIM_ConfigClockSource
 .text.HAL_TIM_OC_DelayElapsedCallback
                0x0000000008004630       0x12 ./Drivers/STM32F1xx_HAL_Driver/Src/stm32f1xx_hal_tim.o
                0x0000000008004630                HAL_TIM_OC_DelayElapsedCallback
 .text.HAL_TIM_IC_CaptureCallback
                0x0000000008004642       0x12 ./Drivers/STM32F1xx_HAL_Driver/Src/stm32f1xx_hal_tim.o
                0x0000000008004642                HAL_TIM_IC_CaptureCallback
 .text.HAL_TIM_PWM_PulseFinishedCallback
                0x0000000008004654       0x12 ./Drivers/STM32F1xx_HAL_Driver/Src/stm32f1xx_hal_tim.o
                0x0000000008004654                HAL_TIM_PWM_PulseFinishedCallback
 .text.HAL_TIM_TriggerCallback
                0x0000000008004666       0x12 ./Drivers/STM32F1xx_HAL_Driver/Src/stm32f1xx_hal_tim.o
                0x0000000008004666                HAL_TIM_TriggerCallback
 .text.TIM_Base_SetConfig
                0x0000000008004678       0xc4 ./Drivers/STM32F1xx_HAL_Driver/Src/stm32f1xx_hal_tim.o
                0x0000000008004678                TIM_Base_SetConfig
 .text.TIM_TI1_ConfigInputStage
                0x000000000800473c       0x5c ./Drivers/STM32F1xx_HAL_Driver/Src/stm32f1xx_hal_tim.o
 .text.TIM_TI2_ConfigInputStage
                0x0000000008004798       0x5e ./Drivers/STM32F1xx_HAL_Driver/Src/stm32f1xx_hal_tim.o
 .text.TIM_ITRx_SetConfig
                0x00000000080047f6       0x34 ./Drivers/STM32F1xx_HAL_Driver/Src/stm32f1xx_hal_tim.o
 .text.TIM_ETR_SetConfig
                0x000000000800482a       0x3e ./Drivers/STM32F1xx_HAL_Driver/Src/stm32f1xx_hal_tim.o
                0x000000000800482a                TIM_ETR_SetConfig
 .text.HAL_TIMEx_MasterConfigSynchronization
                0x0000000008004868       0xbc ./Drivers/STM32F1xx_HAL_Driver/Src/stm32f1xx_hal_tim_ex.o
                0x0000000008004868                HAL_TIMEx_MasterConfigSynchronization
 .text.HAL_TIMEx_CommutCallback
                0x0000000008004924       0x12 ./Drivers/STM32F1xx_HAL_Driver/Src/stm32f1xx_hal_tim_ex.o
                0x0000000008004924                HAL_TIMEx_CommutCallback
 .text.HAL_TIMEx_BreakCallback
                0x0000000008004936       0x12 ./Drivers/STM32F1xx_HAL_Driver/Src/stm32f1xx_hal_tim_ex.o
                0x0000000008004936                HAL_TIMEx_BreakCallback
 .text.HAL_UART_Init
                0x0000000008004948       0x9a ./Drivers/STM32F1xx_HAL_Driver/Src/stm32f1xx_hal_uart.o
                0x0000000008004948                HAL_UART_Init
 .text.HAL_UART_Transmit
                0x00000000080049e2      0x124 ./Drivers/STM32F1xx_HAL_Driver/Src/stm32f1xx_hal_uart.o
                0x00000000080049e2                HAL_UART_Transmit
 .text.UART_WaitOnFlagUntilTimeout
                0x0000000008004b06       0x94 ./Drivers/STM32F1xx_HAL_Driver/Src/stm32f1xx_hal_uart.o
 *fill*         0x0000000008004b9a        0x2 
 .text.UART_SetConfig
                0x0000000008004b9c      0x11c ./Drivers/STM32F1xx_HAL_Driver/Src/stm32f1xx_hal_uart.o
 .text.__errno  0x0000000008004cb8        0xc /Applications/STM32CubeIDE.app/Contents/Eclipse/plugins/com.st.stm32cube.ide.mcu.externaltools.gnu-tools-for-stm32.9-2020-q2-update.macos64_2.0.0.202105311346/tools/bin/../lib/gcc/arm-none-eabi/9.3.1/../../../../arm-none-eabi/lib/thumb/v7-m/nofp/libc_nano.a(lib_a-errno.o)
                0x0000000008004cb8                __errno
 .text.__libc_init_array
                0x0000000008004cc4       0x48 /Applications/STM32CubeIDE.app/Contents/Eclipse/plugins/com.st.stm32cube.ide.mcu.externaltools.gnu-tools-for-stm32.9-2020-q2-update.macos64_2.0.0.202105311346/tools/bin/../lib/gcc/arm-none-eabi/9.3.1/../../../../arm-none-eabi/lib/thumb/v7-m/nofp/libc_nano.a(lib_a-init.o)
                0x0000000008004cc4                __libc_init_array
 .text.memset   0x0000000008004d0c       0x10 /Applications/STM32CubeIDE.app/Contents/Eclipse/plugins/com.st.stm32cube.ide.mcu.externaltools.gnu-tools-for-stm32.9-2020-q2-update.macos64_2.0.0.202105311346/tools/bin/../lib/gcc/arm-none-eabi/9.3.1/../../../../arm-none-eabi/lib/thumb/v7-m/nofp/libc_nano.a(lib_a-memset.o)
                0x0000000008004d0c                memset
 .text.sprintf  0x0000000008004d1c       0x40 /Applications/STM32CubeIDE.app/Contents/Eclipse/plugins/com.st.stm32cube.ide.mcu.externaltools.gnu-tools-for-stm32.9-2020-q2-update.macos64_2.0.0.202105311346/tools/bin/../lib/gcc/arm-none-eabi/9.3.1/../../../../arm-none-eabi/lib/thumb/v7-m/nofp/libc_nano.a(lib_a-sprintf.o)
                0x0000000008004d1c                sprintf
                0x0000000008004d1c                siprintf
 .text.__ssputs_r
                0x0000000008004d5c       0xb6 /Applications/STM32CubeIDE.app/Contents/Eclipse/plugins/com.st.stm32cube.ide.mcu.externaltools.gnu-tools-for-stm32.9-2020-q2-update.macos64_2.0.0.202105311346/tools/bin/../lib/gcc/arm-none-eabi/9.3.1/../../../../arm-none-eabi/lib/thumb/v7-m/nofp/libc_nano.a(lib_a-nano-svfprintf.o)
                0x0000000008004d5c                __ssputs_r
 *fill*         0x0000000008004e12        0x2 
 .text._svfprintf_r
                0x0000000008004e14      0x200 /Applications/STM32CubeIDE.app/Contents/Eclipse/plugins/com.st.stm32cube.ide.mcu.externaltools.gnu-tools-for-stm32.9-2020-q2-update.macos64_2.0.0.202105311346/tools/bin/../lib/gcc/arm-none-eabi/9.3.1/../../../../arm-none-eabi/lib/thumb/v7-m/nofp/libc_nano.a(lib_a-nano-svfprintf.o)
                0x0000000008004e14                _svfprintf_r
                0x0000000008004e14                _svfiprintf_r
 .text._printf_common
                0x0000000008005014       0xde /Applications/STM32CubeIDE.app/Contents/Eclipse/plugins/com.st.stm32cube.ide.mcu.externaltools.gnu-tools-for-stm32.9-2020-q2-update.macos64_2.0.0.202105311346/tools/bin/../lib/gcc/arm-none-eabi/9.3.1/../../../../arm-none-eabi/lib/thumb/v7-m/nofp/libc_nano.a(lib_a-nano-vfprintf_i.o)
                0x0000000008005014                _printf_common
 *fill*         0x00000000080050f2        0x2 
 .text._printf_i
                0x00000000080050f4      0x24c /Applications/STM32CubeIDE.app/Contents/Eclipse/plugins/com.st.stm32cube.ide.mcu.externaltools.gnu-tools-for-stm32.9-2020-q2-update.macos64_2.0.0.202105311346/tools/bin/../lib/gcc/arm-none-eabi/9.3.1/../../../../arm-none-eabi/lib/thumb/v7-m/nofp/libc_nano.a(lib_a-nano-vfprintf_i.o)
                0x00000000080050f4                _printf_i
 .text.memchr   0x0000000008005340       0x1c /Applications/STM32CubeIDE.app/Contents/Eclipse/plugins/com.st.stm32cube.ide.mcu.externaltools.gnu-tools-for-stm32.9-2020-q2-update.macos64_2.0.0.202105311346/tools/bin/../lib/gcc/arm-none-eabi/9.3.1/../../../../arm-none-eabi/lib/thumb/v7-m/nofp/libc_nano.a(lib_a-memchr-stub.o)
                0x0000000008005340                memchr
 .text.memcpy   0x000000000800535c       0x1c /Applications/STM32CubeIDE.app/Contents/Eclipse/plugins/com.st.stm32cube.ide.mcu.externaltools.gnu-tools-for-stm32.9-2020-q2-update.macos64_2.0.0.202105311346/tools/bin/../lib/gcc/arm-none-eabi/9.3.1/../../../../arm-none-eabi/lib/thumb/v7-m/nofp/libc_nano.a(lib_a-memcpy-stub.o)
                0x000000000800535c                memcpy
 .text.memmove  0x0000000008005378       0x34 /Applications/STM32CubeIDE.app/Contents/Eclipse/plugins/com.st.stm32cube.ide.mcu.externaltools.gnu-tools-for-stm32.9-2020-q2-update.macos64_2.0.0.202105311346/tools/bin/../lib/gcc/arm-none-eabi/9.3.1/../../../../arm-none-eabi/lib/thumb/v7-m/nofp/libc_nano.a(lib_a-memmove.o)
                0x0000000008005378                memmove
 .text._free_r  0x00000000080053ac       0x98 /Applications/STM32CubeIDE.app/Contents/Eclipse/plugins/com.st.stm32cube.ide.mcu.externaltools.gnu-tools-for-stm32.9-2020-q2-update.macos64_2.0.0.202105311346/tools/bin/../lib/gcc/arm-none-eabi/9.3.1/../../../../arm-none-eabi/lib/thumb/v7-m/nofp/libc_nano.a(lib_a-nano-freer.o)
                0x00000000080053ac                _free_r
 .text._malloc_r
                0x0000000008005444       0xb4 /Applications/STM32CubeIDE.app/Contents/Eclipse/plugins/com.st.stm32cube.ide.mcu.externaltools.gnu-tools-for-stm32.9-2020-q2-update.macos64_2.0.0.202105311346/tools/bin/../lib/gcc/arm-none-eabi/9.3.1/../../../../arm-none-eabi/lib/thumb/v7-m/nofp/libc_nano.a(lib_a-nano-mallocr.o)
                0x0000000008005444                _malloc_r
 .text._realloc_r
                0x00000000080054f8       0x4c /Applications/STM32CubeIDE.app/Contents/Eclipse/plugins/com.st.stm32cube.ide.mcu.externaltools.gnu-tools-for-stm32.9-2020-q2-update.macos64_2.0.0.202105311346/tools/bin/../lib/gcc/arm-none-eabi/9.3.1/../../../../arm-none-eabi/lib/thumb/v7-m/nofp/libc_nano.a(lib_a-nano-reallocr.o)
                0x00000000080054f8                _realloc_r
 .text._sbrk_r  0x0000000008005544       0x20 /Applications/STM32CubeIDE.app/Contents/Eclipse/plugins/com.st.stm32cube.ide.mcu.externaltools.gnu-tools-for-stm32.9-2020-q2-update.macos64_2.0.0.202105311346/tools/bin/../lib/gcc/arm-none-eabi/9.3.1/../../../../arm-none-eabi/lib/thumb/v7-m/nofp/libc_nano.a(lib_a-sbrkr.o)
                0x0000000008005544                _sbrk_r
 .text.__malloc_lock
                0x0000000008005564        0xc /Applications/STM32CubeIDE.app/Contents/Eclipse/plugins/com.st.stm32cube.ide.mcu.externaltools.gnu-tools-for-stm32.9-2020-q2-update.macos64_2.0.0.202105311346/tools/bin/../lib/gcc/arm-none-eabi/9.3.1/../../../../arm-none-eabi/lib/thumb/v7-m/nofp/libc_nano.a(lib_a-mlock.o)
                0x0000000008005564                __malloc_lock
 .text.__malloc_unlock
                0x0000000008005570        0xc /Applications/STM32CubeIDE.app/Contents/Eclipse/plugins/com.st.stm32cube.ide.mcu.externaltools.gnu-tools-for-stm32.9-2020-q2-update.macos64_2.0.0.202105311346/tools/bin/../lib/gcc/arm-none-eabi/9.3.1/../../../../arm-none-eabi/lib/thumb/v7-m/nofp/libc_nano.a(lib_a-mlock.o)
                0x0000000008005570                __malloc_unlock
 .text._malloc_usable_size_r
                0x000000000800557c       0x10 /Applications/STM32CubeIDE.app/Contents/Eclipse/plugins/com.st.stm32cube.ide.mcu.externaltools.gnu-tools-for-stm32.9-2020-q2-update.macos64_2.0.0.202105311346/tools/bin/../lib/gcc/arm-none-eabi/9.3.1/../../../../arm-none-eabi/lib/thumb/v7-m/nofp/libc_nano.a(lib_a-nano-msizer.o)
                0x000000000800557c                _malloc_usable_size_r
 .text.__retarget_lock_acquire_recursive
                0x000000000800558c        0x2 /Applications/STM32CubeIDE.app/Contents/Eclipse/plugins/com.st.stm32cube.ide.mcu.externaltools.gnu-tools-for-stm32.9-2020-q2-update.macos64_2.0.0.202105311346/tools/bin/../lib/gcc/arm-none-eabi/9.3.1/../../../../arm-none-eabi/lib/thumb/v7-m/nofp/libc_nano.a(lib_a-lock.o)
                0x000000000800558c                __retarget_lock_acquire_recursive
 .text.__retarget_lock_release_recursive
                0x000000000800558e        0x2 /Applications/STM32CubeIDE.app/Contents/Eclipse/plugins/com.st.stm32cube.ide.mcu.externaltools.gnu-tools-for-stm32.9-2020-q2-update.macos64_2.0.0.202105311346/tools/bin/../lib/gcc/arm-none-eabi/9.3.1/../../../../arm-none-eabi/lib/thumb/v7-m/nofp/libc_nano.a(lib_a-lock.o)
                0x000000000800558e                __retarget_lock_release_recursive
 *(.glue_7)
 .glue_7        0x0000000008005590        0x0 linker stubs
 *(.glue_7t)
 .glue_7t       0x0000000008005590        0x0 linker stubs
 *(.eh_frame)
 .eh_frame      0x0000000008005590        0x0 /Applications/STM32CubeIDE.app/Contents/Eclipse/plugins/com.st.stm32cube.ide.mcu.externaltools.gnu-tools-for-stm32.9-2020-q2-update.macos64_2.0.0.202105311346/tools/bin/../lib/gcc/arm-none-eabi/9.3.1/thumb/v7-m/nofp/crtbegin.o
 *(.init)
 .init          0x0000000008005590        0x4 /Applications/STM32CubeIDE.app/Contents/Eclipse/plugins/com.st.stm32cube.ide.mcu.externaltools.gnu-tools-for-stm32.9-2020-q2-update.macos64_2.0.0.202105311346/tools/bin/../lib/gcc/arm-none-eabi/9.3.1/thumb/v7-m/nofp/crti.o
                0x0000000008005590                _init
 .init          0x0000000008005594        0x8 /Applications/STM32CubeIDE.app/Contents/Eclipse/plugins/com.st.stm32cube.ide.mcu.externaltools.gnu-tools-for-stm32.9-2020-q2-update.macos64_2.0.0.202105311346/tools/bin/../lib/gcc/arm-none-eabi/9.3.1/thumb/v7-m/nofp/crtn.o
 *(.fini)
 .fini          0x000000000800559c        0x4 /Applications/STM32CubeIDE.app/Contents/Eclipse/plugins/com.st.stm32cube.ide.mcu.externaltools.gnu-tools-for-stm32.9-2020-q2-update.macos64_2.0.0.202105311346/tools/bin/../lib/gcc/arm-none-eabi/9.3.1/thumb/v7-m/nofp/crti.o
                0x000000000800559c                _fini
 .fini          0x00000000080055a0        0x8 /Applications/STM32CubeIDE.app/Contents/Eclipse/plugins/com.st.stm32cube.ide.mcu.externaltools.gnu-tools-for-stm32.9-2020-q2-update.macos64_2.0.0.202105311346/tools/bin/../lib/gcc/arm-none-eabi/9.3.1/thumb/v7-m/nofp/crtn.o
                0x00000000080055a8                . = ALIGN (0x4)
                0x00000000080055a8                _etext = .

.vfp11_veneer   0x00000000080055a8        0x0
 .vfp11_veneer  0x00000000080055a8        0x0 linker stubs

.v4_bx          0x00000000080055a8        0x0
 .v4_bx         0x00000000080055a8        0x0 linker stubs

.iplt           0x00000000080055a8        0x0
 .iplt          0x00000000080055a8        0x0 /Applications/STM32CubeIDE.app/Contents/Eclipse/plugins/com.st.stm32cube.ide.mcu.externaltools.gnu-tools-for-stm32.9-2020-q2-update.macos64_2.0.0.202105311346/tools/bin/../lib/gcc/arm-none-eabi/9.3.1/thumb/v7-m/nofp/crtbegin.o

.rodata         0x00000000080055a8      0x360
                0x00000000080055a8                . = ALIGN (0x4)
 *(.rodata)
 .rodata        0x00000000080055a8      0x2f1 ./Core/Src/main.o
 *fill*         0x0000000008005899        0x3 
 .rodata        0x000000000800589c       0x10 ./Drivers/STM32F1xx_HAL_Driver/Src/stm32f1xx_hal_rcc.o
 .rodata        0x00000000080058ac       0x10 ./Drivers/STM32F1xx_HAL_Driver/Src/stm32f1xx_hal_rcc_ex.o
 *(.rodata*)
 .rodata.AHBPrescTable
                0x00000000080058bc       0x10 ./Core/Src/system_stm32f1xx.o
                0x00000000080058bc                AHBPrescTable
 .rodata.APBPrescTable
                0x00000000080058cc        0x8 ./Core/Src/system_stm32f1xx.o
                0x00000000080058cc                APBPrescTable
 .rodata._svfprintf_r.str1.1
                0x00000000080058d4       0x11 /Applications/STM32CubeIDE.app/Contents/Eclipse/plugins/com.st.stm32cube.ide.mcu.externaltools.gnu-tools-for-stm32.9-2020-q2-update.macos64_2.0.0.202105311346/tools/bin/../lib/gcc/arm-none-eabi/9.3.1/../../../../arm-none-eabi/lib/thumb/v7-m/nofp/libc_nano.a(lib_a-nano-svfprintf.o)
 .rodata._printf_i.str1.1
                0x00000000080058e5       0x22 /Applications/STM32CubeIDE.app/Contents/Eclipse/plugins/com.st.stm32cube.ide.mcu.externaltools.gnu-tools-for-stm32.9-2020-q2-update.macos64_2.0.0.202105311346/tools/bin/../lib/gcc/arm-none-eabi/9.3.1/../../../../arm-none-eabi/lib/thumb/v7-m/nofp/libc_nano.a(lib_a-nano-vfprintf_i.o)
                0x0000000008005908                . = ALIGN (0x4)
 *fill*         0x0000000008005907        0x1 

.rel.dyn        0x0000000008005908        0x0
 .rel.iplt      0x0000000008005908        0x0 /Applications/STM32CubeIDE.app/Contents/Eclipse/plugins/com.st.stm32cube.ide.mcu.externaltools.gnu-tools-for-stm32.9-2020-q2-update.macos64_2.0.0.202105311346/tools/bin/../lib/gcc/arm-none-eabi/9.3.1/thumb/v7-m/nofp/crtbegin.o

.ARM.extab      0x0000000008005908        0x0
                0x0000000008005908                . = ALIGN (0x4)
 *(.ARM.extab* .gnu.linkonce.armextab.*)
                0x0000000008005908                . = ALIGN (0x4)

.ARM            0x0000000008005908        0x0
                0x0000000008005908                . = ALIGN (0x4)
                0x0000000008005908                __exidx_start = .
 *(.ARM.exidx*)
                0x0000000008005908                __exidx_end = .
                0x0000000008005908                . = ALIGN (0x4)

.preinit_array  0x0000000008005908        0x0
                0x0000000008005908                . = ALIGN (0x4)
                0x0000000008005908                PROVIDE (__preinit_array_start = .)
 *(.preinit_array*)
                0x0000000008005908                PROVIDE (__preinit_array_end = .)
                0x0000000008005908                . = ALIGN (0x4)

.init_array     0x0000000008005908        0x4
                0x0000000008005908                . = ALIGN (0x4)
                0x0000000008005908                PROVIDE (__init_array_start = .)
 *(SORT_BY_NAME(.init_array.*))
 *(.init_array*)
 .init_array    0x0000000008005908        0x4 /Applications/STM32CubeIDE.app/Contents/Eclipse/plugins/com.st.stm32cube.ide.mcu.externaltools.gnu-tools-for-stm32.9-2020-q2-update.macos64_2.0.0.202105311346/tools/bin/../lib/gcc/arm-none-eabi/9.3.1/thumb/v7-m/nofp/crtbegin.o
                0x000000000800590c                PROVIDE (__init_array_end = .)
                0x000000000800590c                . = ALIGN (0x4)

.fini_array     0x000000000800590c        0x4
                0x000000000800590c                . = ALIGN (0x4)
                [!provide]                        PROVIDE (__fini_array_start = .)
 *(SORT_BY_NAME(.fini_array.*))
 *(.fini_array*)
 .fini_array    0x000000000800590c        0x4 /Applications/STM32CubeIDE.app/Contents/Eclipse/plugins/com.st.stm32cube.ide.mcu.externaltools.gnu-tools-for-stm32.9-2020-q2-update.macos64_2.0.0.202105311346/tools/bin/../lib/gcc/arm-none-eabi/9.3.1/thumb/v7-m/nofp/crtbegin.o
                [!provide]                        PROVIDE (__fini_array_end = .)
                0x0000000008005910                . = ALIGN (0x4)
                0x0000000008005910                _sidata = LOADADDR (.data)

.data           0x0000000020000000       0x98 load address 0x0000000008005910
                0x0000000020000000                . = ALIGN (0x4)
                0x0000000020000000                _sdata = .
 *(.data)
 *(.data*)
 .data.is_standby
                0x0000000020000000        0x1 ./Core/Src/main.o
                0x0000000020000000                is_standby
 .data.F1_DURATION
                0x0000000020000001        0x1 ./Core/Src/main.o
                0x0000000020000001                F1_DURATION
 .data.F2_DURATION
                0x0000000020000002        0x1 ./Core/Src/main.o
                0x0000000020000002                F2_DURATION
 .data.F3_DURATION
                0x0000000020000003        0x1 ./Core/Src/main.o
                0x0000000020000003                F3_DURATION
 .data.F4_DURATION
                0x0000000020000004        0x1 ./Core/Src/main.o
                0x0000000020000004                F4_DURATION
 .data.F5_DURATION
                0x0000000020000005        0x1 ./Core/Src/main.o
                0x0000000020000005                F5_DURATION
 .data.bank_credit_per_pulse
                0x0000000020000006        0x1 ./Core/Src/main.o
                0x0000000020000006                bank_credit_per_pulse
 .data.coin_credit_per_pulse
                0x0000000020000007        0x1 ./Core/Src/main.o
                0x0000000020000007                coin_credit_per_pulse
 .data.minimum_credit_to_start
                0x0000000020000008        0x4 ./Core/Src/main.o
                0x0000000020000008                minimum_credit_to_start
 .data.default_credit_duration
                0x000000002000000c        0x1 ./Core/Src/main.o
                0x000000002000000c                default_credit_duration
 *fill*         0x000000002000000d        0x3 
 .data.SYMBOLS  0x0000000020000010       0x16 ./Core/Src/max7219.o
 *fill*         0x0000000020000026        0x2 
 .data.SystemCoreClock
                0x0000000020000028        0x4 ./Core/Src/system_stm32f1xx.o
                0x0000000020000028                SystemCoreClock
 .data.uwTickPrio
                0x000000002000002c        0x4 ./Drivers/STM32F1xx_HAL_Driver/Src/stm32f1xx_hal.o
                0x000000002000002c                uwTickPrio
 .data.uwTickFreq
                0x0000000020000030        0x1 ./Drivers/STM32F1xx_HAL_Driver/Src/stm32f1xx_hal.o
                0x0000000020000030                uwTickFreq
 *fill*         0x0000000020000031        0x3 
 .data._impure_ptr
                0x0000000020000034        0x4 /Applications/STM32CubeIDE.app/Contents/Eclipse/plugins/com.st.stm32cube.ide.mcu.externaltools.gnu-tools-for-stm32.9-2020-q2-update.macos64_2.0.0.202105311346/tools/bin/../lib/gcc/arm-none-eabi/9.3.1/../../../../arm-none-eabi/lib/thumb/v7-m/nofp/libc_nano.a(lib_a-impure.o)
                0x0000000020000034                _impure_ptr
 .data.impure_data
                0x0000000020000038       0x60 /Applications/STM32CubeIDE.app/Contents/Eclipse/plugins/com.st.stm32cube.ide.mcu.externaltools.gnu-tools-for-stm32.9-2020-q2-update.macos64_2.0.0.202105311346/tools/bin/../lib/gcc/arm-none-eabi/9.3.1/../../../../arm-none-eabi/lib/thumb/v7-m/nofp/libc_nano.a(lib_a-impure.o)
 *(.RamFunc)
 *(.RamFunc*)
                0x0000000020000098                . = ALIGN (0x4)
                0x0000000020000098                _edata = .

.igot.plt       0x0000000020000098        0x0 load address 0x00000000080059a8
 .igot.plt      0x0000000020000098        0x0 /Applications/STM32CubeIDE.app/Contents/Eclipse/plugins/com.st.stm32cube.ide.mcu.externaltools.gnu-tools-for-stm32.9-2020-q2-update.macos64_2.0.0.202105311346/tools/bin/../lib/gcc/arm-none-eabi/9.3.1/thumb/v7-m/nofp/crtbegin.o
                0x0000000020000098                . = ALIGN (0x4)

.bss            0x0000000020000098      0x1a4 load address 0x00000000080059a8
                0x0000000020000098                _sbss = .
                0x0000000020000098                __bss_start__ = _sbss
 *(.bss)
 .bss           0x0000000020000098       0x1c /Applications/STM32CubeIDE.app/Contents/Eclipse/plugins/com.st.stm32cube.ide.mcu.externaltools.gnu-tools-for-stm32.9-2020-q2-update.macos64_2.0.0.202105311346/tools/bin/../lib/gcc/arm-none-eabi/9.3.1/thumb/v7-m/nofp/crtbegin.o
 *(.bss*)
 .bss.tim2_counter
                0x00000000200000b4        0x4 ./Core/Src/main.o
                0x00000000200000b4                tim2_counter
 .bss.tim2_300ms_counter
                0x00000000200000b8        0x4 ./Core/Src/main.o
                0x00000000200000b8                tim2_300ms_counter
 .bss.tim2_200ms_counter
                0x00000000200000bc        0x4 ./Core/Src/main.o
                0x00000000200000bc                tim2_200ms_counter
 .bss.tim2_400ms_counter
                0x00000000200000c0        0x4 ./Core/Src/main.o
                0x00000000200000c0                tim2_400ms_counter
 .bss.tim2_500ms_counter
                0x00000000200000c4        0x4 ./Core/Src/main.o
                0x00000000200000c4                tim2_500ms_counter
 .bss.iot_round_counter
                0x00000000200000c8        0x4 ./Core/Src/main.o
                0x00000000200000c8                iot_round_counter
 .bss.is_operation_running
                0x00000000200000cc        0x1 ./Core/Src/main.o
                0x00000000200000cc                is_operation_running
 *fill*         0x00000000200000cd        0x1 
 .bss.credit    0x00000000200000ce        0x2 ./Core/Src/main.o
                0x00000000200000ce                credit
 .bss.pressed_button
                0x00000000200000d0        0x1 ./Core/Src/main.o
                0x00000000200000d0                pressed_button
 .bss.setting_mode
                0x00000000200000d1        0x1 ./Core/Src/main.o
                0x00000000200000d1                setting_mode
 .bss.current_out_port
                0x00000000200000d2        0x1 ./Core/Src/main.o
                0x00000000200000d2                current_out_port
 .bss.standby_counter
                0x00000000200000d3        0x1 ./Core/Src/main.o
                0x00000000200000d3                standby_counter
 .bss.consume_credit
                0x00000000200000d4        0x1 ./Core/Src/main.o
                0x00000000200000d4                consume_credit
 .bss.display_binking
                0x00000000200000d5        0x1 ./Core/Src/main.o
                0x00000000200000d5                display_binking
 .bss.front_button_reset_credit_press
                0x00000000200000d6        0x1 ./Core/Src/main.o
                0x00000000200000d6                front_button_reset_credit_press
 *fill*         0x00000000200000d7        0x1 
 .bss.front_button_reset_credit_counter
                0x00000000200000d8        0x2 ./Core/Src/main.o
                0x00000000200000d8                front_button_reset_credit_counter
 .bss.credit_consume_counter
                0x00000000200000da        0x1 ./Core/Src/main.o
                0x00000000200000da                credit_consume_counter
 .bss.last_note_money
                0x00000000200000db        0x1 ./Core/Src/main.o
                0x00000000200000db                last_note_money
 .bss.last_coin_money
                0x00000000200000dc        0x1 ./Core/Src/main.o
                0x00000000200000dc                last_coin_money
 .bss.exti_disable
                0x00000000200000dd        0x1 ./Core/Src/main.o
                0x00000000200000dd                exti_disable
 .bss.decodeMode
                0x00000000200000de        0x1 ./Core/Src/max7219.o
 *fill*         0x00000000200000df        0x1 
 .bss.__sbrk_heap_end
                0x00000000200000e0        0x4 ./Core/Src/sysmem.o
 .bss.__malloc_free_list
                0x00000000200000e4        0x4 /Applications/STM32CubeIDE.app/Contents/Eclipse/plugins/com.st.stm32cube.ide.mcu.externaltools.gnu-tools-for-stm32.9-2020-q2-update.macos64_2.0.0.202105311346/tools/bin/../lib/gcc/arm-none-eabi/9.3.1/../../../../arm-none-eabi/lib/thumb/v7-m/nofp/libc_nano.a(lib_a-nano-mallocr.o)
                0x00000000200000e4                __malloc_free_list
 .bss.__malloc_sbrk_start
                0x00000000200000e8        0x4 /Applications/STM32CubeIDE.app/Contents/Eclipse/plugins/com.st.stm32cube.ide.mcu.externaltools.gnu-tools-for-stm32.9-2020-q2-update.macos64_2.0.0.202105311346/tools/bin/../lib/gcc/arm-none-eabi/9.3.1/../../../../arm-none-eabi/lib/thumb/v7-m/nofp/libc_nano.a(lib_a-nano-mallocr.o)
                0x00000000200000e8                __malloc_sbrk_start
 *(COMMON)
 COMMON         0x00000000200000ec       0x14 ./Core/Src/rtc.o
                0x00000000200000ec                hrtc
 COMMON         0x0000000020000100       0x58 ./Core/Src/spi.o
                0x0000000020000100                hspi2
 COMMON         0x0000000020000158       0x48 ./Core/Src/tim.o
                0x0000000020000158                htim2
 COMMON         0x00000000200001a0       0x88 ./Core/Src/usart.o
                0x00000000200001a0                huart3
                0x00000000200001e4                huart1
 COMMON         0x0000000020000228        0x4 ./Drivers/STM32F1xx_HAL_Driver/Src/stm32f1xx_hal.o
                0x0000000020000228                uwTick
 COMMON         0x000000002000022c        0x4 /Applications/STM32CubeIDE.app/Contents/Eclipse/plugins/com.st.stm32cube.ide.mcu.externaltools.gnu-tools-for-stm32.9-2020-q2-update.macos64_2.0.0.202105311346/tools/bin/../lib/gcc/arm-none-eabi/9.3.1/../../../../arm-none-eabi/lib/thumb/v7-m/nofp/libc_nano.a(lib_a-reent.o)
                0x000000002000022c                errno
 COMMON         0x0000000020000230        0x9 /Applications/STM32CubeIDE.app/Contents/Eclipse/plugins/com.st.stm32cube.ide.mcu.externaltools.gnu-tools-for-stm32.9-2020-q2-update.macos64_2.0.0.202105311346/tools/bin/../lib/gcc/arm-none-eabi/9.3.1/../../../../arm-none-eabi/lib/thumb/v7-m/nofp/libc_nano.a(lib_a-lock.o)
                0x0000000020000230                __lock___atexit_recursive_mutex
                0x0000000020000231                __lock___arc4random_mutex
                0x0000000020000232                __lock___env_recursive_mutex
                0x0000000020000233                __lock___sinit_recursive_mutex
                0x0000000020000234                __lock___malloc_recursive_mutex
                0x0000000020000235                __lock___at_quick_exit_mutex
                0x0000000020000236                __lock___dd_hash_mutex
                0x0000000020000237                __lock___tz_mutex
                0x0000000020000238                __lock___sfp_recursive_mutex
                0x000000002000023c                . = ALIGN (0x4)
 *fill*         0x0000000020000239        0x3 
                0x000000002000023c                _ebss = .
                0x000000002000023c                __bss_end__ = _ebss

._user_heap_stack
                0x000000002000023c      0x604 load address 0x00000000080059a8
                0x0000000020000240                . = ALIGN (0x8)
 *fill*         0x000000002000023c        0x4 
                [!provide]                        PROVIDE (end = .)
                0x0000000020000240                PROVIDE (_end = .)
                0x0000000020000440                . = (. + _Min_Heap_Size)
 *fill*         0x0000000020000240      0x200 
                0x0000000020000840                . = (. + _Min_Stack_Size)
 *fill*         0x0000000020000440      0x400 
                0x0000000020000840                . = ALIGN (0x8)

/DISCARD/
 libc.a(*)
 libm.a(*)
 libgcc.a(*)

.ARM.attributes
                0x0000000000000000       0x29
 *(.ARM.attributes)
 .ARM.attributes
                0x0000000000000000       0x1d /Applications/STM32CubeIDE.app/Contents/Eclipse/plugins/com.st.stm32cube.ide.mcu.externaltools.gnu-tools-for-stm32.9-2020-q2-update.macos64_2.0.0.202105311346/tools/bin/../lib/gcc/arm-none-eabi/9.3.1/thumb/v7-m/nofp/crti.o
 .ARM.attributes
                0x000000000000001d       0x2d /Applications/STM32CubeIDE.app/Contents/Eclipse/plugins/com.st.stm32cube.ide.mcu.externaltools.gnu-tools-for-stm32.9-2020-q2-update.macos64_2.0.0.202105311346/tools/bin/../lib/gcc/arm-none-eabi/9.3.1/thumb/v7-m/nofp/crtbegin.o
 .ARM.attributes
                0x000000000000004a       0x2d ./Core/Src/gpio.o
 .ARM.attributes
                0x0000000000000077       0x2d ./Core/Src/main.o
 .ARM.attributes
                0x00000000000000a4       0x2d ./Core/Src/max7219.o
 .ARM.attributes
                0x00000000000000d1       0x2d ./Core/Src/rtc.o
 .ARM.attributes
                0x00000000000000fe       0x2d ./Core/Src/spi.o
 .ARM.attributes
                0x000000000000012b       0x2d ./Core/Src/stm32f1xx_hal_msp.o
 .ARM.attributes
                0x0000000000000158       0x2d ./Core/Src/stm32f1xx_it.o
 .ARM.attributes
                0x0000000000000185       0x2d ./Core/Src/sysmem.o
 .ARM.attributes
                0x00000000000001b2       0x2d ./Core/Src/system_stm32f1xx.o
 .ARM.attributes
                0x00000000000001df       0x2d ./Core/Src/tim.o
 .ARM.attributes
                0x000000000000020c       0x2d ./Core/Src/usart.o
 .ARM.attributes
                0x0000000000000239       0x21 ./Core/Startup/startup_stm32f103c8tx.o
 .ARM.attributes
                0x000000000000025a       0x2d ./Drivers/STM32F1xx_HAL_Driver/Src/stm32f1xx_hal.o
 .ARM.attributes
                0x0000000000000287       0x2d ./Drivers/STM32F1xx_HAL_Driver/Src/stm32f1xx_hal_cortex.o
 .ARM.attributes
                0x00000000000002b4       0x2d ./Drivers/STM32F1xx_HAL_Driver/Src/stm32f1xx_hal_gpio.o
 .ARM.attributes
                0x00000000000002e1       0x2d ./Drivers/STM32F1xx_HAL_Driver/Src/stm32f1xx_hal_pwr.o
 .ARM.attributes
                0x000000000000030e       0x2d ./Drivers/STM32F1xx_HAL_Driver/Src/stm32f1xx_hal_rcc.o
 .ARM.attributes
                0x000000000000033b       0x2d ./Drivers/STM32F1xx_HAL_Driver/Src/stm32f1xx_hal_rcc_ex.o
 .ARM.attributes
                0x0000000000000368       0x2d ./Drivers/STM32F1xx_HAL_Driver/Src/stm32f1xx_hal_rtc.o
 .ARM.attributes
                0x0000000000000395       0x2d ./Drivers/STM32F1xx_HAL_Driver/Src/stm32f1xx_hal_rtc_ex.o
 .ARM.attributes
                0x00000000000003c2       0x2d ./Drivers/STM32F1xx_HAL_Driver/Src/stm32f1xx_hal_spi.o
 .ARM.attributes
                0x00000000000003ef       0x2d ./Drivers/STM32F1xx_HAL_Driver/Src/stm32f1xx_hal_tim.o
 .ARM.attributes
                0x000000000000041c       0x2d ./Drivers/STM32F1xx_HAL_Driver/Src/stm32f1xx_hal_tim_ex.o
 .ARM.attributes
                0x0000000000000449       0x2d ./Drivers/STM32F1xx_HAL_Driver/Src/stm32f1xx_hal_uart.o
 .ARM.attributes
                0x0000000000000476       0x2d /Applications/STM32CubeIDE.app/Contents/Eclipse/plugins/com.st.stm32cube.ide.mcu.externaltools.gnu-tools-for-stm32.9-2020-q2-update.macos64_2.0.0.202105311346/tools/bin/../lib/gcc/arm-none-eabi/9.3.1/../../../../arm-none-eabi/lib/thumb/v7-m/nofp/libc_nano.a(lib_a-errno.o)
 .ARM.attributes
                0x00000000000004a3       0x2d /Applications/STM32CubeIDE.app/Contents/Eclipse/plugins/com.st.stm32cube.ide.mcu.externaltools.gnu-tools-for-stm32.9-2020-q2-update.macos64_2.0.0.202105311346/tools/bin/../lib/gcc/arm-none-eabi/9.3.1/../../../../arm-none-eabi/lib/thumb/v7-m/nofp/libc_nano.a(lib_a-impure.o)
 .ARM.attributes
                0x00000000000004d0       0x2d /Applications/STM32CubeIDE.app/Contents/Eclipse/plugins/com.st.stm32cube.ide.mcu.externaltools.gnu-tools-for-stm32.9-2020-q2-update.macos64_2.0.0.202105311346/tools/bin/../lib/gcc/arm-none-eabi/9.3.1/../../../../arm-none-eabi/lib/thumb/v7-m/nofp/libc_nano.a(lib_a-init.o)
 .ARM.attributes
                0x00000000000004fd       0x2d /Applications/STM32CubeIDE.app/Contents/Eclipse/plugins/com.st.stm32cube.ide.mcu.externaltools.gnu-tools-for-stm32.9-2020-q2-update.macos64_2.0.0.202105311346/tools/bin/../lib/gcc/arm-none-eabi/9.3.1/../../../../arm-none-eabi/lib/thumb/v7-m/nofp/libc_nano.a(lib_a-memset.o)
 .ARM.attributes
                0x000000000000052a       0x2d /Applications/STM32CubeIDE.app/Contents/Eclipse/plugins/com.st.stm32cube.ide.mcu.externaltools.gnu-tools-for-stm32.9-2020-q2-update.macos64_2.0.0.202105311346/tools/bin/../lib/gcc/arm-none-eabi/9.3.1/../../../../arm-none-eabi/lib/thumb/v7-m/nofp/libc_nano.a(lib_a-sprintf.o)
 .ARM.attributes
                0x0000000000000557       0x17 /Applications/STM32CubeIDE.app/Contents/Eclipse/plugins/com.st.stm32cube.ide.mcu.externaltools.gnu-tools-for-stm32.9-2020-q2-update.macos64_2.0.0.202105311346/tools/bin/../lib/gcc/arm-none-eabi/9.3.1/../../../../arm-none-eabi/lib/thumb/v7-m/nofp/libc_nano.a(lib_a-strlen.o)
 .ARM.attributes
                0x000000000000056e       0x2d /Applications/STM32CubeIDE.app/Contents/Eclipse/plugins/com.st.stm32cube.ide.mcu.externaltools.gnu-tools-for-stm32.9-2020-q2-update.macos64_2.0.0.202105311346/tools/bin/../lib/gcc/arm-none-eabi/9.3.1/../../../../arm-none-eabi/lib/thumb/v7-m/nofp/libc_nano.a(lib_a-nano-svfprintf.o)
 .ARM.attributes
                0x000000000000059b       0x2d /Applications/STM32CubeIDE.app/Contents/Eclipse/plugins/com.st.stm32cube.ide.mcu.externaltools.gnu-tools-for-stm32.9-2020-q2-update.macos64_2.0.0.202105311346/tools/bin/../lib/gcc/arm-none-eabi/9.3.1/../../../../arm-none-eabi/lib/thumb/v7-m/nofp/libc_nano.a(lib_a-nano-vfprintf_i.o)
 .ARM.attributes
                0x00000000000005c8       0x2d /Applications/STM32CubeIDE.app/Contents/Eclipse/plugins/com.st.stm32cube.ide.mcu.externaltools.gnu-tools-for-stm32.9-2020-q2-update.macos64_2.0.0.202105311346/tools/bin/../lib/gcc/arm-none-eabi/9.3.1/../../../../arm-none-eabi/lib/thumb/v7-m/nofp/libc_nano.a(lib_a-memchr-stub.o)
 .ARM.attributes
                0x00000000000005f5       0x2d /Applications/STM32CubeIDE.app/Contents/Eclipse/plugins/com.st.stm32cube.ide.mcu.externaltools.gnu-tools-for-stm32.9-2020-q2-update.macos64_2.0.0.202105311346/tools/bin/../lib/gcc/arm-none-eabi/9.3.1/../../../../arm-none-eabi/lib/thumb/v7-m/nofp/libc_nano.a(lib_a-memcpy-stub.o)
 .ARM.attributes
                0x0000000000000622       0x2d /Applications/STM32CubeIDE.app/Contents/Eclipse/plugins/com.st.stm32cube.ide.mcu.externaltools.gnu-tools-for-stm32.9-2020-q2-update.macos64_2.0.0.202105311346/tools/bin/../lib/gcc/arm-none-eabi/9.3.1/../../../../arm-none-eabi/lib/thumb/v7-m/nofp/libc_nano.a(lib_a-memmove.o)
 .ARM.attributes
                0x000000000000064f       0x2d /Applications/STM32CubeIDE.app/Contents/Eclipse/plugins/com.st.stm32cube.ide.mcu.externaltools.gnu-tools-for-stm32.9-2020-q2-update.macos64_2.0.0.202105311346/tools/bin/../lib/gcc/arm-none-eabi/9.3.1/../../../../arm-none-eabi/lib/thumb/v7-m/nofp/libc_nano.a(lib_a-nano-freer.o)
 .ARM.attributes
                0x000000000000067c       0x2d /Applications/STM32CubeIDE.app/Contents/Eclipse/plugins/com.st.stm32cube.ide.mcu.externaltools.gnu-tools-for-stm32.9-2020-q2-update.macos64_2.0.0.202105311346/tools/bin/../lib/gcc/arm-none-eabi/9.3.1/../../../../arm-none-eabi/lib/thumb/v7-m/nofp/libc_nano.a(lib_a-nano-mallocr.o)
 .ARM.attributes
                0x00000000000006a9       0x2d /Applications/STM32CubeIDE.app/Contents/Eclipse/plugins/com.st.stm32cube.ide.mcu.externaltools.gnu-tools-for-stm32.9-2020-q2-update.macos64_2.0.0.202105311346/tools/bin/../lib/gcc/arm-none-eabi/9.3.1/../../../../arm-none-eabi/lib/thumb/v7-m/nofp/libc_nano.a(lib_a-nano-reallocr.o)
 .ARM.attributes
                0x00000000000006d6       0x2d /Applications/STM32CubeIDE.app/Contents/Eclipse/plugins/com.st.stm32cube.ide.mcu.externaltools.gnu-tools-for-stm32.9-2020-q2-update.macos64_2.0.0.202105311346/tools/bin/../lib/gcc/arm-none-eabi/9.3.1/../../../../arm-none-eabi/lib/thumb/v7-m/nofp/libc_nano.a(lib_a-sbrkr.o)
 .ARM.attributes
                0x0000000000000703       0x2d /Applications/STM32CubeIDE.app/Contents/Eclipse/plugins/com.st.stm32cube.ide.mcu.externaltools.gnu-tools-for-stm32.9-2020-q2-update.macos64_2.0.0.202105311346/tools/bin/../lib/gcc/arm-none-eabi/9.3.1/../../../../arm-none-eabi/lib/thumb/v7-m/nofp/libc_nano.a(lib_a-mlock.o)
 .ARM.attributes
                0x0000000000000730       0x2d /Applications/STM32CubeIDE.app/Contents/Eclipse/plugins/com.st.stm32cube.ide.mcu.externaltools.gnu-tools-for-stm32.9-2020-q2-update.macos64_2.0.0.202105311346/tools/bin/../lib/gcc/arm-none-eabi/9.3.1/../../../../arm-none-eabi/lib/thumb/v7-m/nofp/libc_nano.a(lib_a-nano-msizer.o)
 .ARM.attributes
                0x000000000000075d       0x2d /Applications/STM32CubeIDE.app/Contents/Eclipse/plugins/com.st.stm32cube.ide.mcu.externaltools.gnu-tools-for-stm32.9-2020-q2-update.macos64_2.0.0.202105311346/tools/bin/../lib/gcc/arm-none-eabi/9.3.1/../../../../arm-none-eabi/lib/thumb/v7-m/nofp/libc_nano.a(lib_a-reent.o)
 .ARM.attributes
                0x000000000000078a       0x2d /Applications/STM32CubeIDE.app/Contents/Eclipse/plugins/com.st.stm32cube.ide.mcu.externaltools.gnu-tools-for-stm32.9-2020-q2-update.macos64_2.0.0.202105311346/tools/bin/../lib/gcc/arm-none-eabi/9.3.1/../../../../arm-none-eabi/lib/thumb/v7-m/nofp/libc_nano.a(lib_a-lock.o)
 .ARM.attributes
                0x00000000000007b7       0x1d /Applications/STM32CubeIDE.app/Contents/Eclipse/plugins/com.st.stm32cube.ide.mcu.externaltools.gnu-tools-for-stm32.9-2020-q2-update.macos64_2.0.0.202105311346/tools/bin/../lib/gcc/arm-none-eabi/9.3.1/thumb/v7-m/nofp/crtn.o
OUTPUT(carwasher_board_fw.elf elf32-littlearm)
LOAD linker stubs
LOAD /Applications/STM32CubeIDE.app/Contents/Eclipse/plugins/com.st.stm32cube.ide.mcu.externaltools.gnu-tools-for-stm32.9-2020-q2-update.macos64_2.0.0.202105311346/tools/bin/../lib/gcc/arm-none-eabi/9.3.1/../../../../arm-none-eabi/lib/thumb/v7-m/nofp/libc.a
LOAD /Applications/STM32CubeIDE.app/Contents/Eclipse/plugins/com.st.stm32cube.ide.mcu.externaltools.gnu-tools-for-stm32.9-2020-q2-update.macos64_2.0.0.202105311346/tools/bin/../lib/gcc/arm-none-eabi/9.3.1/../../../../arm-none-eabi/lib/thumb/v7-m/nofp/libm.a
LOAD /Applications/STM32CubeIDE.app/Contents/Eclipse/plugins/com.st.stm32cube.ide.mcu.externaltools.gnu-tools-for-stm32.9-2020-q2-update.macos64_2.0.0.202105311346/tools/bin/../lib/gcc/arm-none-eabi/9.3.1/thumb/v7-m/nofp/libgcc.a

.debug_info     0x0000000000000000    0x11d23
 .debug_info    0x0000000000000000      0x4f3 ./Core/Src/gpio.o
 .debug_info    0x00000000000004f3     0x2442 ./Core/Src/main.o
 .debug_info    0x0000000000002935      0xafb ./Core/Src/max7219.o
 .debug_info    0x0000000000003430      0x538 ./Core/Src/rtc.o
 .debug_info    0x0000000000003968      0x899 ./Core/Src/spi.o
 .debug_info    0x0000000000004201      0x2fc ./Core/Src/stm32f1xx_hal_msp.o
 .debug_info    0x00000000000044fd      0x7f0 ./Core/Src/stm32f1xx_it.o
 .debug_info    0x0000000000004ced      0xa25 ./Core/Src/sysmem.o
 .debug_info    0x0000000000005712      0x2be ./Core/Src/system_stm32f1xx.o
 .debug_info    0x00000000000059d0      0xa35 ./Core/Src/tim.o
 .debug_info    0x0000000000006405      0x8b7 ./Core/Src/usart.o
 .debug_info    0x0000000000006cbc       0x22 ./Core/Startup/startup_stm32f103c8tx.o
 .debug_info    0x0000000000006cde      0x76a ./Drivers/STM32F1xx_HAL_Driver/Src/stm32f1xx_hal.o
 .debug_info    0x0000000000007448      0xbdc ./Drivers/STM32F1xx_HAL_Driver/Src/stm32f1xx_hal_cortex.o
 .debug_info    0x0000000000008024      0x701 ./Drivers/STM32F1xx_HAL_Driver/Src/stm32f1xx_hal_gpio.o
 .debug_info    0x0000000000008725      0x730 ./Drivers/STM32F1xx_HAL_Driver/Src/stm32f1xx_hal_pwr.o
 .debug_info    0x0000000000008e55      0x88e ./Drivers/STM32F1xx_HAL_Driver/Src/stm32f1xx_hal_rcc.o
 .debug_info    0x00000000000096e3      0x480 ./Drivers/STM32F1xx_HAL_Driver/Src/stm32f1xx_hal_rcc_ex.o
 .debug_info    0x0000000000009b63      0xdf9 ./Drivers/STM32F1xx_HAL_Driver/Src/stm32f1xx_hal_rtc.o
 .debug_info    0x000000000000a95c      0x7d4 ./Drivers/STM32F1xx_HAL_Driver/Src/stm32f1xx_hal_rtc_ex.o
 .debug_info    0x000000000000b130     0x16bf ./Drivers/STM32F1xx_HAL_Driver/Src/stm32f1xx_hal_spi.o
 .debug_info    0x000000000000c7ef     0x2a45 ./Drivers/STM32F1xx_HAL_Driver/Src/stm32f1xx_hal_tim.o
 .debug_info    0x000000000000f234     0x14d5 ./Drivers/STM32F1xx_HAL_Driver/Src/stm32f1xx_hal_tim_ex.o
 .debug_info    0x0000000000010709     0x161a ./Drivers/STM32F1xx_HAL_Driver/Src/stm32f1xx_hal_uart.o

.debug_abbrev   0x0000000000000000     0x2ec4
 .debug_abbrev  0x0000000000000000      0x157 ./Core/Src/gpio.o
 .debug_abbrev  0x0000000000000157      0x36e ./Core/Src/main.o
 .debug_abbrev  0x00000000000004c5      0x24a ./Core/Src/max7219.o
 .debug_abbrev  0x000000000000070f      0x193 ./Core/Src/rtc.o
 .debug_abbrev  0x00000000000008a2      0x1bb ./Core/Src/spi.o
 .debug_abbrev  0x0000000000000a5d      0x11d ./Core/Src/stm32f1xx_hal_msp.o
 .debug_abbrev  0x0000000000000b7a      0x176 ./Core/Src/stm32f1xx_it.o
 .debug_abbrev  0x0000000000000cf0      0x1bf ./Core/Src/sysmem.o
 .debug_abbrev  0x0000000000000eaf      0x14e ./Core/Src/system_stm32f1xx.o
 .debug_abbrev  0x0000000000000ffd      0x1bb ./Core/Src/tim.o
 .debug_abbrev  0x00000000000011b8      0x1bb ./Core/Src/usart.o
 .debug_abbrev  0x0000000000001373       0x12 ./Core/Startup/startup_stm32f103c8tx.o
 .debug_abbrev  0x0000000000001385      0x1ed ./Drivers/STM32F1xx_HAL_Driver/Src/stm32f1xx_hal.o
 .debug_abbrev  0x0000000000001572      0x313 ./Drivers/STM32F1xx_HAL_Driver/Src/stm32f1xx_hal_cortex.o
 .debug_abbrev  0x0000000000001885      0x1e8 ./Drivers/STM32F1xx_HAL_Driver/Src/stm32f1xx_hal_gpio.o
 .debug_abbrev  0x0000000000001a6d      0x213 ./Drivers/STM32F1xx_HAL_Driver/Src/stm32f1xx_hal_pwr.o
 .debug_abbrev  0x0000000000001c80      0x273 ./Drivers/STM32F1xx_HAL_Driver/Src/stm32f1xx_hal_rcc.o
 .debug_abbrev  0x0000000000001ef3      0x193 ./Drivers/STM32F1xx_HAL_Driver/Src/stm32f1xx_hal_rcc_ex.o
 .debug_abbrev  0x0000000000002086      0x236 ./Drivers/STM32F1xx_HAL_Driver/Src/stm32f1xx_hal_rtc.o
 .debug_abbrev  0x00000000000022bc      0x24b ./Drivers/STM32F1xx_HAL_Driver/Src/stm32f1xx_hal_rtc_ex.o
 .debug_abbrev  0x0000000000002507      0x26e ./Drivers/STM32F1xx_HAL_Driver/Src/stm32f1xx_hal_spi.o
 .debug_abbrev  0x0000000000002775      0x25e ./Drivers/STM32F1xx_HAL_Driver/Src/stm32f1xx_hal_tim.o
 .debug_abbrev  0x00000000000029d3      0x266 ./Drivers/STM32F1xx_HAL_Driver/Src/stm32f1xx_hal_tim_ex.o
 .debug_abbrev  0x0000000000002c39      0x28b ./Drivers/STM32F1xx_HAL_Driver/Src/stm32f1xx_hal_uart.o

.debug_aranges  0x0000000000000000     0x11d8
 .debug_aranges
                0x0000000000000000       0x20 ./Core/Src/gpio.o
 .debug_aranges
                0x0000000000000020      0x130 ./Core/Src/main.o
 .debug_aranges
                0x0000000000000150       0x90 ./Core/Src/max7219.o
 .debug_aranges
                0x00000000000001e0       0x30 ./Core/Src/rtc.o
 .debug_aranges
                0x0000000000000210       0x30 ./Core/Src/spi.o
 .debug_aranges
                0x0000000000000240       0x20 ./Core/Src/stm32f1xx_hal_msp.o
 .debug_aranges
                0x0000000000000260       0x78 ./Core/Src/stm32f1xx_it.o
 .debug_aranges
                0x00000000000002d8       0x20 ./Core/Src/sysmem.o
 .debug_aranges
                0x00000000000002f8       0x28 ./Core/Src/system_stm32f1xx.o
 .debug_aranges
                0x0000000000000320       0x30 ./Core/Src/tim.o
 .debug_aranges
                0x0000000000000350       0x38 ./Core/Src/usart.o
 .debug_aranges
                0x0000000000000388       0x28 ./Core/Startup/startup_stm32f103c8tx.o
 .debug_aranges
                0x00000000000003b0       0xe0 ./Drivers/STM32F1xx_HAL_Driver/Src/stm32f1xx_hal.o
 .debug_aranges
                0x0000000000000490      0x100 ./Drivers/STM32F1xx_HAL_Driver/Src/stm32f1xx_hal_cortex.o
 .debug_aranges
                0x0000000000000590       0x58 ./Drivers/STM32F1xx_HAL_Driver/Src/stm32f1xx_hal_gpio.o
 .debug_aranges
                0x00000000000005e8       0xa8 ./Drivers/STM32F1xx_HAL_Driver/Src/stm32f1xx_hal_pwr.o
 .debug_aranges
                0x0000000000000690       0x90 ./Drivers/STM32F1xx_HAL_Driver/Src/stm32f1xx_hal_rcc.o
 .debug_aranges
                0x0000000000000720       0x30 ./Drivers/STM32F1xx_HAL_Driver/Src/stm32f1xx_hal_rcc_ex.o
 .debug_aranges
                0x0000000000000750       0xf8 ./Drivers/STM32F1xx_HAL_Driver/Src/stm32f1xx_hal_rtc.o
 .debug_aranges
                0x0000000000000848       0x88 ./Drivers/STM32F1xx_HAL_Driver/Src/stm32f1xx_hal_rtc_ex.o
 .debug_aranges
                0x00000000000008d0      0x1d0 ./Drivers/STM32F1xx_HAL_Driver/Src/stm32f1xx_hal_spi.o
 .debug_aranges
                0x0000000000000aa0      0x3d0 ./Drivers/STM32F1xx_HAL_Driver/Src/stm32f1xx_hal_tim.o
 .debug_aranges
                0x0000000000000e70      0x168 ./Drivers/STM32F1xx_HAL_Driver/Src/stm32f1xx_hal_tim_ex.o
 .debug_aranges
                0x0000000000000fd8      0x200 ./Drivers/STM32F1xx_HAL_Driver/Src/stm32f1xx_hal_uart.o

.debug_ranges   0x0000000000000000     0x1090
 .debug_ranges  0x0000000000000000       0x10 ./Core/Src/gpio.o
 .debug_ranges  0x0000000000000010      0x120 ./Core/Src/main.o
 .debug_ranges  0x0000000000000130       0x80 ./Core/Src/max7219.o
 .debug_ranges  0x00000000000001b0       0x20 ./Core/Src/rtc.o
 .debug_ranges  0x00000000000001d0       0x20 ./Core/Src/spi.o
 .debug_ranges  0x00000000000001f0       0x10 ./Core/Src/stm32f1xx_hal_msp.o
 .debug_ranges  0x0000000000000200       0x68 ./Core/Src/stm32f1xx_it.o
 .debug_ranges  0x0000000000000268       0x10 ./Core/Src/sysmem.o
 .debug_ranges  0x0000000000000278       0x18 ./Core/Src/system_stm32f1xx.o
 .debug_ranges  0x0000000000000290       0x20 ./Core/Src/tim.o
 .debug_ranges  0x00000000000002b0       0x28 ./Core/Src/usart.o
 .debug_ranges  0x00000000000002d8       0x20 ./Core/Startup/startup_stm32f103c8tx.o
 .debug_ranges  0x00000000000002f8       0xd0 ./Drivers/STM32F1xx_HAL_Driver/Src/stm32f1xx_hal.o
 .debug_ranges  0x00000000000003c8       0xf0 ./Drivers/STM32F1xx_HAL_Driver/Src/stm32f1xx_hal_cortex.o
 .debug_ranges  0x00000000000004b8       0x48 ./Drivers/STM32F1xx_HAL_Driver/Src/stm32f1xx_hal_gpio.o
 .debug_ranges  0x0000000000000500       0x98 ./Drivers/STM32F1xx_HAL_Driver/Src/stm32f1xx_hal_pwr.o
 .debug_ranges  0x0000000000000598       0x80 ./Drivers/STM32F1xx_HAL_Driver/Src/stm32f1xx_hal_rcc.o
 .debug_ranges  0x0000000000000618       0x20 ./Drivers/STM32F1xx_HAL_Driver/Src/stm32f1xx_hal_rcc_ex.o
 .debug_ranges  0x0000000000000638       0xe8 ./Drivers/STM32F1xx_HAL_Driver/Src/stm32f1xx_hal_rtc.o
 .debug_ranges  0x0000000000000720       0x78 ./Drivers/STM32F1xx_HAL_Driver/Src/stm32f1xx_hal_rtc_ex.o
 .debug_ranges  0x0000000000000798      0x1c0 ./Drivers/STM32F1xx_HAL_Driver/Src/stm32f1xx_hal_spi.o
 .debug_ranges  0x0000000000000958      0x3c0 ./Drivers/STM32F1xx_HAL_Driver/Src/stm32f1xx_hal_tim.o
 .debug_ranges  0x0000000000000d18      0x158 ./Drivers/STM32F1xx_HAL_Driver/Src/stm32f1xx_hal_tim_ex.o
 .debug_ranges  0x0000000000000e70      0x220 ./Drivers/STM32F1xx_HAL_Driver/Src/stm32f1xx_hal_uart.o

.debug_macro    0x0000000000000000    0x197c3
 .debug_macro   0x0000000000000000      0x1da ./Core/Src/gpio.o
 .debug_macro   0x00000000000001da      0xa9c ./Core/Src/gpio.o
 .debug_macro   0x0000000000000c76      0x227 ./Core/Src/gpio.o
 .debug_macro   0x0000000000000e9d       0x2e ./Core/Src/gpio.o
 .debug_macro   0x0000000000000ecb       0x22 ./Core/Src/gpio.o
 .debug_macro   0x0000000000000eed       0x22 ./Core/Src/gpio.o
 .debug_macro   0x0000000000000f0f       0x8e ./Core/Src/gpio.o
 .debug_macro   0x0000000000000f9d       0x51 ./Core/Src/gpio.o
 .debug_macro   0x0000000000000fee      0x103 ./Core/Src/gpio.o
 .debug_macro   0x00000000000010f1       0x6a ./Core/Src/gpio.o
 .debug_macro   0x000000000000115b      0x1df ./Core/Src/gpio.o
 .debug_macro   0x000000000000133a       0x1c ./Core/Src/gpio.o
 .debug_macro   0x0000000000001356       0x22 ./Core/Src/gpio.o
 .debug_macro   0x0000000000001378       0xc3 ./Core/Src/gpio.o
 .debug_macro   0x000000000000143b      0xd23 ./Core/Src/gpio.o
 .debug_macro   0x000000000000215e     0xe09e ./Core/Src/gpio.o
 .debug_macro   0x00000000000101fc       0x6d ./Core/Src/gpio.o
 .debug_macro   0x0000000000010269     0x3468 ./Core/Src/gpio.o
 .debug_macro   0x00000000000136d1      0x174 ./Core/Src/gpio.o
 .debug_macro   0x0000000000013845       0x5c ./Core/Src/gpio.o
 .debug_macro   0x00000000000138a1      0x5be ./Core/Src/gpio.o
 .debug_macro   0x0000000000013e5f      0x289 ./Core/Src/gpio.o
 .debug_macro   0x00000000000140e8      0x1cb ./Core/Src/gpio.o
 .debug_macro   0x00000000000142b3      0x114 ./Core/Src/gpio.o
 .debug_macro   0x00000000000143c7      0x1b2 ./Core/Src/gpio.o
 .debug_macro   0x0000000000014579       0x27 ./Core/Src/gpio.o
 .debug_macro   0x00000000000145a0      0x136 ./Core/Src/gpio.o
 .debug_macro   0x00000000000146d6      0x1bc ./Core/Src/gpio.o
 .debug_macro   0x0000000000014892       0x34 ./Core/Src/gpio.o
 .debug_macro   0x00000000000148c6       0x3c ./Core/Src/gpio.o
 .debug_macro   0x0000000000014902       0x57 ./Core/Src/gpio.o
 .debug_macro   0x0000000000014959       0x88 ./Core/Src/gpio.o
 .debug_macro   0x00000000000149e1      0x241 ./Core/Src/gpio.o
 .debug_macro   0x0000000000014c22      0x141 ./Core/Src/gpio.o
 .debug_macro   0x0000000000014d63      0x1ef ./Core/Src/gpio.o
 .debug_macro   0x0000000000014f52       0xec ./Core/Src/gpio.o
 .debug_macro   0x000000000001503e      0x217 ./Core/Src/gpio.o
 .debug_macro   0x0000000000015255      0x8d1 ./Core/Src/gpio.o
 .debug_macro   0x0000000000015b26      0x279 ./Core/Src/gpio.o
 .debug_macro   0x0000000000015d9f       0x83 ./Core/Src/gpio.o
 .debug_macro   0x0000000000015e22       0xe8 ./Core/Src/gpio.o
 .debug_macro   0x0000000000015f0a      0x3d2 ./Core/Src/main.o
 .debug_macro   0x00000000000162dc       0x52 ./Core/Src/main.o
 .debug_macro   0x000000000001632e       0x18 ./Core/Src/main.o
 .debug_macro   0x0000000000016346       0x3c ./Core/Src/main.o
 .debug_macro   0x0000000000016382       0x34 ./Core/Src/main.o
 .debug_macro   0x00000000000163b6       0x16 ./Core/Src/main.o
 .debug_macro   0x00000000000163cc       0x35 ./Core/Src/main.o
 .debug_macro   0x0000000000016401      0x333 ./Core/Src/main.o
 .debug_macro   0x0000000000016734       0x10 ./Core/Src/main.o
 .debug_macro   0x0000000000016744       0x16 ./Core/Src/main.o
 .debug_macro   0x000000000001675a       0x43 ./Core/Src/main.o
 .debug_macro   0x000000000001679d       0x34 ./Core/Src/main.o
 .debug_macro   0x00000000000167d1       0x10 ./Core/Src/main.o
 .debug_macro   0x00000000000167e1       0x58 ./Core/Src/main.o
 .debug_macro   0x0000000000016839       0x71 ./Core/Src/main.o
 .debug_macro   0x00000000000168aa       0x1c ./Core/Src/main.o
 .debug_macro   0x00000000000168c6      0x12a ./Core/Src/main.o
 .debug_macro   0x00000000000169f0       0x10 ./Core/Src/main.o
 .debug_macro   0x0000000000016a00       0x1c ./Core/Src/main.o
 .debug_macro   0x0000000000016a1c       0x52 ./Core/Src/main.o
 .debug_macro   0x0000000000016a6e       0x22 ./Core/Src/main.o
 .debug_macro   0x0000000000016a90       0x10 ./Core/Src/main.o
 .debug_macro   0x0000000000016aa0       0x40 ./Core/Src/main.o
 .debug_macro   0x0000000000016ae0       0xd5 ./Core/Src/main.o
 .debug_macro   0x0000000000016bb5       0x1c ./Core/Src/main.o
 .debug_macro   0x0000000000016bd1       0x3d ./Core/Src/main.o
 .debug_macro   0x0000000000016c0e       0x16 ./Core/Src/main.o
 .debug_macro   0x0000000000016c24      0x145 ./Core/Src/main.o
 .debug_macro   0x0000000000016d69       0x16 ./Core/Src/main.o
 .debug_macro   0x0000000000016d7f       0x20 ./Core/Src/main.o
 .debug_macro   0x0000000000016d9f       0x22 ./Core/Src/main.o
 .debug_macro   0x0000000000016dc1      0x1a9 ./Core/Src/main.o
 .debug_macro   0x0000000000016f6a       0x16 ./Core/Src/main.o
 .debug_macro   0x0000000000016f80      0x200 ./Core/Src/max7219.o
 .debug_macro   0x0000000000017180       0x10 ./Core/Src/max7219.o
 .debug_macro   0x0000000000017190      0x1da ./Core/Src/rtc.o
 .debug_macro   0x000000000001736a      0x1da ./Core/Src/spi.o
 .debug_macro   0x0000000000017544      0x1d0 ./Core/Src/stm32f1xx_hal_msp.o
 .debug_macro   0x0000000000017714      0x1da ./Core/Src/stm32f1xx_it.o
 .debug_macro   0x00000000000178ee       0xff ./Core/Src/sysmem.o
 .debug_macro   0x00000000000179ed      0x23b ./Core/Src/sysmem.o
 .debug_macro   0x0000000000017c28      0x1c1 ./Core/Src/system_stm32f1xx.o
 .debug_macro   0x0000000000017de9      0x1da ./Core/Src/tim.o
 .debug_macro   0x0000000000017fc3      0x1da ./Core/Src/usart.o
 .debug_macro   0x000000000001819d      0x1e5 ./Drivers/STM32F1xx_HAL_Driver/Src/stm32f1xx_hal.o
 .debug_macro   0x0000000000018382      0x1c1 ./Drivers/STM32F1xx_HAL_Driver/Src/stm32f1xx_hal_cortex.o
 .debug_macro   0x0000000000018543      0x22c ./Drivers/STM32F1xx_HAL_Driver/Src/stm32f1xx_hal_gpio.o
 .debug_macro   0x000000000001876f      0x221 ./Drivers/STM32F1xx_HAL_Driver/Src/stm32f1xx_hal_pwr.o
 .debug_macro   0x0000000000018990      0x1d3 ./Drivers/STM32F1xx_HAL_Driver/Src/stm32f1xx_hal_rcc.o
 .debug_macro   0x0000000000018b63      0x1c1 ./Drivers/STM32F1xx_HAL_Driver/Src/stm32f1xx_hal_rcc_ex.o
 .debug_macro   0x0000000000018d24      0x1d0 ./Drivers/STM32F1xx_HAL_Driver/Src/stm32f1xx_hal_rtc.o
 .debug_macro   0x0000000000018ef4      0x1c1 ./Drivers/STM32F1xx_HAL_Driver/Src/stm32f1xx_hal_rtc_ex.o
 .debug_macro   0x00000000000190b5      0x1c9 ./Drivers/STM32F1xx_HAL_Driver/Src/stm32f1xx_hal_spi.o
 .debug_macro   0x000000000001927e      0x1c2 ./Drivers/STM32F1xx_HAL_Driver/Src/stm32f1xx_hal_tim.o
 .debug_macro   0x0000000000019440      0x1c1 ./Drivers/STM32F1xx_HAL_Driver/Src/stm32f1xx_hal_tim_ex.o
 .debug_macro   0x0000000000019601      0x1c2 ./Drivers/STM32F1xx_HAL_Driver/Src/stm32f1xx_hal_uart.o

.debug_line     0x0000000000000000    0x13a95
 .debug_line    0x0000000000000000      0x737 ./Core/Src/gpio.o
 .debug_line    0x0000000000000737     0x12b6 ./Core/Src/main.o
 .debug_line    0x00000000000019ed      0x986 ./Core/Src/max7219.o
 .debug_line    0x0000000000002373      0x760 ./Core/Src/rtc.o
 .debug_line    0x0000000000002ad3      0x762 ./Core/Src/spi.o
 .debug_line    0x0000000000003235      0x6f6 ./Core/Src/stm32f1xx_hal_msp.o
 .debug_line    0x000000000000392b      0x7ff ./Core/Src/stm32f1xx_it.o
 .debug_line    0x000000000000412a      0x534 ./Core/Src/sysmem.o
 .debug_line    0x000000000000465e      0x773 ./Core/Src/system_stm32f1xx.o
 .debug_line    0x0000000000004dd1      0x762 ./Core/Src/tim.o
 .debug_line    0x0000000000005533      0x7d4 ./Core/Src/usart.o
 .debug_line    0x0000000000005d07       0x87 ./Core/Startup/startup_stm32f103c8tx.o
 .debug_line    0x0000000000005d8e      0x9a0 ./Drivers/STM32F1xx_HAL_Driver/Src/stm32f1xx_hal.o
 .debug_line    0x000000000000672e      0xb88 ./Drivers/STM32F1xx_HAL_Driver/Src/stm32f1xx_hal_cortex.o
 .debug_line    0x00000000000072b6      0xa37 ./Drivers/STM32F1xx_HAL_Driver/Src/stm32f1xx_hal_gpio.o
 .debug_line    0x0000000000007ced      0x922 ./Drivers/STM32F1xx_HAL_Driver/Src/stm32f1xx_hal_pwr.o
 .debug_line    0x000000000000860f      0xdae ./Drivers/STM32F1xx_HAL_Driver/Src/stm32f1xx_hal_rcc.o
 .debug_line    0x00000000000093bd      0x8ec ./Drivers/STM32F1xx_HAL_Driver/Src/stm32f1xx_hal_rcc_ex.o
 .debug_line    0x0000000000009ca9     0x1112 ./Drivers/STM32F1xx_HAL_Driver/Src/stm32f1xx_hal_rtc.o
 .debug_line    0x000000000000adbb      0xa29 ./Drivers/STM32F1xx_HAL_Driver/Src/stm32f1xx_hal_rtc_ex.o
 .debug_line    0x000000000000b7e4     0x1c25 ./Drivers/STM32F1xx_HAL_Driver/Src/stm32f1xx_hal_spi.o
 .debug_line    0x000000000000d409     0x3349 ./Drivers/STM32F1xx_HAL_Driver/Src/stm32f1xx_hal_tim.o
 .debug_line    0x0000000000010752     0x18c8 ./Drivers/STM32F1xx_HAL_Driver/Src/stm32f1xx_hal_tim_ex.o
 .debug_line    0x000000000001201a     0x1a7b ./Drivers/STM32F1xx_HAL_Driver/Src/stm32f1xx_hal_uart.o

.debug_str      0x0000000000000000    0x8ff9c
 .debug_str     0x0000000000000000    0x865b6 ./Core/Src/gpio.o
                                      0x86991 (size before relaxing)
 .debug_str     0x00000000000865b6     0x5a35 ./Core/Src/main.o
                                      0x8c591 (size before relaxing)
 .debug_str     0x000000000008bfeb      0x2c6 ./Core/Src/max7219.o
                                      0x86dde (size before relaxing)
 .debug_str     0x000000000008c2b1       0x76 ./Core/Src/rtc.o
                                      0x8682c (size before relaxing)
 .debug_str     0x000000000008c327       0x4b ./Core/Src/spi.o
                                      0x86a9e (size before relaxing)
 .debug_str     0x000000000008c372       0x5a ./Core/Src/stm32f1xx_hal_msp.o
                                      0x86672 (size before relaxing)
 .debug_str     0x000000000008c3cc       0xf1 ./Core/Src/stm32f1xx_it.o
                                      0x86b91 (size before relaxing)
 .debug_str     0x000000000008c4bd      0x4e9 ./Core/Src/sysmem.o
                                       0x626a (size before relaxing)
 .debug_str     0x000000000008c9a6       0x52 ./Core/Src/system_stm32f1xx.o
                                      0x862b5 (size before relaxing)
 .debug_str     0x000000000008c9f8       0xf7 ./Core/Src/tim.o
                                      0x86edb (size before relaxing)
 .debug_str     0x000000000008caef       0x6b ./Core/Src/usart.o
                                      0x86ac7 (size before relaxing)
 .debug_str     0x000000000008cb5a       0x36 ./Core/Startup/startup_stm32f103c8tx.o
                                         0x7e (size before relaxing)
 .debug_str     0x000000000008cb90      0x2fa ./Drivers/STM32F1xx_HAL_Driver/Src/stm32f1xx_hal.o
                                      0x86946 (size before relaxing)
 .debug_str     0x000000000008ce8a      0x300 ./Drivers/STM32F1xx_HAL_Driver/Src/stm32f1xx_hal_cortex.o
                                      0x8694e (size before relaxing)
 .debug_str     0x000000000008d18a      0x2e7 ./Drivers/STM32F1xx_HAL_Driver/Src/stm32f1xx_hal_gpio.o
                                      0x86679 (size before relaxing)
 .debug_str     0x000000000008d471      0x507 ./Drivers/STM32F1xx_HAL_Driver/Src/stm32f1xx_hal_pwr.o
                                      0x86818 (size before relaxing)
 .debug_str     0x000000000008d978      0x243 ./Drivers/STM32F1xx_HAL_Driver/Src/stm32f1xx_hal_rcc.o
                                      0x866b2 (size before relaxing)
 .debug_str     0x000000000008dbbb       0xb9 ./Drivers/STM32F1xx_HAL_Driver/Src/stm32f1xx_hal_rcc_ex.o
                                      0x8643f (size before relaxing)
 .debug_str     0x000000000008dc74      0x33a ./Drivers/STM32F1xx_HAL_Driver/Src/stm32f1xx_hal_rtc.o
                                      0x867c5 (size before relaxing)
 .debug_str     0x000000000008dfae      0x206 ./Drivers/STM32F1xx_HAL_Driver/Src/stm32f1xx_hal_rtc_ex.o
                                      0x86622 (size before relaxing)
 .debug_str     0x000000000008e1b4      0x54e ./Drivers/STM32F1xx_HAL_Driver/Src/stm32f1xx_hal_spi.o
                                      0x86bc1 (size before relaxing)
 .debug_str     0x000000000008e702      0xdc8 ./Drivers/STM32F1xx_HAL_Driver/Src/stm32f1xx_hal_tim.o
                                      0x87684 (size before relaxing)
 .debug_str     0x000000000008f4ca      0x4ee ./Drivers/STM32F1xx_HAL_Driver/Src/stm32f1xx_hal_tim_ex.o
                                      0x86e35 (size before relaxing)
 .debug_str     0x000000000008f9b8      0x5e4 ./Drivers/STM32F1xx_HAL_Driver/Src/stm32f1xx_hal_uart.o
                                      0x86ca4 (size before relaxing)

.comment        0x0000000000000000       0x53
 .comment       0x0000000000000000       0x53 ./Core/Src/gpio.o
                                         0x54 (size before relaxing)
 .comment       0x0000000000000053       0x54 ./Core/Src/main.o
 .comment       0x0000000000000053       0x54 ./Core/Src/max7219.o
 .comment       0x0000000000000053       0x54 ./Core/Src/rtc.o
 .comment       0x0000000000000053       0x54 ./Core/Src/spi.o
 .comment       0x0000000000000053       0x54 ./Core/Src/stm32f1xx_hal_msp.o
 .comment       0x0000000000000053       0x54 ./Core/Src/stm32f1xx_it.o
 .comment       0x0000000000000053       0x54 ./Core/Src/sysmem.o
 .comment       0x0000000000000053       0x54 ./Core/Src/system_stm32f1xx.o
 .comment       0x0000000000000053       0x54 ./Core/Src/tim.o
 .comment       0x0000000000000053       0x54 ./Core/Src/usart.o
 .comment       0x0000000000000053       0x54 ./Drivers/STM32F1xx_HAL_Driver/Src/stm32f1xx_hal.o
 .comment       0x0000000000000053       0x54 ./Drivers/STM32F1xx_HAL_Driver/Src/stm32f1xx_hal_cortex.o
 .comment       0x0000000000000053       0x54 ./Drivers/STM32F1xx_HAL_Driver/Src/stm32f1xx_hal_gpio.o
 .comment       0x0000000000000053       0x54 ./Drivers/STM32F1xx_HAL_Driver/Src/stm32f1xx_hal_pwr.o
 .comment       0x0000000000000053       0x54 ./Drivers/STM32F1xx_HAL_Driver/Src/stm32f1xx_hal_rcc.o
 .comment       0x0000000000000053       0x54 ./Drivers/STM32F1xx_HAL_Driver/Src/stm32f1xx_hal_rcc_ex.o
 .comment       0x0000000000000053       0x54 ./Drivers/STM32F1xx_HAL_Driver/Src/stm32f1xx_hal_rtc.o
 .comment       0x0000000000000053       0x54 ./Drivers/STM32F1xx_HAL_Driver/Src/stm32f1xx_hal_rtc_ex.o
 .comment       0x0000000000000053       0x54 ./Drivers/STM32F1xx_HAL_Driver/Src/stm32f1xx_hal_spi.o