main.c:241:6:SystemClock_Config	96	static,ignoring_inline_asm
main.c:283:6:send_iot_status	24	static
main.c:344:6:eeprom_write	0	static
main.c:338:6:store_credit_eeprom	8	static
main.c:384:6:set_add_duration_of_function	0	static
main.c:421:6:set_substract_duration_of_function	0	static
main.c:457:6:segment_display_function_settings	16	static
main.c:297:6:display_menu	8	static
main.c:507:9:get_function_duration	0	static
main.c:603:6:do_500ms_tick	0	static
main.c:619:6:do_300ms_tick	8	static
main.c:639:6:init_display	8	static
main.c:645:6:reset_all_pins	8	static
main.c:531:6:reset_all_state	8	static
main.c:563:6:decrease_credit	56	static
main.c:582:6:do_1sec_tick	56	static
main.c:655:6:set_output_to	16	static
main.c:697:6:do_operation	8	static
main.c:706:9:read_button	24	static
main.c:318:6:setting_menu_loop	8	static
main.c:754:6:segment_display_int	8	static
main.c:624:6:do_400ms_tick	8	static
main.c:769:6:segment_display_off	8	static
main.c:778:6:segment_display_standby	8	static
main.c:606:6:do_200ms_tick	0	static
main.c:467:6:HAL_TIM_PeriodElapsedCallback	24	static
main.c:818:6:add_bank_note_credit	96	static
main.c:846:6:add_coin_credit	56	static
main.c:871:10:read_credit_eeprom	16	static
main.c:877:6:read_settings_from_eeprom	72	static
main.c:157:5:main	16	static
main.c:925:6:HAL_GPIO_EXTI_Callback	88	static
main.c:948:6:Error_Handler	0	static,ignoring_inline_asm
