main.c:229:6:SystemClock_Config	96	static,ignoring_inline_asm
main.c:271:6:send_iot_status	24	static
main.c:326:6:eeprom_write	0	static
main.c:363:6:set_add_duration_of_function	0	static
main.c:400:6:set_substract_duration_of_function	0	static
main.c:436:6:segment_display_function_settings	16	static
main.c:285:6:display_menu	8	static
main.c:486:9:get_function_duration	0	static
main.c:569:6:do_500ms_tick	0	static
main.c:585:6:do_300ms_tick	0	static
main.c:604:6:init_display	8	static
main.c:610:6:reset_all_pins	8	static
main.c:510:6:reset_all_state	16	static
main.c:529:6:decrease_credit	56	static
main.c:548:6:do_1sec_tick	56	static
main.c:620:6:set_output_to	16	static
main.c:658:6:do_operation	8	static
main.c:667:9:read_button	24	static
main.c:306:6:setting_menu_loop	8	static
main.c:715:6:segment_display_int	8	static
main.c:589:6:do_400ms_tick	8	static
main.c:730:6:segment_display_off	8	static
main.c:739:6:segment_display_standby	8	static
main.c:572:6:do_200ms_tick	48	static
main.c:446:6:HAL_TIM_PeriodElapsedCallback	72	static
main.c:779:6:add_bank_note_credit	96	static
main.c:812:6:add_coin_credit	48	static
main.c:843:6:HAL_TIM_IC_CaptureCallback	64	static
main.c:916:6:read_settings_from_eeprom	72	static
main.c:146:5:main	24	static
main.c:969:6:Error_Handler	0	static,ignoring_inline_asm
