main.c:239:6:SystemClock_Config	96	static,ignoring_inline_asm
main.c:281:6:send_iot_status	24	static
main.c:342:6:eeprom_write	0	static
main.c:336:6:store_credit_eeprom	8	static
main.c:382:6:set_add_duration_of_function	0	static
main.c:419:6:set_substract_duration_of_function	0	static
main.c:455:6:segment_display_function_settings	16	static
main.c:295:6:display_menu	8	static
main.c:505:9:get_function_duration	0	static
main.c:548:6:stop_acceptors	8	static
main.c:556:6:start_acceptors	8	static
main.c:601:6:do_500ms_tick	0	static
main.c:617:6:do_300ms_tick	8	static
main.c:637:6:init_display	8	static
main.c:643:6:reset_all_pins	8	static
main.c:529:6:reset_all_state	8	static
main.c:561:6:decrease_credit	56	static
main.c:580:6:do_1sec_tick	56	static
main.c:653:6:set_output_to	16	static
main.c:696:6:do_operation	8	static
main.c:705:9:read_button	24	static
main.c:316:6:setting_menu_loop	8	static
main.c:760:6:segment_display_int	8	static
main.c:622:6:do_400ms_tick	8	static
main.c:775:6:segment_display_off	8	static
main.c:784:6:segment_display_standby	8	static
main.c:604:6:do_200ms_tick	48	static
main.c:465:6:HAL_TIM_PeriodElapsedCallback	72	static
main.c:824:6:add_bank_note_credit	96	static
main.c:858:6:add_coin_credit	56	static
main.c:890:6:HAL_TIM_IC_CaptureCallback	64	static
main.c:963:10:read_credit_eeprom	16	static
main.c:969:6:read_settings_from_eeprom	72	static
main.c:154:5:main	16	static
main.c:1022:6:Error_Handler	0	static,ignoring_inline_asm
