main.c:251:6:SystemClock_Config	96	static,ignoring_inline_asm
main.c:293:6:disable_exti	8	static
main.c:299:6:enable_exti	8	static
main.c:309:6:send_iot_status	24	static
main.c:370:6:eeprom_write	0	static
main.c:364:6:store_credit_eeprom	8	static
main.c:410:6:set_add_duration_of_function	0	static
main.c:447:6:set_substract_duration_of_function	0	static
main.c:483:6:segment_display_function_settings	16	static
main.c:323:6:display_menu	8	static
main.c:533:9:get_function_duration	0	static
main.c:632:6:do_500ms_tick	0	static
main.c:648:6:do_300ms_tick	8	static
main.c:668:6:init_display	8	static
main.c:674:6:reset_all_pins	8	static
main.c:557:6:reset_all_state	8	static
main.c:589:6:decrease_credit	56	static
main.c:608:6:do_1sec_tick	56	static
main.c:685:6:set_output_to	72	static,ignoring_inline_asm
main.c:735:6:do_operation	8	static
main.c:744:9:read_button	24	static
main.c:344:6:setting_menu_loop	8	static
main.c:792:6:segment_display_int	8	static
main.c:653:6:do_400ms_tick	8	static
main.c:807:6:segment_display_off	8	static
main.c:816:6:segment_display_standby	8	static
main.c:635:6:do_200ms_tick	0	static
main.c:493:6:HAL_TIM_PeriodElapsedCallback	24	static
main.c:856:6:add_bank_note_credit	96	static
main.c:884:6:add_coin_credit	56	static
main.c:909:10:read_credit_eeprom	16	static
main.c:915:6:read_settings_from_eeprom	72	static
main.c:164:5:main	16	static
main.c:963:6:HAL_GPIO_EXTI_Callback	88	static
main.c:986:6:Error_Handler	0	static,ignoring_inline_asm
