main.c:252:6:SystemClock_Config	96	static,ignoring_inline_asm
main.c:294:6:disable_exti	8	static
main.c:300:6:enable_exti	8	static
main.c:310:6:send_iot_status	24	static
main.c:371:6:eeprom_write	0	static
main.c:365:6:store_credit_eeprom	8	static
main.c:411:6:set_add_duration_of_function	0	static
main.c:448:6:set_substract_duration_of_function	0	static
main.c:484:6:segment_display_function_settings	16	static
main.c:324:6:display_menu	8	static
main.c:534:9:get_function_duration	0	static
main.c:633:6:do_500ms_tick	0	static
main.c:649:6:do_300ms_tick	8	static
main.c:669:6:init_display	8	static
main.c:675:6:reset_all_pins	64	static,ignoring_inline_asm
main.c:558:6:reset_all_state	8	static
main.c:590:6:decrease_credit	56	static
main.c:609:6:do_1sec_tick	56	static
main.c:700:6:set_output_to	72	static,ignoring_inline_asm
main.c:752:6:do_operation	8	static
main.c:761:9:read_button	24	static
main.c:345:6:setting_menu_loop	8	static
main.c:809:6:segment_display_int	8	static
main.c:654:6:do_400ms_tick	8	static
main.c:824:6:segment_display_off	8	static
main.c:833:6:segment_display_standby	8	static
main.c:636:6:do_200ms_tick	0	static
main.c:494:6:HAL_TIM_PeriodElapsedCallback	24	static
main.c:873:6:add_bank_note_credit	96	static
main.c:901:6:add_coin_credit	48	static
main.c:926:10:read_credit_eeprom	16	static
main.c:932:6:read_settings_from_eeprom	72	static
main.c:164:5:main	16	static
main.c:980:6:HAL_GPIO_EXTI_Callback	88	static
main.c:1003:6:Error_Handler	0	static,ignoring_inline_asm
