max7219.c:85:6:max7219_SendData	24	static
max7219.c:55:6:max7219_SetIntensivity	0	static
max7219.c:65:6:max7219_DisableDisplayTest	0	static
max7219.c:70:6:max7219_Clean	16	static
max7219.c:93:6:max7219_Turn_On	8	static
max7219.c:99:6:max7219_Turn_Off	8	static
max7219.c:45:6:max7219_Init	8	static
max7219.c:105:6:max7219_Decode_On	0	static
max7219.c:111:6:max7219_Decode_Off	0	static
max7219.c:117:6:max7219_PrintDigit	16	static
max7219.c:149:16:max7219_PrintItos	24	static
max7219.c:197:16:max7219_PrintNtos	24	static
max7219.c:222:16:max7219_PrintFtos	24	static
