main.c:152:5:main	16	static
main.c:235:6:SystemClock_Config	88	static
main.c:277:6:send_iot_status	24	static
main.c:291:6:display_menu	16	static
main.c:312:6:setting_menu_loop	16	static
main.c:332:6:store_credit_eeprom	24	static
main.c:338:6:eeprom_write	16	static
main.c:378:6:set_add_duration_of_function	16	static
main.c:415:6:set_substract_duration_of_function	16	static
main.c:451:6:segment_display_function_settings	16	static
main.c:461:6:HAL_TIM_PeriodElapsedCallback	56	static
main.c:501:9:get_function_duration	24	static
main.c:525:6:reset_all_state	8	static
main.c:544:6:decrease_credit	48	static
main.c:563:6:do_1sec_tick	48	static
main.c:584:6:do_500ms_tick	4	static
main.c:587:6:do_200ms_tick	48	static
main.c:600:6:do_300ms_tick	8	static
main.c:605:6:do_400ms_tick	8	static
main.c:620:6:init_display	8	static
main.c:626:6:reset_all_pins	8	static
main.c:636:6:set_output_to	16	static
main.c:674:6:do_operation	8	static
main.c:683:9:read_button	8	static
main.c:731:6:segment_display_int	16	static
main.c:746:6:segment_display_off	8	static
main.c:755:6:segment_display_standby	8	static
main.c:795:6:add_bank_note_credit	128	static
main.c:829:6:add_coin_credit	88	static
main.c:861:6:HAL_TIM_IC_CaptureCallback	56	static
main.c:934:10:read_credit_eeprom	16	static
main.c:940:6:read_settings_from_eeprom	48	static
main.c:993:6:Error_Handler	4	static,ignoring_inline_asm
